Component: ARM Compiler 5.06 update 6 (build 750) Tool: armlink [4d35ed]

==============================================================================

Section Cross References

    main.o(i.ADC_Read_Avg5) refers to bsp.o(i.Bsp_ADC_Read_Thermistor) for Bsp_ADC_Read_Thermistor
    main.o(i.Blink_500ms) refers to app_oled.o(i.UI_BlinkValue_Speed) for UI_BlinkValue_Speed
    main.o(i.Blink_500ms) refers to app_oled.o(i.UI_BlinkValue_Cur) for UI_BlinkValue_Cur
    main.o(i.Blink_500ms) refers to app_config.o(.data) for g_state
    main.o(i.Blink_500ms) refers to main.o(.data) for g_blink_phase
    main.o(i.Blink_Reset_On) refers to app_oled.o(i.UI_BlinkValue_Speed) for UI_BlinkValue_Speed
    main.o(i.Blink_Reset_On) refers to app_oled.o(i.UI_BlinkValue_Cur) for UI_BlinkValue_Cur
    main.o(i.Blink_Reset_On) refers to main.o(.data) for g_blink_phase
    main.o(i.Blink_Reset_On) refers to app_config.o(.data) for g_tick_ms
    main.o(i.Enc_GetDelta) refers to bsp.o(i.Bsp_Encoder1_Get) for Bsp_Encoder1_Get
    main.o(i.Enc_GetDelta) refers to app_config.o(.data) for g_enc_last
    main.o(i.Go_Home) refers to app_config.o(.data) for g_state
    main.o(i.Handle_CalStep1) refers to app_calib.o(i.Calib_Step1) for Calib_Step1
    main.o(i.Handle_CalStep1) refers to app_oled.o(i.UI_Render_Cal_Step1_OK) for UI_Render_Cal_Step1_OK
    main.o(i.Handle_CalStep1) refers to app_oled.o(i.UI_Render_Cal_Comm_Fail) for UI_Render_Cal_Comm_Fail
    main.o(i.Handle_CalStep1) refers to main.o(i.Go_Home) for Go_Home
    main.o(i.Handle_CalStep1) refers to app_config.o(.data) for g_dirty_all
    main.o(i.Handle_CalStep1) refers to main.o(.data) for result_shown
    main.o(i.Handle_CalStep2) refers to app_calib.o(i.Calib_Step2) for Calib_Step2
    main.o(i.Handle_CalStep2) refers to app_oled.o(i.UI_Render_Cal_Step2_OK) for UI_Render_Cal_Step2_OK
    main.o(i.Handle_CalStep2) refers to app_oled.o(i.UI_Render_Cal_Step2_Fail) for UI_Render_Cal_Step2_Fail
    main.o(i.Handle_CalStep2) refers to main.o(i.Go_Home) for Go_Home
    main.o(i.Handle_CalStep2) refers to app_config.o(.data) for g_dirty_all
    main.o(i.Handle_CalStep2) refers to main.o(.data) for done_shown
    main.o(i.Handle_CurEdit) refers to main.o(i.Blink_Reset_On) for Blink_Reset_On
    main.o(i.Handle_CurEdit) refers to main.o(i.Save_Draft) for Save_Draft
    main.o(i.Handle_CurEdit) refers to main.o(i.Save_And_Go_Home) for Save_And_Go_Home
    main.o(i.Handle_CurEdit) refers to app_config.o(.data) for g_draft_irun
    main.o(i.Handle_Home) refers to app_config.o(.data) for g_home_focus
    main.o(i.Handle_Home) refers to app_config.o(.bss) for g_cfg
    main.o(i.Handle_MotorMenu) refers to main.o(i.Go_Home) for Go_Home
    main.o(i.Handle_MotorMenu) refers to app_config.o(.data) for g_motor_focus
    main.o(i.Handle_PrintRun) refers to app_print.o(i.Print_Run) for Print_Run
    main.o(i.Handle_PrintRun) refers to delay.o(i.delay_ms) for delay_ms
    main.o(i.Handle_PrintRun) refers to app_oled.o(i.UI_Render_Print_Done) for UI_Render_Print_Done
    main.o(i.Handle_PrintRun) refers to main.o(i.Go_Home) for Go_Home
    main.o(i.Handle_ScanRun) refers to app_oled.o(i.UI_Render_Scan) for UI_Render_Scan
    main.o(i.Handle_ScanRun) refers to app_scan.o(i.Scan_Process) for Scan_Process
    main.o(i.Handle_ScanRun) refers to app_oled.o(i.UI_Render_Scan_Fail) for UI_Render_Scan_Fail
    main.o(i.Handle_ScanRun) refers to app_scan.o(i.Scan_Start) for Scan_Start
    main.o(i.Handle_ScanRun) refers to main.o(i.Go_Home) for Go_Home
    main.o(i.Handle_ScanRun) refers to app_config.o(.data) for g_dirty_all
    main.o(i.Handle_ScanRun) refers to main.o(.data) for scan_start_ms
    main.o(i.Handle_ScanRun) refers to main.o(.bss) for scan_result
    main.o(i.Handle_ScanRun) refers to app_config.o(.bss) for g_scan_buf
    main.o(i.Handle_SpeedEdit) refers to main.o(i.Blink_Reset_On) for Blink_Reset_On
    main.o(i.Handle_SpeedEdit) refers to main.o(i.Save_Draft) for Save_Draft
    main.o(i.Handle_SpeedEdit) refers to main.o(i.Save_And_Go_Home) for Save_And_Go_Home
    main.o(i.Handle_SpeedEdit) refers to app_config.o(.data) for g_draft_rpm
    main.o(i.Save_And_Go_Home) refers to main.o(i.Save_Draft) for Save_Draft
    main.o(i.Save_And_Go_Home) refers to app_config.o(.data) for g_state
    main.o(i.Save_Draft) refers to stm32f10x_tim.o(i.TIM_SetAutoreload) for TIM_SetAutoreload
    main.o(i.Save_Draft) refers to app_motor.o(i.TMC_Write_IRUN) for TMC_Write_IRUN
    main.o(i.Save_Draft) refers to delay.o(i.delay_ms) for delay_ms
    main.o(i.Save_Draft) refers to app_flash.o(i.Flash_Save_Config) for Flash_Save_Config
    main.o(i.Save_Draft) refers to app_config.o(.data) for g_edit_motor
    main.o(i.Save_Draft) refers to app_config.o(.bss) for g_cfg
    main.o(i.TMC_Diag_Show) refers to app_oled.o(i.OLED_Clear) for OLED_Clear
    main.o(i.TMC_Diag_Show) refers to app_motor.o(i.TMC_Probe_Slave) for TMC_Probe_Slave
    main.o(i.TMC_Diag_Show) refers to delay.o(i.delay_ms) for delay_ms
[...]
    i.TIM_SetIC4Prescaler                    0x080037c6   Section        0  stm32f10x_tim.o(i.TIM_SetIC4Prescaler)
    i.TIM_TimeBaseInit                       0x080037e0   Section        0  stm32f10x_tim.o(i.TIM_TimeBaseInit)
    i.TMC_Write_CHOPCONF                     0x08003884   Section        0  app_motor.o(i.TMC_Write_CHOPCONF)
    i.TMC_Write_GCONF                        0x080038dc   Section        0  app_motor.o(i.TMC_Write_GCONF)
    i.TMC_Write_IRUN                         0x08003922   Section        0  app_motor.o(i.TMC_Write_IRUN)
    i.Temp_1Hz                               0x0800399c   Section        0  main.o(i.Temp_1Hz)
    Temp_1Hz                                 0x0800399d   Thumb Code    40  main.o(i.Temp_1Hz)
    i.UI_BlinkValue_Cur                      0x080039d0   Section        0  app_oled.o(i.UI_BlinkValue_Cur)
    i.UI_BlinkValue_Speed                    0x08003a94   Section        0  app_oled.o(i.UI_BlinkValue_Speed)
    i.UI_Render_Cal_Comm_Fail                0x08003af0   Section        0  app_oled.o(i.UI_Render_Cal_Comm_Fail)
    i.UI_Render_Cal_Step1_OK                 0x08003b34   Section        0  app_oled.o(i.UI_Render_Cal_Step1_OK)
    i.UI_Render_Cal_Step2_Fail               0x08003b74   Section        0  app_oled.o(i.UI_Render_Cal_Step2_Fail)
    i.UI_Render_Cal_Step2_OK                 0x08003bb4   Section        0  app_oled.o(i.UI_Render_Cal_Step2_OK)
    i.UI_Render_CurEdit                      0x08003c8c   Section        0  app_oled.o(i.UI_Render_CurEdit)
    i.UI_Render_Home                         0x08003cc0   Section        0  app_oled.o(i.UI_Render_Home)
    i.UI_Render_MotorMenu                    0x08003d2c   Section        0  app_oled.o(i.UI_Render_MotorMenu)
    i.UI_Render_Overlay_Status               0x08003d88   Section        0  app_oled.o(i.UI_Render_Overlay_Status)
    i.UI_Render_Overlay_Temp                 0x08003dd4   Section        0  app_oled.o(i.UI_Render_Overlay_Temp)
    i.UI_Render_Print_Done                   0x08003dd8   Section        0  app_oled.o(i.UI_Render_Print_Done)
    i.UI_Render_Print_Running                0x08003e04   Section        0  app_oled.o(i.UI_Render_Print_Running)
    i.UI_Render_Scan                         0x08003e30   Section        0  app_oled.o(i.UI_Render_Scan)
    i.UI_Render_Scan_Fail                    0x08003eec   Section        0  app_oled.o(i.UI_Render_Scan_Fail)
    i.UI_Render_SpeedEdit                    0x08003f18   Section        0  app_oled.o(i.UI_Render_SpeedEdit)
    i.USART1_IRQHandler                      0x08003f4c   Section        0  stm32f10x_it.o(i.USART1_IRQHandler)
    i.USART2_IRQHandler                      0x08003f88   Section        0  stm32f10x_it.o(i.USART2_IRQHandler)
    i.USART3_IRQHandler                      0x08003ff0   Section        0  stm32f10x_it.o(i.USART3_IRQHandler)
    i.USART_ClearITPendingBit                0x0800400c   Section        0  stm32f10x_usart.o(i.USART_ClearITPendingBit)
    i.USART_Cmd                              0x0800402a   Section        0  stm32f10x_usart.o(i.USART_Cmd)
    i.USART_GetFlagStatus                    0x08004042   Section        0  stm32f10x_usart.o(i.USART_GetFlagStatus)
    i.USART_GetITStatus                      0x0800405c   Section        0  stm32f10x_usart.o(i.USART_GetITStatus)
    i.USART_ITConfig                         0x080040b0   Section        0  stm32f10x_usart.o(i.USART_ITConfig)
    i.USART_Init                             0x080040fc   Section        0  stm32f10x_usart.o(i.USART_Init)
    i.USART_ReceiveData                      0x080041d4   Section        0  stm32f10x_usart.o(i.USART_ReceiveData)
    i.USART_SendData                         0x080041de   Section        0  stm32f10x_usart.o(i.USART_SendData)
    i.UsageFault_Handler                     0x080041e6   Section        0  stm32f10x_it.o(i.UsageFault_Handler)
    i.delay_init                             0x080041ec   Section        0  delay.o(i.delay_init)
    i.delay_ms                               0x08004230   Section        0  delay.o(i.delay_ms)
    i.main                                   0x0800427c   Section        0  main.o(i.main)
    i.man_recv_bit                           0x08004514   Section        0  app_calib.o(i.man_recv_bit)
    man_recv_bit                             0x08004515   Thumb Code    24  app_calib.o(i.man_recv_bit)
    i.man_recv_bits                          0x08004530   Section        0  app_calib.o(i.man_recv_bits)
    man_recv_bits                            0x08004531   Thumb Code    30  app_calib.o(i.man_recv_bits)
    i.man_send_bit                           0x08004550   Section        0  app_calib.o(i.man_send_bit)
    man_send_bit                             0x08004551   Thumb Code    58  app_calib.o(i.man_send_bit)
    i.man_send_bits                          0x08004594   Section        0  app_calib.o(i.man_send_bits)
    man_send_bits                            0x08004595   Thumb Code    34  app_calib.o(i.man_send_bits)
    i.pa9_set_rx                             0x080045b8   Section        0  app_motor.o(i.pa9_set_rx)
    pa9_set_rx                               0x080045b9   Thumb Code    32  app_motor.o(i.pa9_set_rx)
    i.pa9_set_tx                             0x080045dc   Section        0  app_motor.o(i.pa9_set_tx)
    pa9_set_tx                               0x080045dd   Thumb Code    32  app_motor.o(i.pa9_set_tx)
    i.scan_buf_reset                         0x08004600   Section        0  app_scan.o(i.scan_buf_reset)
    scan_buf_reset                           0x08004601   Thumb Code    22  app_scan.o(i.scan_buf_reset)
    i.scan_probe                             0x08004620   Section        0  app_scan.o(i.scan_probe)
    scan_probe                               0x08004621   Thumb Code    64  app_scan.o(i.scan_probe)
    i.send_preamble                          0x0800466c   Section        0  app_calib.o(i.send_preamble)
    send_preamble                            0x0800466d   Thumb Code    22  app_calib.o(i.send_preamble)
    i.tmc_clear_rx                           0x08004684   Section        0  app_motor.o(i.tmc_clear_rx)
    tmc_clear_rx                             0x08004685   Thumb Code    22  app_motor.o(i.tmc_clear_rx)
    i.tmc_crc8                               0x080046a4   Section        0  app_motor.o(i.tmc_crc8)
    tmc_crc8                                 0x080046a5   Thumb Code    64  app_motor.o(i.tmc_crc8)
    i.tmc_init_one                           0x080046e4   Section        0  app_motor.o(i.tmc_init_one)
    tmc_init_one                             0x080046e5   Thumb Code   130  app_motor.o(i.tmc_init_one)
    i.tmc_read_reg                           0x08004768   Section        0  app_motor.o(i.tmc_read_reg)
    tmc_read_reg                             0x08004769   Thumb Code   234  app_motor.o(i.tmc_read_reg)
    i.tmc_send_byte                          0x08004860   Section        0  app_motor.o(i.tmc_send_byte)
    tmc_send_byte                            0x08004861   Thumb Code    36  app_motor.o(i.tmc_send_byte)
    i.tmc_wait_tc                            0x08004888   Section        0  app_motor.o(i.tmc_wait_tc)
    tmc_wait_tc                              0x08004889   Thumb Code    18  app_motor.o(i.tmc_wait_tc)
    i.tmc_write_reg                          0x080048a0   Section        0  app_motor.o(i.tmc_write_reg)
    tmc_write_reg                            0x080048a1   Thumb Code   102  app_motor.o(i.tmc_write_reg)
    i.tmc_write_tpwmthrs                     0x08004906   Section        0  app_motor.o(i.tmc_write_tpwmthrs)
    tmc_write_tpwmthrs                       0x08004907   Thumb Code    92  app_motor.o(i.tmc_write_tpwmthrs)
    i.uint_to_str                            0x08004962   Section        0  app_oled.o(i.uint_to_str)
    uint_to_str                              0x08004963   Thumb Code    84  app_oled.o(i.uint_to_str)
    i.usart2_send                            0x080049b8   Section        0  app_scan.o(i.usart2_send)
    usart2_send                              0x080049b9   Thumb Code    28  app_scan.o(i.usart2_send)
    i.usart2_send_n                          0x080049d8   Section        0  app_scan.o(i.usart2_send_n)
    usart2_send_n                            0x080049d9   Thumb Code    40  app_scan.o(i.usart2_send_n)
    i.usart2_set_baud                        0x08004a04   Section        0  app_scan.o(i.usart2_set_baud)
    usart2_set_baud                          0x08004a05   Thumb Code    56  app_scan.o(i.usart2_set_baud)
    i.usart3_send                            0x08004a40   Section        0  app_print.o(i.usart3_send)
    usart3_send                              0x08004a41   Thumb Code    28  app_print.o(i.usart3_send)
    i.usart3_send_str                        0x08004a60   Section        0  app_print.o(i.usart3_send_str)
    usart3_send_str                          0x08004a61   Thumb Code    22  app_print.o(i.usart3_send_str)
    i.write_bank2                            0x08004a78   Section        0  app_calib.o(i.write_bank2)
    write_bank2                              0x08004a79   Thumb Code   114  app_calib.o(i.write_bank2)
    .constdata                               0x08004af8   Section     3219  app_oled.o(.constdata)
    g_font8x16                               0x08004af8   Data        1520  app_oled.o(.constdata)
    g_cjk16x16                               0x080050e8   Data        1664  app_oled.o(.constdata)
    init_seq                                 0x08005768   Data          23  app_oled.o(.constdata)
    btn_y                                    0x0800577f   Data           3  app_oled.o(.constdata)
    btn_h                                    0x08005782   Data           3  app_oled.o(.constdata)
    btn_focus                                0x08005785   Data           3  app_oled.o(.constdata)
    COL_CX                                   0x08005788   Data           3  app_oled.o(.constdata)
    .constdata                               0x0800578b   Section       12  app_scan.o(.constdata)
    SCAN_CMD                                 0x0800578b   Data          12  app_scan.o(.constdata)
    .constdata                               0x08005798   Section       20  app_print.o(.constdata)
    lines                                    0x08005798   Data          20  app_print.o(.constdata)
    .conststring                             0x080057ac   Section       12  app_oled.o(.conststring)
    .conststring                             0x080057b8   Section       36  app_print.o(.conststring)
    .data                                    0x20000000   Section       52  main.o(.data)
    g_blink_phase                            0x20000000   Data           1  main.o(.data)
    g_blink_tick                             0x20000004   Data           4  main.o(.data)
    scan_start_ms                            0x20000008   Data           4  main.o(.data)
    last_rx_ms                               0x2000000c   Data           4  main.o(.data)
    scan_done                                0x20000010   Data           1  main.o(.data)
    result_ms                                0x20000014   Data           4  main.o(.data)
    result_shown                             0x20000018   Data           1  main.o(.data)
    fail_ms                                  0x2000001c   Data           4  main.o(.data)
    done_shown                               0x20000020   Data           1  main.o(.data)
    result_ms                                0x20000024   Data           4  main.o(.data)
    retry_cnt                                0x20000028   Data           1  main.o(.data)
    step2_ok                                 0x20000029   Data           1  main.o(.data)
    agc_val                                  0x2000002a   Data           1  main.o(.data)
    led_val                                  0x2000002c   Data           2  main.o(.data)
    ref_val                                  0x2000002e   Data           1  main.o(.data)
    temp_tick                                0x20000030   Data           4  main.o(.data)
    .data                                    0x20000034   Section       20  system_stm32f10x.o(.data)
    .data                                    0x20000048   Section       50  app_config.o(.data)
    .data                                    0x2000007c   Section       20  app_oled.o(.data)
    g_fb_dirty                               0x2000007c   Data           8  app_oled.o(.data)
    btn_labels                               0x20000084   Data          12  app_oled.o(.data)
    .data                                    0x20000090   Section        4  app_scan.o(.data)
    g_learned_baud                           0x20000090   Data           4  app_scan.o(.data)
    .data                                    0x20000094   Section        6  app_osc.o(.data)
    osc_steps_go                             0x20000096   Data           2  app_osc.o(.data)
    osc_dir_initial                          0x20000098   Data           1  app_osc.o(.data)
    osc_last_sw1                             0x20000099   Data           1  app_osc.o(.data)
    .data                                    0x2000009a   Section        4  delay.o(.data)
    fac_us                                   0x2000009a   Data           1  delay.o(.data)
    fac_ms                                   0x2000009c   Data           2  delay.o(.data)
    .data                                    0x2000009e   Section       20  stm32f10x_rcc.o(.data)
    APBAHBPrescTable                         0x2000009e   Data          16  stm32f10x_rcc.o(.data)
    ADCPrescTable                            0x200000ae   Data           4  stm32f10x_rcc.o(.data)
    .bss                                     0x200000b4   Section       64  main.o(.bss)
    scan_result                              0x200000b4   Data          64  main.o(.bss)
    .bss                                     0x200000f4   Section      166  app_config.o(.bss)
    .bss                                     0x2000019c   Section       24  app_motor.o(.bss)
    g_ramp                                   0x2000019c   Data          24  app_motor.o(.bss)
    .bss                                     0x200001b4   Section     1024  app_oled.o(.bss)
    g_fb                                     0x200001b4   Data        1024  app_oled.o(.bss)
    .bss                                     0x200005b4   Section       96  libspace.o(.bss)
    HEAP                                     0x20000618   Section      512  startup_stm32f10x_hd.o(HEAP)
    Heap_Mem                                 0x20000618   Data         512  startup_stm32f10x_hd.o(HEAP)
    STACK                                    0x20000818   Section     1024  startup_stm32f10x_hd.o(STACK)
    Stack_Mem                                0x20000818   Data        1024  startup_stm32f10x_hd.o(STACK)
    __initial_sp                             0x20000c18   Data           0  startup_stm32f10x_hd.o(STACK)

    Global Symbols

    Symbol Name                              Value     Ov Type        Size  Object(Section)

    BuildAttributes$$THM_ISAv4$P$D$K$B$S$PE$A:L22UL41UL21$X:L11$S22US41US21$IEEE1$IW$USESV6$~STKCKD$USESV7$~SHL$OSPACE$ROPI$EBA8$UX$STANDARDLIB$REQ8$PRES8$EABIv2 0x00000000   Number         0  anon$$obj.o ABSOLUTE
    __ARM_use_no_argv                        0x00000000   Number         0  main.o ABSOLUTE
    __ARM_exceptions_init                     - Undefined Weak Reference
    __alloca_initialize                       - Undefined Weak Reference
    __arm_preinit_                            - Undefined Weak Reference
    __cpp_initialize__aeabi_                  - Undefined Weak Reference
    __cxa_finalize                            - Undefined Weak Reference
    __rt_locale                               - Undefined Weak Reference
    __sigvec_lookup                           - Undefined Weak Reference
    _atexit_init                              - Undefined Weak Reference
    _call_atexit_fns                          - Undefined Weak Reference
    _clock_init                               - Undefined Weak Reference
    _fp_trap_init                             - Undefined Weak Reference
    _fp_trap_shutdown                         - Undefined Weak Reference
    _get_lc_collate                           - Undefined Weak Reference
    _get_lc_ctype                             - Undefined Weak Reference
    _get_lc_monetary                          - Undefined Weak Reference
    _get_lc_numeric                           - Undefined Weak Reference
    _get_lc_time                              - Undefined Weak Reference
    _getenv_init                              - Undefined Weak Reference
    _handle_redirection                       - Undefined Weak Reference
    _init_alloc                               - Undefined Weak Reference
    _init_user_alloc                          - Undefined Weak Reference
    _initio                                   - Undefined Weak Reference
    _rand_init                                - Undefined Weak Reference
    _signal_finish                            - Undefined Weak Reference
    _signal_init                              - Undefined Weak Reference
    _terminate_alloc                          - Undefined Weak Reference
    _terminate_user_alloc                     - Undefined Weak Reference
    _terminateio                              - Undefined Weak Reference
    __Vectors_Size                           0x00000130   Number         0  startup_stm32f10x_hd.o ABSOLUTE
    __Vectors                                0x08000000   Data           4  startup_stm32f10x_hd.o(RESET)
    __Vectors_End                            0x08000130   Data           0  startup_stm32f10x_hd.o(RESET)
    __main                                   0x08000131   Thumb Code     8  __main.o(!!!main)
    __scatterload                            0x08000139   Thumb Code     0  __scatter.o(!!!scatter)
    __scatterload_rt2                        0x08000139   Thumb Code    44  __scatter.o(!!!scatter)
    __scatterload_rt2_thumb_only             0x08000139   Thumb Code     0  __scatter.o(!!!scatter)
    __scatterload_null                       0x08000147   Thumb Code     0  __scatter.o(!!!scatter)
    __scatterload_copy                       0x0800016d   Thumb Code    26  __scatter_copy.o(!!handler_copy)
    __scatterload_zeroinit                   0x08000189   Thumb Code    28  __scatter_zi.o(!!handler_zi)
    __rt_lib_init                            0x080001a5   Thumb Code     0  libinit.o(.ARM.Collect$$libinit$$00000000)
    __rt_lib_init_alloca_1                   0x080001a7   Thumb Code     0  libinit2.o(.ARM.Collect$$libinit$$0000002E)
    __rt_lib_init_argv_1                     0x080001a7   Thumb Code     0  libinit2.o(.ARM.Collect$$libinit$$0000002C)
    __rt_lib_init_atexit_1                   0x080001a7   Thumb Code     0  libinit2.o(.ARM.Collect$$libinit$$0000001B)
    __rt_lib_init_clock_1                    0x080001a7   Thumb Code     0  libinit2.o(.ARM.Collect$$libinit$$00000021)
    __rt_lib_init_cpp_1                      0x080001a7   Thumb Code     0  libinit2.o(.ARM.Collect$$libinit$$00000032)
    __rt_lib_init_exceptions_1               0x080001a7   Thumb Code     0  libinit2.o(.ARM.Collect$$libinit$$00000030)
    __rt_lib_init_fp_1                       0x080001a7   Thumb Code     0  libinit2.o(.ARM.Collect$$libinit$$00000002)
    __rt_lib_init_fp_trap_1                  0x080001a7   Thumb Code     0  libinit2.o(.ARM.Collect$$libinit$$0000001F)
    __rt_lib_init_getenv_1                   0x080001a7   Thumb Code     0  libinit2.o(.ARM.Collect$$libinit$$00000023)
    __rt_lib_init_heap_1                     0x080001a7   Thumb Code     0  libinit2.o(.ARM.Collect$$libinit$$0000000A)
    __rt_lib_init_lc_collate_1               0x080001a7   Thumb Code     0  libinit2.o(.ARM.Collect$$libinit$$00000011)
    __rt_lib_init_lc_ctype_1                 0x080001a7   Thumb Code     0  libinit2.o(.ARM.Collect$$libinit$$00000013)
    __rt_lib_init_lc_monetary_1              0x080001a7   Thumb Code     0  libinit2.o(.ARM.Collect$$libinit$$00000015)
    __rt_lib_init_lc_numeric_1               0x080001a7   Thumb Code     0  libinit2.o(.ARM.Collect$$libinit$$00000017)
    __rt_lib_init_lc_time_1                  0x080001a7   Thumb Code     0  libinit2.o(.ARM.Collect$$libinit$$00000019)
    __rt_lib_init_preinit_1                  0x080001a7   Thumb Code     0  libinit2.o(.ARM.Collect$$libinit$$00000004)
    __rt_lib_init_rand_1                     0x080001a7   Thumb Code     0  libinit2.o(.ARM.Collect$$libinit$$0000000E)
    __rt_lib_init_return                     0x080001a7   Thumb Code     0  libinit2.o(.ARM.Collect$$libinit$$00000033)
    __rt_lib_init_signal_1                   0x080001a7   Thumb Code     0  libinit2.o(.ARM.Collect$$libinit$$0000001D)
    __rt_lib_init_stdio_1                    0x080001a7   Thumb Code     0  libinit2.o(.ARM.Collect$$libinit$$00000025)
    __rt_lib_init_user_alloc_1               0x080001a7   Thumb Code     0  libinit2.o(.ARM.Collect$$libinit$$0000000C)
    __rt_lib_shutdown                        0x080001a9   Thumb Code     0  libshutdown.o(.ARM.Collect$$libshutdown$$00000000)
    __rt_lib_shutdown_cpp_1                  0x080001ab   Thumb Code     0  libshutdown2.o(.ARM.Collect$$libshutdown$$00000002)
    __rt_lib_shutdown_fp_trap_1              0x080001ab   Thumb Code     0  libshutdown2.o(.ARM.Collect$$libshutdown$$00000007)
    __rt_lib_shutdown_heap_1                 0x080001ab   Thumb Code     0  libshutdown2.o(.ARM.Collect$$libshutdown$$0000000F)
    __rt_lib_shutdown_return                 0x080001ab   Thumb Code     0  libshutdown2.o(.ARM.Collect$$libshutdown$$00000010)
    __rt_lib_shutdown_signal_1               0x080001ab   Thumb Code     0  libshutdown2.o(.ARM.Collect$$libshutdown$$0000000A)
    __rt_lib_shutdown_stdio_1                0x080001ab   Thumb Code     0  libshutdown2.o(.ARM.Collect$$libshutdown$$00000004)
    __rt_lib_shutdown_user_alloc_1           0x080001ab   Thumb Code     0  libshutdown2.o(.ARM.Collect$$libshutdown$$0000000C)
    __rt_entry                               0x080001ad   Thumb Code     0  __rtentry.o(.ARM.Collect$$rtentry$$00000000)
    __rt_entry_presh_1                       0x080001ad   Thumb Code     0  __rtentry2.o(.ARM.Collect$$rtentry$$00000002)
    __rt_entry_sh                            0x080001ad   Thumb Code     0  __rtentry4.o(.ARM.Collect$$rtentry$$00000004)
    __rt_entry_li                            0x080001b3   Thumb Code     0  __rtentry2.o(.ARM.Collect$$rtentry$$0000000A)
    __rt_entry_postsh_1                      0x080001b3   Thumb Code     0  __rtentry2.o(.ARM.Collect$$rtentry$$00000009)
    __rt_entry_main                          0x080001b7   Thumb Code     0  __rtentry2.o(.ARM.Collect$$rtentry$$0000000D)
    __rt_entry_postli_1                      0x080001b7   Thumb Code     0  __rtentry2.o(.ARM.Collect$$rtentry$$0000000C)
    __rt_exit                                0x080001bf   Thumb Code     0  rtexit.o(.ARM.Collect$$rtexit$$00000000)
    __rt_exit_ls                             0x080001c1   Thumb Code     0  rtexit2.o(.ARM.Collect$$rtexit$$00000003)
    __rt_exit_prels_1                        0x080001c1   Thumb Code     0  rtexit2.o(.ARM.Collect$$rtexit$$00000002)
    __rt_exit_exit                           0x080001c5   Thumb Code     0  rtexit2.o(.ARM.Collect$$rtexit$$00000004)
    Reset_Handler                            0x080001cd   Thumb Code     8  startup_stm32f10x_hd.o(.text)
    SysTick_Handler                          0x080001e5   Thumb Code     2  startup_stm32f10x_hd.o(.text)
    ADC1_2_IRQHandler                        0x080001e7   Thumb Code     0  startup_stm32f10x_hd.o(.text)
    ADC3_IRQHandler                          0x080001e7   Thumb Code     0  startup_stm32f10x_hd.o(.text)
    CAN1_RX1_IRQHandler                      0x080001e7   Thumb Code     0  startup_stm32f10x_hd.o(.text)
    CAN1_SCE_IRQHandler                      0x080001e7   Thumb Code     0  startup_stm32f10x_hd.o(.text)
    DMA1_Channel1_IRQHandler                 0x080001e7   Thumb Code     0  startup_stm32f10x_hd.o(.text)
    DMA1_Channel2_IRQHandler                 0x080001e7   Thumb Code     0  startup_stm32f10x_hd.o(.text)
    DMA1_Channel3_IRQHandler                 0x080001e7   Thumb Code     0  startup_stm32f10x_hd.o(.text)
    DMA1_Channel4_IRQHandler                 0x080001e7   Thumb Code     0  startup_stm32f10x_hd.o(.text)
    DMA1_Channel5_IRQHandler                 0x080001e7   Thumb Code     0  startup_stm32f10x_hd.o(.text)
    DMA1_Channel6_IRQHandler                 0x080001e7   Thumb Code     0  startup_stm32f10x_hd.o(.text)
    DMA1_Channel7_IRQHandler                 0x080001e7   Thumb Code     0  startup_stm32f10x_hd.o(.text)
    DMA2_Channel1_IRQHandler                 0x080001e7   Thumb Code     0  startup_stm32f10x_hd.o(.text)
    DMA2_Channel2_IRQHandler                 0x080001e7   Thumb Code     0  startup_stm32f10x_hd.o(.text)
    DMA2_Channel3_IRQHandler                 0x080001e7   Thumb Code     0  startup_stm32f10x_hd.o(.text)
    DMA2_Channel4_5_IRQHandler               0x080001e7   Thumb Code     0  startup_stm32f10x_hd.o(.text)
    EXTI0_IRQHandler                         0x080001e7   Thumb Code     0  startup_stm32f10x_hd.o(.text)
    EXTI2_IRQHandler                         0x080001e7   Thumb Code     0  startup_stm32f10x_hd.o(.text)
    FLASH_IRQHandler                         0x080001e7   Thumb Code     0  startup_stm32f10x_hd.o(.text)
    FSMC_IRQHandler                          0x080001e7   Thumb Code     0  startup_stm32f10x_hd.o(.text)
    I2C1_ER_IRQHandler                       0x080001e7   Thumb Code     0  startup_stm32f10x_hd.o(.text)
    I2C1_EV_IRQHandler                       0x080001e7   Thumb Code     0  startup_stm32f10x_hd.o(.text)
    I2C2_ER_IRQHandler                       0x080001e7   Thumb Code     0  startup_stm32f10x_hd.o(.text)
    I2C2_EV_IRQHandler                       0x080001e7   Thumb Code     0  startup_stm32f10x_hd.o(.text)
    PVD_IRQHandler                           0x080001e7   Thumb Code     0  startup_stm32f10x_hd.o(.text)
    RCC_IRQHandler                           0x080001e7   Thumb Code     0  startup_stm32f10x_hd.o(.text)
    RTCAlarm_IRQHandler                      0x080001e7   Thumb Code     0  startup_stm32f10x_hd.o(.text)
    RTC_IRQHandler                           0x080001e7   Thumb Code     0  startup_stm32f10x_hd.o(.text)
    SDIO_IRQHandler                          0x080001e7   Thumb Code     0  startup_stm32f10x_hd.o(.text)
    SPI1_IRQHandler                          0x080001e7   Thumb Code     0  startup_stm32f10x_hd.o(.text)
    SPI2_IRQHandler                          0x080001e7   Thumb Code     0  startup_stm32f10x_hd.o(.text)
    SPI3_IRQHandler                          0x080001e7   Thumb Code     0  startup_stm32f10x_hd.o(.text)
    TAMPER_IRQHandler                        0x080001e7   Thumb Code     0  startup_stm32f10x_hd.o(.text)
    TIM1_BRK_IRQHandler                      0x080001e7   Thumb Code     0  startup_stm32f10x_hd.o(.text)
    TIM1_CC_IRQHandler                       0x080001e7   Thumb Code     0  startup_stm32f10x_hd.o(.text)
    TIM1_TRG_COM_IRQHandler                  0x080001e7   Thumb Code     0  startup_stm32f10x_hd.o(.text)
    TIM1_UP_IRQHandler                       0x080001e7   Thumb Code     0  startup_stm32f10x_hd.o(.text)
    TIM2_IRQHandler                          0x080001e7   Thumb Code     0  startup_stm32f10x_hd.o(.text)
    TIM3_IRQHandler                          0x080001e7   Thumb Code     0  startup_stm32f10x_hd.o(.text)
    TIM5_IRQHandler                          0x080001e7   Thumb Code     0  startup_stm32f10x_hd.o(.text)
    TIM6_IRQHandler                          0x080001e7   Thumb Code     0  startup_stm32f10x_hd.o(.text)
    TIM7_IRQHandler                          0x080001e7   Thumb Code     0  startup_stm32f10x_hd.o(.text)
    TIM8_BRK_IRQHandler                      0x080001e7   Thumb Code     0  startup_stm32f10x_hd.o(.text)
    TIM8_CC_IRQHandler                       0x080001e7   Thumb Code     0  startup_stm32f10x_hd.o(.text)
    TIM8_TRG_COM_IRQHandler                  0x080001e7   Thumb Code     0  startup_stm32f10x_hd.o(.text)
    TIM8_UP_IRQHandler                       0x080001e7   Thumb Code     0  startup_stm32f10x_hd.o(.text)
    UART4_IRQHandler                         0x080001e7   Thumb Code     0  startup_stm32f10x_hd.o(.text)
    UART5_IRQHandler                         0x080001e7   Thumb Code     0  startup_stm32f10x_hd.o(.text)
    USBWakeUp_IRQHandler                     0x080001e7   Thumb Code     0  startup_stm32f10x_hd.o(.text)
    USB_HP_CAN1_TX_IRQHandler                0x080001e7   Thumb Code     0  startup_stm32f10x_hd.o(.text)
    USB_LP_CAN1_RX0_IRQHandler               0x080001e7   Thumb Code     0  startup_stm32f10x_hd.o(.text)
    WWDG_IRQHandler                          0x080001e7   Thumb Code     0  startup_stm32f10x_hd.o(.text)
    __user_initial_stackheap                 0x080001e9   Thumb Code     0  startup_stm32f10x_hd.o(.text)
    __aeabi_memset                           0x0800020d   Thumb Code    16  aeabi_memset.o(.text)
    __aeabi_memclr                           0x0800021d   Thumb Code     0  rt_memclr.o(.text)
    __rt_memclr                              0x0800021d   Thumb Code    68  rt_memclr.o(.text)
    _memset                                  0x08000221   Thumb Code     0  rt_memclr.o(.text)
    __use_two_region_memory                  0x08000261   Thumb Code     2  heapauxi.o(.text)
    __rt_heap_escrow$2region                 0x08000263   Thumb Code     2  heapauxi.o(.text)
    __rt_heap_expand$2region                 0x08000265   Thumb Code     2  heapauxi.o(.text)
    __aeabi_memclr4                          0x08000267   Thumb Code     0  rt_memclr_w.o(.text)
    __aeabi_memclr8                          0x08000267   Thumb Code     0  rt_memclr_w.o(.text)
    __rt_memclr_w                            0x08000267   Thumb Code    78  rt_memclr_w.o(.text)
    _memset_w                                0x0800026b   Thumb Code     0  rt_memclr_w.o(.text)
    __user_setup_stackheap                   0x080002b5   Thumb Code    74  sys_stackheap_outer.o(.text)
    exit                                     0x080002ff   Thumb Code    18  exit.o(.text)
    __user_libspace                          0x08000311   Thumb Code     8  libspace.o(.text)
    __user_perproc_libspace                  0x08000311   Thumb Code     0  libspace.o(.text)
    __user_perthread_libspace                0x08000311   Thumb Code     0  libspace.o(.text)
    _sys_exit                                0x08000319   Thumb Code     8  sys_exit.o(.text)
    __I$use$semihosting                      0x08000325   Thumb Code     0  use_no_semi.o(.text)
    __use_no_semihosting_swi                 0x08000325   Thumb Code     2  use_no_semi.o(.text)
    ADC_Cmd                                  0x08000327   Thumb Code    22  stm32f10x_adc.o(i.ADC_Cmd)
    __semihosting_library_function           0x08000327   Thumb Code     0  indicate_semi.o(.text)
    ADC_DeInit                               0x0800033d   Thumb Code    78  stm32f10x_adc.o(i.ADC_DeInit)
    ADC_GetCalibrationStatus                 0x08000399   Thumb Code    20  stm32f10x_adc.o(i.ADC_GetCalibrationStatus)
    ADC_GetConversionValue                   0x080003ad   Thumb Code     8  stm32f10x_adc.o(i.ADC_GetConversionValue)
    ADC_GetFlagStatus                        0x080003b5   Thumb Code    18  stm32f10x_adc.o(i.ADC_GetFlagStatus)
    ADC_GetResetCalibrationStatus            0x080003c7   Thumb Code    20  stm32f10x_adc.o(i.ADC_GetResetCalibrationStatus)
    ADC_Init                                 0x080003dd   Thumb Code    70  stm32f10x_adc.o(i.ADC_Init)
    ADC_RegularChannelConfig                 0x0800044d   Thumb Code   184  stm32f10x_adc.o(i.ADC_RegularChannelConfig)
    ADC_ResetCalibration                     0x08000505   Thumb Code    10  stm32f10x_adc.o(i.ADC_ResetCalibration)
    ADC_SoftwareStartConvCmd                 0x0800050f   Thumb Code    22  stm32f10x_adc.o(i.ADC_SoftwareStartConvCmd)
    ADC_StartCalibration                     0x08000525   Thumb Code    10  stm32f10x_adc.o(i.ADC_StartCalibration)
    Bsp_ADC1_Init                            0x080005e9   Thumb Code   124  bsp.o(i.Bsp_ADC1_Init)
    Bsp_ADC_Read_Thermistor                  0x0800066d   Thumb Code    44  bsp.o(i.Bsp_ADC_Read_Thermistor)
    Bsp_Clock_Init                           0x0800069d   Thumb Code   132  bsp.o(i.Bsp_Clock_Init)
    Bsp_EXTI_Init                            0x0800072d   Thumb Code   236  bsp.o(i.Bsp_EXTI_Init)
    Bsp_Encoder1_Get                         0x08000819   Thumb Code    14  bsp.o(i.Bsp_Encoder1_Get)
    Bsp_GPIO_Init                            0x08000829   Thumb Code   196  bsp.o(i.Bsp_GPIO_Init)
    Bsp_I2C1_Init                            0x08000901   Thumb Code   104  bsp.o(i.Bsp_I2C1_Init)
    Bsp_Init                                 0x08000975   Thumb Code    70  bsp.o(i.Bsp_Init)
    Bsp_Motor_Start                          0x080009bd   Thumb Code   100  bsp.o(i.Bsp_Motor_Start)
    Bsp_Motor_Stop                           0x08000a2d   Thumb Code    42  bsp.o(i.Bsp_Motor_Stop)
    Bsp_TIM1_StepCounter_Init                0x08000a61   Thumb Code    78  bsp.o(i.Bsp_TIM1_StepCounter_Init)
    Bsp_TIM2_Encoder_Init                    0x08000ab5   Thumb Code   148  bsp.o(i.Bsp_TIM2_Encoder_Init)
    Bsp_TIM3_PWM_Init                        0x08000b4d   Thumb Code   158  bsp.o(i.Bsp_TIM3_PWM_Init)
    Bsp_TIM4_Tick_Init                       0x08000bf5   Thumb Code    90  bsp.o(i.Bsp_TIM4_Tick_Init)
    Bsp_USART1_Init                          0x08000c55   Thumb Code   190  bsp.o(i.Bsp_USART1_Init)
    Bsp_USART2_Init                          0x08000d1d   Thumb Code   154  bsp.o(i.Bsp_USART2_Init)
    Bsp_USART3_Init                          0x08000dc1   Thumb Code   160  bsp.o(i.Bsp_USART3_Init)
    BusFault_Handler                         0x08000e69   Thumb Code     4  stm32f10x_it.o(i.BusFault_Handler)
    CRC32_Calc                               0x08000e6d   Thumb Code    56  app_flash.o(i.CRC32_Calc)
    Calib_Step1                              0x08000ea9   Thumb Code    52  app_calib.o(i.Calib_Step1)
    Calib_Step2                              0x08000ee1   Thumb Code   110  app_calib.o(i.Calib_Step2)
    DebugMon_Handler                         0x08000f55   Thumb Code     2  stm32f10x_it.o(i.DebugMon_Handler)
    EXTI15_10_IRQHandler                     0x08001209   Thumb Code   212  stm32f10x_it.o(i.EXTI15_10_IRQHandler)
    EXTI1_IRQHandler                         0x0800130d   Thumb Code    44  stm32f10x_it.o(i.EXTI1_IRQHandler)
    EXTI3_IRQHandler                         0x08001345   Thumb Code    54  stm32f10x_it.o(i.EXTI3_IRQHandler)
    EXTI4_IRQHandler                         0x0800138d   Thumb Code    54  stm32f10x_it.o(i.EXTI4_IRQHandler)
    EXTI9_5_IRQHandler                       0x080013d5   Thumb Code   136  stm32f10x_it.o(i.EXTI9_5_IRQHandler)
    EXTI_ClearITPendingBit                   0x08001489   Thumb Code     6  stm32f10x_exti.o(i.EXTI_ClearITPendingBit)
    EXTI_GetITStatus                         0x08001495   Thumb Code    34  stm32f10x_exti.o(i.EXTI_GetITStatus)
    EXTI_Init                                0x080014bd   Thumb Code   142  stm32f10x_exti.o(i.EXTI_Init)
    FB_ClrPixel                              0x08001585   Thumb Code    56  app_oled.o(i.FB_ClrPixel)
    FB_DrawChar8x16                          0x080015c5   Thumb Code   102  app_oled.o(i.FB_DrawChar8x16)
    FB_DrawRect                              0x08001825   Thumb Code   132  app_oled.o(i.FB_DrawRect)
    FB_DrawStr8x16                           0x080018a9   Thumb Code    36  app_oled.o(i.FB_DrawStr8x16)
    FB_FillRect                              0x080019e3   Thumb Code    76  app_oled.o(i.FB_FillRect)
    FB_SetPixel                              0x08001a31   Thumb Code    58  app_oled.o(i.FB_SetPixel)
    FLASH_ErasePage                          0x08001a75   Thumb Code    72  stm32f10x_flash.o(i.FLASH_ErasePage)
    FLASH_GetBank1Status                     0x08001ac1   Thumb Code    48  stm32f10x_flash.o(i.FLASH_GetBank1Status)
    FLASH_Lock                               0x08001af5   Thumb Code    14  stm32f10x_flash.o(i.FLASH_Lock)
    FLASH_PrefetchBufferCmd                  0x08001b09   Thumb Code    22  stm32f10x_flash.o(i.FLASH_PrefetchBufferCmd)
    FLASH_ProgramWord                        0x08001b25   Thumb Code   102  stm32f10x_flash.o(i.FLASH_ProgramWord)
    FLASH_SetLatency                         0x08001b91   Thumb Code    18  stm32f10x_flash.o(i.FLASH_SetLatency)
    FLASH_Unlock                             0x08001ba9   Thumb Code    12  stm32f10x_flash.o(i.FLASH_Unlock)
    FLASH_WaitForLastOperation               0x08001bc1   Thumb Code    38  stm32f10x_flash.o(i.FLASH_WaitForLastOperation)
    Flash_Load_Config                        0x08001be9   Thumb Code    82  app_flash.o(i.Flash_Load_Config)
    Flash_Save_Config                        0x08001c49   Thumb Code   132  app_flash.o(i.Flash_Save_Config)
    GPIO_EXTILineConfig                      0x08001cd9   Thumb Code    60  stm32f10x_gpio.o(i.GPIO_EXTILineConfig)
    GPIO_Init                                0x08001d19   Thumb Code   278  stm32f10x_gpio.o(i.GPIO_Init)
    GPIO_PinRemapConfig                      0x08001e31   Thumb Code   138  stm32f10x_gpio.o(i.GPIO_PinRemapConfig)
    HardFault_Handler                        0x08002425   Thumb Code     4  stm32f10x_it.o(i.HardFault_Handler)
    I2C_CheckEvent                           0x08002429   Thumb Code    42  stm32f10x_i2c.o(i.I2C_CheckEvent)
    I2C_Cmd                                  0x08002453   Thumb Code    24  stm32f10x_i2c.o(i.I2C_Cmd)
    I2C_GenerateSTART                        0x0800246b   Thumb Code    24  stm32f10x_i2c.o(i.I2C_GenerateSTART)
    I2C_GenerateSTOP                         0x08002483   Thumb Code    24  stm32f10x_i2c.o(i.I2C_GenerateSTOP)
    I2C_GetFlagStatus                        0x0800249b   Thumb Code    58  stm32f10x_i2c.o(i.I2C_GetFlagStatus)
    I2C_Init                                 0x080024d5   Thumb Code   222  stm32f10x_i2c.o(i.I2C_Init)
    I2C_Send7bitAddress                      0x080025c1   Thumb Code    18  stm32f10x_i2c.o(i.I2C_Send7bitAddress)
    I2C_SendData                             0x080025d3   Thumb Code     4  stm32f10x_i2c.o(i.I2C_SendData)
    LED_Init                                 0x08002639   Thumb Code    46  led.o(i.LED_Init)
    MemManage_Handler                        0x08002671   Thumb Code     4  stm32f10x_it.o(i.MemManage_Handler)
    Motor_FastStop_M1_FromIsr                0x08002675   Thumb Code    18  app_motor.o(i.Motor_FastStop_M1_FromIsr)
    Motor_Init_From_Config                   0x08002691   Thumb Code    82  app_motor.o(i.Motor_Init_From_Config)
    Motor_Jog_Eval                           0x080026ed   Thumb Code   216  app_motor.o(i.Motor_Jog_Eval)
    Motor_Ramp_Update                        0x080027e1   Thumb Code   320  app_motor.o(i.Motor_Ramp_Update)
    Motor_Set_Target                         0x08002929   Thumb Code    50  app_motor.o(i.Motor_Set_Target)
    NMI_Handler                              0x08002961   Thumb Code     2  stm32f10x_it.o(i.NMI_Handler)
    NVIC_Init                                0x08002965   Thumb Code   100  misc.o(i.NVIC_Init)
    NVIC_PriorityGroupConfig                 0x080029d5   Thumb Code    10  misc.o(i.NVIC_PriorityGroupConfig)
    OLED_Clear                               0x080029e9   Thumb Code    28  app_oled.o(i.OLED_Clear)
    OLED_Flush                               0x08002a0d   Thumb Code    52  app_oled.o(i.OLED_Flush)
    OLED_Init                                0x08002a49   Thumb Code    28  app_oled.o(i.OLED_Init)
    OLED_MarkDirty                           0x08002a69   Thumb Code    14  app_oled.o(i.OLED_MarkDirty)
    Osc_Init                                 0x08002b6d   Thumb Code    16  app_osc.o(i.Osc_Init)
    Osc_OnGpi1Edge_FromIsr                   0x08002b89   Thumb Code    70  app_osc.o(i.Osc_OnGpi1Edge_FromIsr)
    Osc_SetEnabled                           0x08002be5   Thumb Code    38  app_osc.o(i.Osc_SetEnabled)
    Osc_Start_With_Dir                       0x08002c11   Thumb Code    72  app_osc.o(i.Osc_Start_With_Dir)
    Osc_Update                               0x08002c75   Thumb Code   130  app_osc.o(i.Osc_Update)
    PendSV_Handler                           0x08002d15   Thumb Code     2  stm32f10x_it.o(i.PendSV_Handler)
    Print_Run                                0x08002d19   Thumb Code    32  app_print.o(i.Print_Run)
    RCC_ADCCLKConfig                         0x08002d3d   Thumb Code    18  stm32f10x_rcc.o(i.RCC_ADCCLKConfig)
    RCC_APB1PeriphClockCmd                   0x08002d55   Thumb Code    26  stm32f10x_rcc.o(i.RCC_APB1PeriphClockCmd)
    RCC_APB2PeriphClockCmd                   0x08002d75   Thumb Code    26  stm32f10x_rcc.o(i.RCC_APB2PeriphClockCmd)
    RCC_APB2PeriphResetCmd                   0x08002d95   Thumb Code    26  stm32f10x_rcc.o(i.RCC_APB2PeriphResetCmd)
    RCC_DeInit                               0x08002db5   Thumb Code    64  stm32f10x_rcc.o(i.RCC_DeInit)
    RCC_GetClocksFreq                        0x08002e01   Thumb Code   192  stm32f10x_rcc.o(i.RCC_GetClocksFreq)
    RCC_GetFlagStatus                        0x08002ed5   Thumb Code    56  stm32f10x_rcc.o(i.RCC_GetFlagStatus)
    RCC_GetSYSCLKSource                      0x08002f11   Thumb Code    10  stm32f10x_rcc.o(i.RCC_GetSYSCLKSource)
    RCC_HCLKConfig                           0x08002f21   Thumb Code    18  stm32f10x_rcc.o(i.RCC_HCLKConfig)
    RCC_HSICmd                               0x08002f39   Thumb Code     6  stm32f10x_rcc.o(i.RCC_HSICmd)
    RCC_PCLK1Config                          0x08002f45   Thumb Code    18  stm32f10x_rcc.o(i.RCC_PCLK1Config)
    RCC_PCLK2Config                          0x08002f5d   Thumb Code    20  stm32f10x_rcc.o(i.RCC_PCLK2Config)
    RCC_PLLCmd                               0x08002f75   Thumb Code     6  stm32f10x_rcc.o(i.RCC_PLLCmd)
    RCC_PLLConfig                            0x08002f81   Thumb Code    24  stm32f10x_rcc.o(i.RCC_PLLConfig)
    RCC_SYSCLKConfig                         0x08002f9d   Thumb Code    18  stm32f10x_rcc.o(i.RCC_SYSCLKConfig)
    SVC_Handler                              0x08002fb5   Thumb Code     2  stm32f10x_it.o(i.SVC_Handler)
    Scan_Init                                0x080030cd   Thumb Code     2  app_scan.o(i.Scan_Init)
    Scan_Process                             0x080030d1   Thumb Code    68  app_scan.o(i.Scan_Process)
    Scan_Start                               0x08003119   Thumb Code    66  app_scan.o(i.Scan_Start)
    SysTick_CLKSourceConfig                  0x08003167   Thumb Code    40  misc.o(i.SysTick_CLKSourceConfig)
    SystemInit                               0x08003191   Thumb Code    78  system_stm32f10x.o(i.SystemInit)
    TIM4_IRQHandler                          0x08003431   Thumb Code    42  stm32f10x_it.o(i.TIM4_IRQHandler)
    TIM_ARRPreloadConfig                     0x08003469   Thumb Code    24  stm32f10x_tim.o(i.TIM_ARRPreloadConfig)
    TIM_ClearITPendingBit                    0x08003481   Thumb Code     6  stm32f10x_tim.o(i.TIM_ClearITPendingBit)
    TIM_Cmd                                  0x08003487   Thumb Code    24  stm32f10x_tim.o(i.TIM_Cmd)
    TIM_EncoderInterfaceConfig               0x0800349f   Thumb Code    66  stm32f10x_tim.o(i.TIM_EncoderInterfaceConfig)
    TIM_GetCounter                           0x080034e1   Thumb Code     6  stm32f10x_tim.o(i.TIM_GetCounter)
    TIM_GetITStatus                          0x080034e7   Thumb Code    34  stm32f10x_tim.o(i.TIM_GetITStatus)
    TIM_ICInit                               0x08003509   Thumb Code   150  stm32f10x_tim.o(i.TIM_ICInit)
    TIM_ICStructInit                         0x080035b5   Thumb Code    18  stm32f10x_tim.o(i.TIM_ICStructInit)
    TIM_ITConfig                             0x080035c7   Thumb Code    18  stm32f10x_tim.o(i.TIM_ITConfig)
    TIM_OC1Init                              0x080035d9   Thumb Code   132  stm32f10x_tim.o(i.TIM_OC1Init)
    TIM_OC1PreloadConfig                     0x08003671   Thumb Code    18  stm32f10x_tim.o(i.TIM_OC1PreloadConfig)
    TIM_OC2Init                              0x08003685   Thumb Code   154  stm32f10x_tim.o(i.TIM_OC2Init)
    TIM_OC2PreloadConfig                     0x08003729   Thumb Code    26  stm32f10x_tim.o(i.TIM_OC2PreloadConfig)
    TIM_SelectInputTrigger                   0x08003743   Thumb Code    18  stm32f10x_tim.o(i.TIM_SelectInputTrigger)
    TIM_SelectOutputTrigger                  0x08003755   Thumb Code    18  stm32f10x_tim.o(i.TIM_SelectOutputTrigger)
    TIM_SelectSlaveMode                      0x08003767   Thumb Code    18  stm32f10x_tim.o(i.TIM_SelectSlaveMode)
    TIM_SetAutoreload                        0x08003779   Thumb Code     4  stm32f10x_tim.o(i.TIM_SetAutoreload)
    TIM_SetCompare1                          0x0800377d   Thumb Code     4  stm32f10x_tim.o(i.TIM_SetCompare1)
    TIM_SetCompare2                          0x08003781   Thumb Code     4  stm32f10x_tim.o(i.TIM_SetCompare2)
    TIM_SetCounter                           0x08003785   Thumb Code     4  stm32f10x_tim.o(i.TIM_SetCounter)
    TIM_SetIC1Prescaler                      0x08003789   Thumb Code    18  stm32f10x_tim.o(i.TIM_SetIC1Prescaler)
    TIM_SetIC2Prescaler                      0x0800379b   Thumb Code    26  stm32f10x_tim.o(i.TIM_SetIC2Prescaler)
    TIM_SetIC3Prescaler                      0x080037b5   Thumb Code    18  stm32f10x_tim.o(i.TIM_SetIC3Prescaler)
    TIM_SetIC4Prescaler                      0x080037c7   Thumb Code    26  stm32f10x_tim.o(i.TIM_SetIC4Prescaler)
    TIM_TimeBaseInit                         0x080037e1   Thumb Code   122  stm32f10x_tim.o(i.TIM_TimeBaseInit)
    TMC_Write_CHOPCONF                       0x08003885   Thumb Code    82  app_motor.o(i.TMC_Write_CHOPCONF)
    TMC_Write_GCONF                          0x080038dd   Thumb Code    70  app_motor.o(i.TMC_Write_GCONF)
    TMC_Write_IRUN                           0x08003923   Thumb Code   120  app_motor.o(i.TMC_Write_IRUN)
    UI_BlinkValue_Cur                        0x080039d1   Thumb Code   188  app_oled.o(i.UI_BlinkValue_Cur)
    UI_BlinkValue_Speed                      0x08003a95   Thumb Code    84  app_oled.o(i.UI_BlinkValue_Speed)
    UI_Render_Cal_Comm_Fail                  0x08003af1   Thumb Code    40  app_oled.o(i.UI_Render_Cal_Comm_Fail)
    UI_Render_Cal_Step1_OK                   0x08003b35   Thumb Code    40  app_oled.o(i.UI_Render_Cal_Step1_OK)
    UI_Render_Cal_Step2_Fail                 0x08003b75   Thumb Code    40  app_oled.o(i.UI_Render_Cal_Step2_Fail)
    UI_Render_Cal_Step2_OK                   0x08003bb5   Thumb Code   198  app_oled.o(i.UI_Render_Cal_Step2_OK)
    UI_Render_CurEdit                        0x08003c8d   Thumb Code    38  app_oled.o(i.UI_Render_CurEdit)
    UI_Render_Home                           0x08003cc1   Thumb Code    92  app_oled.o(i.UI_Render_Home)
    UI_Render_MotorMenu                      0x08003d2d   Thumb Code    80  app_oled.o(i.UI_Render_MotorMenu)
    UI_Render_Overlay_Status                 0x08003d89   Thumb Code    58  app_oled.o(i.UI_Render_Overlay_Status)
    UI_Render_Overlay_Temp                   0x08003dd5   Thumb Code     2  app_oled.o(i.UI_Render_Overlay_Temp)
    UI_Render_Print_Done                     0x08003dd9   Thumb Code    30  app_oled.o(i.UI_Render_Print_Done)
    UI_Render_Print_Running                  0x08003e05   Thumb Code    30  app_oled.o(i.UI_Render_Print_Running)
    UI_Render_Scan                           0x08003e31   Thumb Code   180  app_oled.o(i.UI_Render_Scan)
    UI_Render_Scan_Fail                      0x08003eed   Thumb Code    30  app_oled.o(i.UI_Render_Scan_Fail)
    UI_Render_SpeedEdit                      0x08003f19   Thumb Code    38  app_oled.o(i.UI_Render_SpeedEdit)
    USART1_IRQHandler                        0x08003f4d   Thumb Code    48  stm32f10x_it.o(i.USART1_IRQHandler)
    USART2_IRQHandler                        0x08003f89   Thumb Code    90  stm32f10x_it.o(i.USART2_IRQHandler)
    USART3_IRQHandler                        0x08003ff1   Thumb Code    22  stm32f10x_it.o(i.USART3_IRQHandler)
    USART_ClearITPendingBit                  0x0800400d   Thumb Code    30  stm32f10x_usart.o(i.USART_ClearITPendingBit)
    USART_Cmd                                0x0800402b   Thumb Code    24  stm32f10x_usart.o(i.USART_Cmd)
    USART_GetFlagStatus                      0x08004043   Thumb Code    26  stm32f10x_usart.o(i.USART_GetFlagStatus)
    USART_GetITStatus                        0x0800405d   Thumb Code    84  stm32f10x_usart.o(i.USART_GetITStatus)
    USART_ITConfig                           0x080040b1   Thumb Code    74  stm32f10x_usart.o(i.USART_ITConfig)
    USART_Init                               0x080040fd   Thumb Code   210  stm32f10x_usart.o(i.USART_Init)
    USART_ReceiveData                        0x080041d5   Thumb Code    10  stm32f10x_usart.o(i.USART_ReceiveData)
    USART_SendData                           0x080041df   Thumb Code     8  stm32f10x_usart.o(i.USART_SendData)
    UsageFault_Handler                       0x080041e7   Thumb Code     4  stm32f10x_it.o(i.UsageFault_Handler)
    delay_init                               0x080041ed   Thumb Code    50  delay.o(i.delay_init)
    delay_ms                                 0x08004231   Thumb Code    72  delay.o(i.delay_ms)
    main                                     0x0800427d   Thumb Code   590  main.o(i.main)
    Region$$Table$$Base                      0x080057dc   Number         0  anon$$obj.o(Region$$Table)
    Region$$Table$$Limit                     0x080057fc   Number         0  anon$$obj.o(Region$$Table)
    SystemCoreClock                          0x20000034   Data           4  system_stm32f10x.o(.data)
    AHBPrescTable                            0x20000038   Data          16  system_stm32f10x.o(.data)
    g_state                                  0x20000048   Data           1  app_config.o(.data)
    g_home_focus                             0x20000049   Data           1  app_config.o(.data)
    g_motor_focus                            0x2000004a   Data           1  app_config.o(.data)
    g_edit_motor                             0x2000004b   Data           1  app_config.o(.data)
    g_draft_rpm                              0x2000004c   Data           2  app_config.o(.data)
    g_draft_irun                             0x2000004e   Data           1  app_config.o(.data)
    g_enc_last                               0x20000050   Data           2  app_config.o(.data)
    g_enc_delta                              0x20000052   Data           1  app_config.o(.data)
    g_key_short                              0x20000053   Data           1  app_config.o(.data)
    g_key_long                               0x20000054   Data           1  app_config.o(.data)
    g_key_down                               0x20000055   Data           1  app_config.o(.data)
    g_key_long_armed                         0x20000056   Data           1  app_config.o(.data)
    g_key_press_ms                           0x20000058   Data           4  app_config.o(.data)
    g_opt_sw1                                0x2000005c   Data           1  app_config.o(.data)
    g_opt_sw2                                0x2000005d   Data           1  app_config.o(.data)
    g_do1_state                              0x2000005e   Data           1  app_config.o(.data)
    g_loop_mode                              0x2000005f   Data           1  app_config.o(.data)
    g_jog_m1u                                0x20000060   Data           1  app_config.o(.data)
    g_jog_m1d                                0x20000061   Data           1  app_config.o(.data)
    g_jog_m2u                                0x20000062   Data           1  app_config.o(.data)
    g_jog_m2d                                0x20000063   Data           1  app_config.o(.data)
    g_jog_dirty                              0x20000064   Data           1  app_config.o(.data)
    g_temp_raw                               0x20000066   Data           2  app_config.o(.data)
    g_scan_rx_flag                           0x20000068   Data           1  app_config.o(.data)
    g_tmc_rx_cnt                             0x20000069   Data           1  app_config.o(.data)
    g_tick_ms                                0x2000006c   Data           4  app_config.o(.data)
    g_idle_ms                                0x20000070   Data           4  app_config.o(.data)
    g_dirty_all                              0x20000074   Data           1  app_config.o(.data)
    g_dirty_m1                               0x20000075   Data           1  app_config.o(.data)
    g_dirty_m2                               0x20000076   Data           1  app_config.o(.data)
    g_dirty_center                           0x20000077   Data           1  app_config.o(.data)
    g_dirty_right                            0x20000078   Data           1  app_config.o(.data)
    g_dirty_status                           0x20000079   Data           1  app_config.o(.data)
    g_osc_state                              0x20000094   Data           1  app_osc.o(.data)
    g_cfg                                    0x200000f4   Data          16  app_config.o(.bss)
    g_scan_buf                               0x20000104   Data         134  app_config.o(.bss)
    g_tmc_rx_buf                             0x2000018a   Data          16  app_config.o(.bss)
    __libspace_start                         0x200005b4   Data          96  libspace.o(.bss)
    __temporary_stack_top$libspace           0x20000614   Data           0  libspace.o(.bss)



==============================================================================

Memory Map of the image

  Image Entry point : 0x080001cd

  Load Region LR_1 (Base: 0x08000000, Size: 0x000058b0, Max: 0xffffffff, ABSOLUTE)

    Execution Region ER_RO (Exec base: 0x08000000, Load base: 0x08000000, Size: 0x000057fc, Max: 0xffffffff, ABSOLUTE)

    Exec Addr    Load Addr    Size         Type   Attr      Idx    E Section Name        Object

    0x08000000   0x08000000   0x00000130   Data   RO         1216    RESET               startup_stm32f10x_hd.o
    0x08000130   0x08000130   0x00000008   Code   RO         2985  * !!!main             c_w.l(__main.o)
    0x08000138   0x08000138   0x00000034   Code   RO         3144    !!!scatter          c_w.l(__scatter.o)
    0x0800016c   0x0800016c   0x0000001a   Code   RO         3146    !!handler_copy      c_w.l(__scatter_copy.o)
    0x08000186   0x08000186   0x00000002   PAD
    0x08000188   0x08000188   0x0000001c   Code   RO         3148    !!handler_zi        c_w.l(__scatter_zi.o)
    0x080001a4   0x080001a4   0x00000002   Code   RO         3014    .ARM.Collect$$libinit$$00000000  c_w.l(libinit.o)
    0x080001a6   0x080001a6   0x00000000   Code   RO         3021    .ARM.Collect$$libinit$$00000002  c_w.l(libinit2.o)
    0x080001a6   0x080001a6   0x00000000   Code   RO         3023    .ARM.Collect$$libinit$$00000004  c_w.l(libinit2.o)
    0x080001a6   0x080001a6   0x00000000   Code   RO         3026    .ARM.Collect$$libinit$$0000000A  c_w.l(libinit2.o)
    0x080001a6   0x080001a6   0x00000000   Code   RO         3028    .ARM.Collect$$libinit$$0000000C  c_w.l(libinit2.o)
    0x080001a6   0x080001a6   0x00000000   Code   RO         3030    .ARM.Collect$$libinit$$0000000E  c_w.l(libinit2.o)
    0x080001a6   0x080001a6   0x00000000   Code   RO         3033    .ARM.Collect$$libinit$$00000011  c_w.l(libinit2.o)
    0x080001a6   0x080001a6   0x00000000   Code   RO         3035    .ARM.Collect$$libinit$$00000013  c_w.l(libinit2.o)
    0x080001a6   0x080001a6   0x00000000   Code   RO         3037    .ARM.Collect$$libinit$$00000015  c_w.l(libinit2.o)
    0x080001a6   0x080001a6   0x00000000   Code   RO         3039    .ARM.Collect$$libinit$$00000017  c_w.l(libinit2.o)
    0x080001a6   0x080001a6   0x00000000   Code   RO         3041    .ARM.Collect$$libinit$$00000019  c_w.l(libinit2.o)
    0x080001a6   0x080001a6   0x00000000   Code   RO         3043    .ARM.Collect$$libinit$$0000001B  c_w.l(libinit2.o)
    0x080001a6   0x080001a6   0x00000000   Code   RO         3045    .ARM.Collect$$libinit$$0000001D  c_w.l(libinit2.o)
    0x080001a6   0x080001a6   0x00000000   Code   RO         3047    .ARM.Collect$$libinit$$0000001F  c_w.l(libinit2.o)
    0x080001a6   0x080001a6   0x00000000   Code   RO         3049    .ARM.Collect$$libinit$$00000021  c_w.l(libinit2.o)
    0x080001a6   0x080001a6   0x00000000   Code   RO         3051    .ARM.Collect$$libinit$$00000023  c_w.l(libinit2.o)
    0x080001a6   0x080001a6   0x00000000   Code   RO         3053    .ARM.Collect$$libinit$$00000025  c_w.l(libinit2.o)
    0x080001a6   0x080001a6   0x00000000   Code   RO         3057    .ARM.Collect$$libinit$$0000002C  c_w.l(libinit2.o)
    0x080001a6   0x080001a6   0x00000000   Code   RO         3059    .ARM.Collect$$libinit$$0000002E  c_w.l(libinit2.o)
    0x080001a6   0x080001a6   0x00000000   Code   RO         3061    .ARM.Collect$$libinit$$00000030  c_w.l(libinit2.o)
    0x080001a6   0x080001a6   0x00000000   Code   RO         3063    .ARM.Collect$$libinit$$00000032  c_w.l(libinit2.o)
    0x080001a6   0x080001a6   0x00000002   Code   RO         3064    .ARM.Collect$$libinit$$00000033  c_w.l(libinit2.o)
    0x080001a8   0x080001a8   0x00000002   Code   RO         3084    .ARM.Collect$$libshutdown$$00000000  c_w.l(libshutdown.o)
    0x080001aa   0x080001aa   0x00000000   Code   RO         3097    .ARM.Collect$$libshutdown$$00000002  c_w.l(libshutdown2.o)
    0x080001aa   0x080001aa   0x00000000   Code   RO         3099    .ARM.Collect$$libshutdown$$00000004  c_w.l(libshutdown2.o)
    0x080001aa   0x080001aa   0x00000000   Code   RO         3102    .ARM.Collect$$libshutdown$$00000007  c_w.l(libshutdown2.o)
    0x080001aa   0x080001aa   0x00000000   Code   RO         3105    .ARM.Collect$$libshutdown$$0000000A  c_w.l(libshutdown2.o)
    0x080001aa   0x080001aa   0x00000000   Code   RO         3107    .ARM.Collect$$libshutdown$$0000000C  c_w.l(libshutdown2.o)
    0x080001aa   0x080001aa   0x00000000   Code   RO         3110    .ARM.Collect$$libshutdown$$0000000F  c_w.l(libshutdown2.o)
    0x080001aa   0x080001aa   0x00000002   Code   RO         3111    .ARM.Collect$$libshutdown$$00000010  c_w.l(libshutdown2.o)
    0x080001ac   0x080001ac   0x00000000   Code   RO         2987    .ARM.Collect$$rtentry$$00000000  c_w.l(__rtentry.o)
    0x080001ac   0x080001ac   0x00000000   Code   RO         2991    .ARM.Collect$$rtentry$$00000002  c_w.l(__rtentry2.o)
    0x080001ac   0x080001ac   0x00000006   Code   RO         3003    .ARM.Collect$$rtentry$$00000004  c_w.l(__rtentry4.o)
    0x080001b2   0x080001b2   0x00000000   Code   RO         2993    .ARM.Collect$$rtentry$$00000009  c_w.l(__rtentry2.o)
    0x080001b2   0x080001b2   0x00000004   Code   RO         2994    .ARM.Collect$$rtentry$$0000000A  c_w.l(__rtentry2.o)
    0x080001b6   0x080001b6   0x00000000   Code   RO         2996    .ARM.Collect$$rtentry$$0000000C  c_w.l(__rtentry2.o)
    0x080001b6   0x080001b6   0x00000008   Code   RO         2997    .ARM.Collect$$rtentry$$0000000D  c_w.l(__rtentry2.o)
    0x080001be   0x080001be   0x00000002   Code   RO         3018    .ARM.Collect$$rtexit$$00000000  c_w.l(rtexit.o)
    0x080001c0   0x080001c0   0x00000000   Code   RO         3066    .ARM.Collect$$rtexit$$00000002  c_w.l(rtexit2.o)
    0x080001c0   0x080001c0   0x00000004   Code   RO         3067    .ARM.Collect$$rtexit$$00000003  c_w.l(rtexit2.o)
    0x080001c4   0x080001c4   0x00000006   Code   RO         3068    .ARM.Collect$$rtexit$$00000004  c_w.l(rtexit2.o)
    0x080001ca   0x080001ca   0x00000002   PAD
    0x080001cc   0x080001cc   0x00000040   Code   RO         1217  * .text               startup_stm32f10x_hd.o
    0x0800020c   0x0800020c   0x00000010   Code   RO         2979    .text               c_w.l(aeabi_memset.o)
    0x0800021c   0x0800021c   0x00000044   Code   RO         2981    .text               c_w.l(rt_memclr.o)
    0x08000260   0x08000260   0x00000006   Code   RO         2983    .text               c_w.l(heapauxi.o)
    0x08000266   0x08000266   0x0000004e   Code   RO         2988    .text               c_w.l(rt_memclr_w.o)
    0x080002b4   0x080002b4   0x0000004a   Code   RO         3005    .text               c_w.l(sys_stackheap_outer.o)
    0x080002fe   0x080002fe   0x00000012   Code   RO         3007    .text               c_w.l(exit.o)
    0x08000310   0x08000310   0x00000008   Code   RO         3015    .text               c_w.l(libspace.o)
    0x08000318   0x08000318   0x0000000c   Code   RO         3076    .text               c_w.l(sys_exit.o)
    0x08000324   0x08000324   0x00000002   Code   RO         3087    .text               c_w.l(use_no_semi.o)
    0x08000326   0x08000326   0x00000000   Code   RO         3089    .text               c_w.l(indicate_semi.o)
    0x08000326   0x08000326   0x00000016   Code   RO         2383    i.ADC_Cmd           stm32f10x_adc.o
    0x0800033c   0x0800033c   0x0000005c   Code   RO         2385    i.ADC_DeInit        stm32f10x_adc.o
    0x08000398   0x08000398   0x00000014   Code   RO         2391    i.ADC_GetCalibrationStatus  stm32f10x_adc.o
    0x080003ac   0x080003ac   0x00000008   Code   RO         2392    i.ADC_GetConversionValue  stm32f10x_adc.o
    0x080003b4   0x080003b4   0x00000012   Code   RO         2394    i.ADC_GetFlagStatus  stm32f10x_adc.o
    0x080003c6   0x080003c6   0x00000014   Code   RO         2397    i.ADC_GetResetCalibrationStatus  stm32f10x_adc.o
    0x080003da   0x080003da   0x00000002   PAD
    0x080003dc   0x080003dc   0x00000050   Code   RO         2401    i.ADC_Init          stm32f10x_adc.o
    0x0800042c   0x0800042c   0x00000020   Code   RO            1    i.ADC_Read_Avg5     main.o
    0x0800044c   0x0800044c   0x000000b8   Code   RO         2405    i.ADC_RegularChannelConfig  stm32f10x_adc.o
    0x08000504   0x08000504   0x0000000a   Code   RO         2406    i.ADC_ResetCalibration  stm32f10x_adc.o
    0x0800050e   0x0800050e   0x00000016   Code   RO         2408    i.ADC_SoftwareStartConvCmd  stm32f10x_adc.o
    0x08000524   0x08000524   0x0000000a   Code   RO         2410    i.ADC_StartCalibration  stm32f10x_adc.o
    0x0800052e   0x0800052e   0x00000002   PAD
    0x08000530   0x08000530   0x00000078   Code   RO            2    i.Blink_500ms       main.o
    0x080005a8   0x080005a8   0x00000040   Code   RO            3    i.Blink_Reset_On    main.o
    0x080005e8   0x080005e8   0x00000084   Code   RO          406    i.Bsp_ADC1_Init     bsp.o
    0x0800066c   0x0800066c   0x00000030   Code   RO          407    i.Bsp_ADC_Read_Thermistor  bsp.o
    0x0800069c   0x0800069c   0x00000090   Code   RO          408    i.Bsp_Clock_Init    bsp.o
    0x0800072c   0x0800072c   0x000000ec   Code   RO          409    i.Bsp_EXTI_Init     bsp.o
    0x08000818   0x08000818   0x0000000e   Code   RO          410    i.Bsp_Encoder1_Get  bsp.o
    0x08000826   0x08000826   0x00000002   PAD
    0x08000828   0x08000828   0x000000d8   Code   RO          411    i.Bsp_GPIO_Init     bsp.o
    0x08000900   0x08000900   0x00000074   Code   RO          412    i.Bsp_I2C1_Init     bsp.o
    0x08000974   0x08000974   0x00000046   Code   RO          413    i.Bsp_Init          bsp.o
    0x080009ba   0x080009ba   0x00000002   PAD
    0x080009bc   0x080009bc   0x00000070   Code   RO          414    i.Bsp_Motor_Start   bsp.o
    0x08000a2c   0x08000a2c   0x00000034   Code   RO          415    i.Bsp_Motor_Stop    bsp.o
    0x08000a60   0x08000a60   0x00000054   Code   RO          416    i.Bsp_TIM1_StepCounter_Init  bsp.o
    0x08000ab4   0x08000ab4   0x00000098   Code   RO          417    i.Bsp_TIM2_Encoder_Init  bsp.o
    0x08000b4c   0x08000b4c   0x000000a8   Code   RO          418    i.Bsp_TIM3_PWM_Init  bsp.o
    0x08000bf4   0x08000bf4   0x00000060   Code   RO          421    i.Bsp_TIM4_Tick_Init  bsp.o
    0x08000c54   0x08000c54   0x000000c8   Code   RO          422    i.Bsp_USART1_Init   bsp.o
    0x08000d1c   0x08000d1c   0x000000a4   Code   RO          423    i.Bsp_USART2_Init   bsp.o
    0x08000dc0   0x08000dc0   0x000000a8   Code   RO          424    i.Bsp_USART3_Init   bsp.o
    0x08000e68   0x08000e68   0x00000004   Code   RO          228    i.BusFault_Handler  stm32f10x_it.o
    0x08000e6c   0x08000e6c   0x0000003c   Code   RO          539    i.CRC32_Calc        app_flash.o
    0x08000ea8   0x08000ea8   0x00000038   Code   RO          977    i.Calib_Step1       app_calib.o
    0x08000ee0   0x08000ee0   0x00000074   Code   RO          978    i.Calib_Step2       app_calib.o
    0x08000f54   0x08000f54   0x00000002   Code   RO          229    i.DebugMon_Handler  stm32f10x_it.o
    0x08000f56   0x08000f56   0x00000002   PAD
    0x08000f58   0x08000f58   0x0000013c   Code   RO          687    i.Draw_Home_Card    app_oled.o
    0x08001094   0x08001094   0x0000003e   Code   RO          688    i.Draw_Home_Circle  app_oled.o
    0x080010d2   0x080010d2   0x00000002   PAD
    0x080010d4   0x080010d4   0x00000120   Code   RO          690    i.Draw_Motor_FullScreen  app_oled.o
    0x080011f4   0x080011f4   0x00000014   Code   RO          691    i.Draw_Outer_Frame  app_oled.o
    0x08001208   0x08001208   0x00000104   Code   RO          230    i.EXTI15_10_IRQHandler  stm32f10x_it.o
    0x0800130c   0x0800130c   0x00000038   Code   RO          231    i.EXTI1_IRQHandler  stm32f10x_it.o
    0x08001344   0x08001344   0x00000048   Code   RO          232    i.EXTI3_IRQHandler  stm32f10x_it.o
    0x0800138c   0x0800138c   0x00000048   Code   RO          233    i.EXTI4_IRQHandler  stm32f10x_it.o
    0x080013d4   0x080013d4   0x000000b4   Code   RO          234    i.EXTI9_5_IRQHandler  stm32f10x_it.o
    0x08001488   0x08001488   0x0000000c   Code   RO         1776    i.EXTI_ClearITPendingBit  stm32f10x_exti.o
    0x08001494   0x08001494   0x00000028   Code   RO         1780    i.EXTI_GetITStatus  stm32f10x_exti.o
    0x080014bc   0x080014bc   0x00000094   Code   RO         1781    i.EXTI_Init         stm32f10x_exti.o
    0x08001550   0x08001550   0x00000034   Code   RO            4    i.Enc_GetDelta      main.o
    0x08001584   0x08001584   0x00000040   Code   RO          695    i.FB_ClrPixel       app_oled.o
    0x080015c4   0x080015c4   0x0000006c   Code   RO          698    i.FB_DrawChar8x16   app_oled.o
    0x08001630   0x08001630   0x000001f4   Code   RO          699    i.FB_DrawCircleRing  app_oled.o
    0x08001824   0x08001824   0x00000084   Code   RO          700    i.FB_DrawRect       app_oled.o
    0x080018a8   0x080018a8   0x00000024   Code   RO          701    i.FB_DrawStr8x16    app_oled.o
    0x080018cc   0x080018cc   0x00000046   Code   RO          702    i.FB_DrawStr_Center  app_oled.o
    0x08001912   0x08001912   0x000000d0   Code   RO          703    i.FB_FillCircle     app_oled.o
    0x080019e2   0x080019e2   0x0000004c   Code   RO          704    i.FB_FillRect       app_oled.o
    0x08001a2e   0x08001a2e   0x00000002   PAD
    0x08001a30   0x08001a30   0x00000044   Code   RO          705    i.FB_SetPixel       app_oled.o
    0x08001a74   0x08001a74   0x0000004c   Code   RO         2808    i.FLASH_ErasePage   stm32f10x_flash.o
    0x08001ac0   0x08001ac0   0x00000034   Code   RO         2809    i.FLASH_GetBank1Status  stm32f10x_flash.o
    0x08001af4   0x08001af4   0x00000014   Code   RO         2818    i.FLASH_Lock        stm32f10x_flash.o
    0x08001b08   0x08001b08   0x0000001c   Code   RO         2820    i.FLASH_PrefetchBufferCmd  stm32f10x_flash.o
    0x08001b24   0x08001b24   0x0000006c   Code   RO         2823    i.FLASH_ProgramWord  stm32f10x_flash.o
    0x08001b90   0x08001b90   0x00000018   Code   RO         2825    i.FLASH_SetLatency  stm32f10x_flash.o
    0x08001ba8   0x08001ba8   0x00000018   Code   RO         2826    i.FLASH_Unlock      stm32f10x_flash.o
    0x08001bc0   0x08001bc0   0x00000026   Code   RO         2830    i.FLASH_WaitForLastOperation  stm32f10x_flash.o
    0x08001be6   0x08001be6   0x00000002   PAD
    0x08001be8   0x08001be8   0x00000060   Code   RO          540    i.Flash_Load_Config  app_flash.o
    0x08001c48   0x08001c48   0x00000090   Code   RO          541    i.Flash_Save_Config  app_flash.o
    0x08001cd8   0x08001cd8   0x00000040   Code   RO         1260    i.GPIO_EXTILineConfig  stm32f10x_gpio.o
    0x08001d18   0x08001d18   0x00000116   Code   RO         1263    i.GPIO_Init         stm32f10x_gpio.o
    0x08001e2e   0x08001e2e   0x00000002   PAD
    0x08001e30   0x08001e30   0x00000090   Code   RO         1265    i.GPIO_PinRemapConfig  stm32f10x_gpio.o
    0x08001ec0   0x08001ec0   0x00000020   Code   RO            5    i.Go_Home           main.o
    0x08001ee0   0x08001ee0   0x000000a4   Code   RO            6    i.Handle_CalStep1   main.o
    0x08001f84   0x08001f84   0x00000100   Code   RO            7    i.Handle_CalStep2   main.o
    0x08002084   0x08002084   0x0000007c   Code   RO            8    i.Handle_CurEdit    main.o
    0x08002100   0x08002100   0x000000cc   Code   RO            9    i.Handle_Home       main.o
    0x080021cc   0x080021cc   0x00000070   Code   RO           10    i.Handle_MotorMenu  main.o
    0x0800223c   0x0800223c   0x00000020   Code   RO           11    i.Handle_PrintRun   main.o
    0x0800225c   0x0800225c   0x00000148   Code   RO           12    i.Handle_ScanRun    main.o
    0x080023a4   0x080023a4   0x00000080   Code   RO           13    i.Handle_SpeedEdit  main.o
    0x08002424   0x08002424   0x00000004   Code   RO          235    i.HardFault_Handler  stm32f10x_it.o
    0x08002428   0x08002428   0x0000002a   Code   RO         2602    i.I2C_CheckEvent    stm32f10x_i2c.o
    0x08002452   0x08002452   0x00000018   Code   RO         2605    i.I2C_Cmd           stm32f10x_i2c.o
    0x0800246a   0x0800246a   0x00000018   Code   RO         2612    i.I2C_GenerateSTART  stm32f10x_i2c.o
    0x08002482   0x08002482   0x00000018   Code   RO         2613    i.I2C_GenerateSTOP  stm32f10x_i2c.o
    0x0800249a   0x0800249a   0x0000003a   Code   RO         2614    i.I2C_GetFlagStatus  stm32f10x_i2c.o
    0x080024d4   0x080024d4   0x000000ec   Code   RO         2619    i.I2C_Init          stm32f10x_i2c.o
    0x080025c0   0x080025c0   0x00000012   Code   RO         2626    i.I2C_Send7bitAddress  stm32f10x_i2c.o
    0x080025d2   0x080025d2   0x00000004   Code   RO         2627    i.I2C_SendData      stm32f10x_i2c.o
    0x080025d6   0x080025d6   0x00000002   PAD
    0x080025d8   0x080025d8   0x00000024   Code   RO          706    i.I2C_WaitBusy      app_oled.o
    0x080025fc   0x080025fc   0x00000024   Code   RO          707    i.I2C_WaitEvent     app_oled.o
    0x08002620   0x08002620   0x00000016   Code   RO          708    i.Irun_To_mA10      app_oled.o
    0x08002636   0x08002636   0x00000002   PAD
    0x08002638   0x08002638   0x00000038   Code   RO          394    i.LED_Init          led.o
    0x08002670   0x08002670   0x00000004   Code   RO          236    i.MemManage_Handler  stm32f10x_it.o
    0x08002674   0x08002674   0x0000001c   Code   RO          563    i.Motor_FastStop_M1_FromIsr  app_motor.o
    0x08002690   0x08002690   0x0000005c   Code   RO          564    i.Motor_Init_From_Config  app_motor.o
    0x080026ec   0x080026ec   0x000000f4   Code   RO          565    i.Motor_Jog_Eval    app_motor.o
    0x080027e0   0x080027e0   0x00000148   Code   RO          566    i.Motor_Ramp_Update  app_motor.o
    0x08002928   0x08002928   0x00000038   Code   RO          567    i.Motor_Set_Target  app_motor.o
    0x08002960   0x08002960   0x00000002   Code   RO          237    i.NMI_Handler       stm32f10x_it.o
    0x08002962   0x08002962   0x00000002   PAD
    0x08002964   0x08002964   0x00000070   Code   RO         1221    i.NVIC_Init         misc.o
    0x080029d4   0x080029d4   0x00000014   Code   RO         1222    i.NVIC_PriorityGroupConfig  misc.o
    0x080029e8   0x080029e8   0x00000024   Code   RO          709    i.OLED_Clear        app_oled.o
    0x08002a0c   0x08002a0c   0x0000003c   Code   RO          710    i.OLED_Flush        app_oled.o
    0x08002a48   0x08002a48   0x00000020   Code   RO          711    i.OLED_Init         app_oled.o
    0x08002a68   0x08002a68   0x00000014   Code   RO          712    i.OLED_MarkDirty    app_oled.o
    0x08002a7c   0x08002a7c   0x00000026   Code   RO          713    i.OLED_SetCursor    app_oled.o
    0x08002aa2   0x08002aa2   0x00000002   PAD
    0x08002aa4   0x08002aa4   0x0000005c   Code   RO          714    i.OLED_WriteCmd     app_oled.o
    0x08002b00   0x08002b00   0x0000006c   Code   RO          715    i.OLED_WritePage    app_oled.o
    0x08002b6c   0x08002b6c   0x0000001c   Code   RO         1101    i.Osc_Init          app_osc.o
    0x08002b88   0x08002b88   0x0000005c   Code   RO         1102    i.Osc_OnGpi1Edge_FromIsr  app_osc.o
    0x08002be4   0x08002be4   0x0000002c   Code   RO         1103    i.Osc_SetEnabled    app_osc.o
    0x08002c10   0x08002c10   0x00000064   Code   RO         1104    i.Osc_Start_With_Dir  app_osc.o
    0x08002c74   0x08002c74   0x000000a0   Code   RO         1105    i.Osc_Update        app_osc.o
    0x08002d14   0x08002d14   0x00000002   Code   RO          238    i.PendSV_Handler    stm32f10x_it.o
    0x08002d16   0x08002d16   0x00000002   PAD
    0x08002d18   0x08002d18   0x00000024   Code   RO         1077    i.Print_Run         app_print.o
    0x08002d3c   0x08002d3c   0x00000018   Code   RO         1395    i.RCC_ADCCLKConfig  stm32f10x_rcc.o
    0x08002d54   0x08002d54   0x00000020   Code   RO         1397    i.RCC_APB1PeriphClockCmd  stm32f10x_rcc.o
    0x08002d74   0x08002d74   0x00000020   Code   RO         1399    i.RCC_APB2PeriphClockCmd  stm32f10x_rcc.o
    0x08002d94   0x08002d94   0x00000020   Code   RO         1400    i.RCC_APB2PeriphResetCmd  stm32f10x_rcc.o
    0x08002db4   0x08002db4   0x0000004c   Code   RO         1406    i.RCC_DeInit        stm32f10x_rcc.o
    0x08002e00   0x08002e00   0x000000d4   Code   RO         1407    i.RCC_GetClocksFreq  stm32f10x_rcc.o
    0x08002ed4   0x08002ed4   0x0000003c   Code   RO         1408    i.RCC_GetFlagStatus  stm32f10x_rcc.o
    0x08002f10   0x08002f10   0x00000010   Code   RO         1410    i.RCC_GetSYSCLKSource  stm32f10x_rcc.o
    0x08002f20   0x08002f20   0x00000018   Code   RO         1411    i.RCC_HCLKConfig    stm32f10x_rcc.o
    0x08002f38   0x08002f38   0x0000000c   Code   RO         1413    i.RCC_HSICmd        stm32f10x_rcc.o
    0x08002f44   0x08002f44   0x00000018   Code   RO         1418    i.RCC_PCLK1Config   stm32f10x_rcc.o
    0x08002f5c   0x08002f5c   0x00000018   Code   RO         1419    i.RCC_PCLK2Config   stm32f10x_rcc.o
    0x08002f74   0x08002f74   0x0000000c   Code   RO         1420    i.RCC_PLLCmd        stm32f10x_rcc.o
    0x08002f80   0x08002f80   0x0000001c   Code   RO         1421    i.RCC_PLLConfig     stm32f10x_rcc.o
    0x08002f9c   0x08002f9c   0x00000018   Code   RO         1424    i.RCC_SYSCLKConfig  stm32f10x_rcc.o
    0x08002fb4   0x08002fb4   0x00000002   Code   RO          239    i.SVC_Handler       stm32f10x_it.o
    0x08002fb6   0x08002fb6   0x00000002   PAD
    0x08002fb8   0x08002fb8   0x00000024   Code   RO           14    i.Save_And_Go_Home  main.o
    0x08002fdc   0x08002fdc   0x000000f0   Code   RO           15    i.Save_Draft        main.o
    0x080030cc   0x080030cc   0x00000002   Code   RO         1025    i.Scan_Init         app_scan.o
    0x080030ce   0x080030ce   0x00000002   PAD
    0x080030d0   0x080030d0   0x00000048   Code   RO         1026    i.Scan_Process      app_scan.o
    0x08003118   0x08003118   0x0000004c   Code   RO         1027    i.Scan_Start        app_scan.o
    0x08003164   0x08003164   0x00000002   Code   RO          365    i.SetSysClock       system_stm32f10x.o
    0x08003166   0x08003166   0x00000028   Code   RO         1225    i.SysTick_CLKSourceConfig  misc.o
    0x0800318e   0x0800318e   0x00000002   PAD
    0x08003190   0x08003190   0x00000060   Code   RO          367    i.SystemInit        system_stm32f10x.o
    0x080031f0   0x080031f0   0x00000080   Code   RO         1829    i.TI1_Config        stm32f10x_tim.o
    0x08003270   0x08003270   0x00000098   Code   RO         1830    i.TI2_Config        stm32f10x_tim.o
    0x08003308   0x08003308   0x00000090   Code   RO         1831    i.TI3_Config        stm32f10x_tim.o
    0x08003398   0x08003398   0x00000098   Code   RO         1832    i.TI4_Config        stm32f10x_tim.o
    0x08003430   0x08003430   0x00000038   Code   RO          240    i.TIM4_IRQHandler   stm32f10x_it.o
    0x08003468   0x08003468   0x00000018   Code   RO         1833    i.TIM_ARRPreloadConfig  stm32f10x_tim.o
    0x08003480   0x08003480   0x00000006   Code   RO         1840    i.TIM_ClearITPendingBit  stm32f10x_tim.o
    0x08003486   0x08003486   0x00000018   Code   RO         1845    i.TIM_Cmd           stm32f10x_tim.o
    0x0800349e   0x0800349e   0x00000042   Code   RO         1854    i.TIM_EncoderInterfaceConfig  stm32f10x_tim.o
    0x080034e0   0x080034e0   0x00000006   Code   RO         1864    i.TIM_GetCounter    stm32f10x_tim.o
    0x080034e6   0x080034e6   0x00000022   Code   RO         1866    i.TIM_GetITStatus   stm32f10x_tim.o
    0x08003508   0x08003508   0x000000ac   Code   RO         1868    i.TIM_ICInit        stm32f10x_tim.o
    0x080035b4   0x080035b4   0x00000012   Code   RO         1869    i.TIM_ICStructInit  stm32f10x_tim.o
    0x080035c6   0x080035c6   0x00000012   Code   RO         1870    i.TIM_ITConfig      stm32f10x_tim.o
    0x080035d8   0x080035d8   0x00000098   Code   RO         1874    i.TIM_OC1Init       stm32f10x_tim.o
    0x08003670   0x08003670   0x00000012   Code   RO         1877    i.TIM_OC1PreloadConfig  stm32f10x_tim.o
    0x08003682   0x08003682   0x00000002   PAD
    0x08003684   0x08003684   0x000000a4   Code   RO         1879    i.TIM_OC2Init       stm32f10x_tim.o
    0x08003728   0x08003728   0x0000001a   Code   RO         1882    i.TIM_OC2PreloadConfig  stm32f10x_tim.o
    0x08003742   0x08003742   0x00000012   Code   RO         1898    i.TIM_SelectInputTrigger  stm32f10x_tim.o
    0x08003754   0x08003754   0x00000012   Code   RO         1902    i.TIM_SelectOutputTrigger  stm32f10x_tim.o
    0x08003766   0x08003766   0x00000012   Code   RO         1903    i.TIM_SelectSlaveMode  stm32f10x_tim.o
    0x08003778   0x08003778   0x00000004   Code   RO         1904    i.TIM_SetAutoreload  stm32f10x_tim.o
    0x0800377c   0x0800377c   0x00000004   Code   RO         1906    i.TIM_SetCompare1   stm32f10x_tim.o
    0x08003780   0x08003780   0x00000004   Code   RO         1907    i.TIM_SetCompare2   stm32f10x_tim.o
    0x08003784   0x08003784   0x00000004   Code   RO         1910    i.TIM_SetCounter    stm32f10x_tim.o
    0x08003788   0x08003788   0x00000012   Code   RO         1911    i.TIM_SetIC1Prescaler  stm32f10x_tim.o
    0x0800379a   0x0800379a   0x0000001a   Code   RO         1912    i.TIM_SetIC2Prescaler  stm32f10x_tim.o
    0x080037b4   0x080037b4   0x00000012   Code   RO         1913    i.TIM_SetIC3Prescaler  stm32f10x_tim.o
    0x080037c6   0x080037c6   0x0000001a   Code   RO         1914    i.TIM_SetIC4Prescaler  stm32f10x_tim.o
    0x080037e0   0x080037e0   0x000000a4   Code   RO         1916    i.TIM_TimeBaseInit  stm32f10x_tim.o
    0x08003884   0x08003884   0x00000058   Code   RO          571    i.TMC_Write_CHOPCONF  app_motor.o
    0x080038dc   0x080038dc   0x00000046   Code   RO          572    i.TMC_Write_GCONF   app_motor.o
    0x08003922   0x08003922   0x00000078   Code   RO          573    i.TMC_Write_IRUN    app_motor.o
    0x0800399a   0x0800399a   0x00000002   PAD
    0x0800399c   0x0800399c   0x00000034   Code   RO           17    i.Temp_1Hz          main.o
    0x080039d0   0x080039d0   0x000000c4   Code   RO          716    i.UI_BlinkValue_Cur  app_oled.o
    0x08003a94   0x08003a94   0x0000005c   Code   RO          717    i.UI_BlinkValue_Speed  app_oled.o
    0x08003af0   0x08003af0   0x00000044   Code   RO          718    i.UI_Render_Cal_Comm_Fail  app_oled.o
    0x08003b34   0x08003b34   0x00000040   Code   RO          720    i.UI_Render_Cal_Step1_OK  app_oled.o
    0x08003b74   0x08003b74   0x00000040   Code   RO          721    i.UI_Render_Cal_Step2_Fail  app_oled.o
    0x08003bb4   0x08003bb4   0x000000d8   Code   RO          722    i.UI_Render_Cal_Step2_OK  app_oled.o
    0x08003c8c   0x08003c8c   0x00000034   Code   RO          723    i.UI_Render_CurEdit  app_oled.o
    0x08003cc0   0x08003cc0   0x0000006c   Code   RO          724    i.UI_Render_Home    app_oled.o
    0x08003d2c   0x08003d2c   0x0000005c   Code   RO          725    i.UI_Render_MotorMenu  app_oled.o
    0x08003d88   0x08003d88   0x0000004c   Code   RO          726    i.UI_Render_Overlay_Status  app_oled.o
    0x08003dd4   0x08003dd4   0x00000002   Code   RO          727    i.UI_Render_Overlay_Temp  app_oled.o
    0x08003dd6   0x08003dd6   0x00000002   PAD
    0x08003dd8   0x08003dd8   0x0000002c   Code   RO          728    i.UI_Render_Print_Done  app_oled.o
    0x08003e04   0x08003e04   0x0000002c   Code   RO          729    i.UI_Render_Print_Running  app_oled.o
    0x08003e30   0x08003e30   0x000000bc   Code   RO          730    i.UI_Render_Scan    app_oled.o
    0x08003eec   0x08003eec   0x0000002c   Code   RO          731    i.UI_Render_Scan_Fail  app_oled.o
    0x08003f18   0x08003f18   0x00000034   Code   RO          732    i.UI_Render_SpeedEdit  app_oled.o
    0x08003f4c   0x08003f4c   0x0000003c   Code   RO          241    i.USART1_IRQHandler  stm32f10x_it.o
    0x08003f88   0x08003f88   0x00000068   Code   RO          242    i.USART2_IRQHandler  stm32f10x_it.o
    0x08003ff0   0x08003ff0   0x0000001c   Code   RO          243    i.USART3_IRQHandler  stm32f10x_it.o
    0x0800400c   0x0800400c   0x0000001e   Code   RO         1596    i.USART_ClearITPendingBit  stm32f10x_usart.o
    0x0800402a   0x0800402a   0x00000018   Code   RO         1599    i.USART_Cmd         stm32f10x_usart.o
    0x08004042   0x08004042   0x0000001a   Code   RO         1602    i.USART_GetFlagStatus  stm32f10x_usart.o
    0x0800405c   0x0800405c   0x00000054   Code   RO         1603    i.USART_GetITStatus  stm32f10x_usart.o
    0x080040b0   0x080040b0   0x0000004a   Code   RO         1605    i.USART_ITConfig    stm32f10x_usart.o
    0x080040fa   0x080040fa   0x00000002   PAD
    0x080040fc   0x080040fc   0x000000d8   Code   RO         1606    i.USART_Init        stm32f10x_usart.o
    0x080041d4   0x080041d4   0x0000000a   Code   RO         1613    i.USART_ReceiveData  stm32f10x_usart.o
    0x080041de   0x080041de   0x00000008   Code   RO         1616    i.USART_SendData    stm32f10x_usart.o
    0x080041e6   0x080041e6   0x00000004   Code   RO          244    i.UsageFault_Handler  stm32f10x_it.o
    0x080041ea   0x080041ea   0x00000002   PAD
    0x080041ec   0x080041ec   0x00000044   Code   RO         1149    i.delay_init        delay.o
    0x08004230   0x08004230   0x0000004c   Code   RO         1150    i.delay_ms          delay.o
    0x0800427c   0x0800427c   0x00000298   Code   RO           18    i.main              main.o
    0x08004514   0x08004514   0x0000001c   Code   RO          979    i.man_recv_bit      app_calib.o
    0x08004530   0x08004530   0x0000001e   Code   RO          980    i.man_recv_bits     app_calib.o
    0x0800454e   0x0800454e   0x00000002   PAD
    0x08004550   0x08004550   0x00000044   Code   RO          981    i.man_send_bit      app_calib.o
    0x08004594   0x08004594   0x00000022   Code   RO          982    i.man_send_bits     app_calib.o
    0x080045b6   0x080045b6   0x00000002   PAD
    0x080045b8   0x080045b8   0x00000024   Code   RO          574    i.pa9_set_rx        app_motor.o
    0x080045dc   0x080045dc   0x00000024   Code   RO          575    i.pa9_set_tx        app_motor.o
    0x08004600   0x08004600   0x00000020   Code   RO         1028    i.scan_buf_reset    app_scan.o
    0x08004620   0x08004620   0x0000004c   Code   RO         1029    i.scan_probe        app_scan.o
    0x0800466c   0x0800466c   0x00000016   Code   RO          983    i.send_preamble     app_calib.o
    0x08004682   0x08004682   0x00000002   PAD
    0x08004684   0x08004684   0x00000020   Code   RO          576    i.tmc_clear_rx      app_motor.o
    0x080046a4   0x080046a4   0x00000040   Code   RO          577    i.tmc_crc8          app_motor.o
    0x080046e4   0x080046e4   0x00000082   Code   RO          578    i.tmc_init_one      app_motor.o
    0x08004766   0x08004766   0x00000002   PAD
    0x08004768   0x08004768   0x000000f8   Code   RO          579    i.tmc_read_reg      app_motor.o
    0x08004860   0x08004860   0x00000028   Code   RO          580    i.tmc_send_byte     app_motor.o
    0x08004888   0x08004888   0x00000018   Code   RO          581    i.tmc_wait_tc       app_motor.o
    0x080048a0   0x080048a0   0x00000066   Code   RO          582    i.tmc_write_reg     app_motor.o
    0x08004906   0x08004906   0x0000005c   Code   RO          583    i.tmc_write_tpwmthrs  app_motor.o
    0x08004962   0x08004962   0x00000054   Code   RO          734    i.uint_to_str       app_oled.o
    0x080049b6   0x080049b6   0x00000002   PAD
    0x080049b8   0x080049b8   0x00000020   Code   RO         1030    i.usart2_send       app_scan.o
    0x080049d8   0x080049d8   0x0000002c   Code   RO         1031    i.usart2_send_n     app_scan.o
    0x08004a04   0x08004a04   0x0000003c   Code   RO         1032    i.usart2_set_baud   app_scan.o
    0x08004a40   0x08004a40   0x00000020   Code   RO         1078    i.usart3_send       app_print.o
    0x08004a60   0x08004a60   0x00000016   Code   RO         1079    i.usart3_send_str   app_print.o
    0x08004a76   0x08004a76   0x00000002   PAD
    0x08004a78   0x08004a78   0x00000080   Code   RO          984    i.write_bank2       app_calib.o
    0x08004af8   0x08004af8   0x00000c93   Data   RO          736    .constdata          app_oled.o
    0x0800578b   0x0800578b   0x0000000c   Data   RO         1033    .constdata          app_scan.o
    0x08005797   0x08005797   0x00000001   PAD
    0x08005798   0x08005798   0x00000014   Data   RO         1080    .constdata          app_print.o
    0x080057ac   0x080057ac   0x0000000c   Data   RO          737    .conststring        app_oled.o
    0x080057b8   0x080057b8   0x00000024   Data   RO         1081    .conststring        app_print.o
    0x080057dc   0x080057dc   0x00000020   Data   RO         3142    Region$$Table       anon$$obj.o


    Execution Region ER_RW (Exec base: 0x20000000, Load base: 0x080057fc, Size: 0x000000b4, Max: 0xffffffff, ABSOLUTE)

    Exec Addr    Load Addr    Size         Type   Attr      Idx    E Section Name        Object

    0x20000000   0x080057fc   0x00000034   Data   RW           21    .data               main.o
    0x20000034   0x08005830   0x00000014   Data   RW          368    .data               system_stm32f10x.o
    0x20000048   0x08005844   0x00000032   Data   RW          527    .data               app_config.o
    0x2000007a   0x08005876   0x00000002   PAD
    0x2000007c   0x08005878   0x00000014   Data   RW          738    .data               app_oled.o
    0x20000090   0x0800588c   0x00000004   Data   RW         1034    .data               app_scan.o
    0x20000094   0x08005890   0x00000006   Data   RW         1106    .data               app_osc.o
    0x2000009a   0x08005896   0x00000004   Data   RW         1152    .data               delay.o
    0x2000009e   0x0800589a   0x00000014   Data   RW         1427    .data               stm32f10x_rcc.o


    Execution Region ER_ZI (Exec base: 0x200000b4, Load base: 0x080058b0, Size: 0x00000b64, Max: 0xffffffff, ABSOLUTE)

    Exec Addr    Load Addr    Size         Type   Attr      Idx    E Section Name        Object

    0x200000b4        -       0x00000040   Zero   RW           19    .bss                main.o
    0x200000f4        -       0x000000a6   Zero   RW          526    .bss                app_config.o
    0x2000019a   0x080058b0   0x00000002   PAD
    0x2000019c        -       0x00000018   Zero   RW          584    .bss                app_motor.o
    0x200001b4        -       0x00000400   Zero   RW          735    .bss                app_oled.o
    0x200005b4        -       0x00000060   Zero   RW         3016    .bss                c_w.l(libspace.o)
    0x20000614   0x080058b0   0x00000004   PAD
    0x20000618        -       0x00000200   Zero   RW         1215    HEAP                startup_stm32f10x_hd.o
    0x20000818        -       0x00000400   Zero   RW         1214    STACK               startup_stm32f10x_hd.o


==============================================================================

Image component sizes


      Code (inc. data)   RO Data    RW Data    ZI Data      Debug   Object Name

       482         38          0          0          0       5192   app_calib.o
         0          0          0         50        166       3423   app_config.o
       300         30          0          0          0       2521   app_flash.o
      1830        110          0          0         24      12157   app_motor.o
      3914        338       3231         20       1024      27300   app_oled.o
       424         98          0          6          0       4705   app_osc.o
        90          8         56          0          0       1532   app_print.o
       394         48         12          4          0       4744   app_scan.o
      2172        132          0          0          0       9839   bsp.o
       144         22          0          4          0       1188   delay.o
        56         10          0          0          0        483   led.o
      2640        414          0         52         64     289850   main.o
       172         22          0          0          0       2041   misc.o
        64         26        304          0       1536        792   startup_stm32f10x_hd.o
       486         24          0          0          0       8550   stm32f10x_adc.o
       200         18          0          0          0       2092   stm32f10x_exti.o
       370         44          0          0          0       5923   stm32f10x_flash.o
       486         10          0          0          0       3404   stm32f10x_gpio.o
       430         14          0          0          0       6566   stm32f10x_i2c.o
       912        186          0          0          0       7751   stm32f10x_it.o
       632        104          0         20          0      10891   stm32f10x_rcc.o
      1626        180          0          0          0      18343   stm32f10x_tim.o
       472          6          0          0          0       6775   stm32f10x_usart.o
         0          0          0          0          0         32   sys.o
        98         18          0         20          0       1425   system_stm32f10x.o

    ----------------------------------------------------------------------
     18450       1900       3636        180       2816     437519   Object Totals
         0          0         32          0          0          0   (incl. Generated)
        56          0          1          4          2          0   (incl. Padding)

    ----------------------------------------------------------------------

      Code (inc. data)   RO Data    RW Data    ZI Data      Debug   Library Member Name

         8          0          0          0          0         68   __main.o
         0          0          0          0          0          0   __rtentry.o
        12          0          0          0          0          0   __rtentry2.o
         6          0          0          0          0          0   __rtentry4.o
        52          8          0          0          0          0   __scatter.o
        26          0          0          0          0          0   __scatter_copy.o
        28          0          0          0          0          0   __scatter_zi.o
        16          0          0          0          0         68   aeabi_memset.o
        18          0          0          0          0         80   exit.o
         6          0          0          0          0        152   heapauxi.o
         0          0          0          0          0          0   indicate_semi.o
         2          0          0          0          0          0   libinit.o
         2          0          0          0          0          0   libinit2.o
         2          0          0          0          0          0   libshutdown.o
         2          0          0          0          0          0   libshutdown2.o
         8          4          0          0         96         68   libspace.o
        68          0          0          0          0         68   rt_memclr.o
        78          0          0          0          0         80   rt_memclr_w.o
         2          0          0          0          0          0   rtexit.o
        10          0          0          0          0          0   rtexit2.o
        12          4          0          0          0         68   sys_exit.o
        74          0          0          0          0         80   sys_stackheap_outer.o
         2          0          0          0          0         68   use_no_semi.o

    ----------------------------------------------------------------------
       438         16          0          0        100        800   Library Totals
         4          0          0          0          4          0   (incl. Padding)

    ----------------------------------------------------------------------

      Code (inc. data)   RO Data    RW Data    ZI Data      Debug   Library Name

       434         16          0          0         96        800   c_w.l

    ----------------------------------------------------------------------
       438         16          0          0        100        800   Library Totals

    ----------------------------------------------------------------------

==============================================================================


      Code (inc. data)   RO Data    RW Data    ZI Data      Debug   

     18888       1916       3636        180       2916     426355   Grand Totals
     18888       1916       3636        180       2916     426355   ELF Image Totals
     18888       1916       3636        180          0          0   ROM Totals

==============================================================================

    Total RO  Size (Code + RO Data)                22524 (  22.00kB)
    Total RW  Size (RW Data + ZI Data)              3096 (   3.02kB)
    Total ROM Size (Code + RO Data + RW Data)      22704 (  22.17kB)

==============================================================================

