Component: ARM Compiler 5.06 update 6 (build 750) Tool: armlink [4d35ed]

==============================================================================

Section Cross References

    startup_stm32f103xb.o(STACK) refers (Special) to heapauxi.o(.text) for __use_two_region_memory
    startup_stm32f103xb.o(HEAP) refers (Special) to heapauxi.o(.text) for __use_two_region_memory
    startup_stm32f103xb.o(RESET) refers (Special) to heapauxi.o(.text) for __use_two_region_memory
    startup_stm32f103xb.o(RESET) refers to startup_stm32f103xb.o(STACK) for __initial_sp
    startup_stm32f103xb.o(RESET) refers to startup_stm32f103xb.o(.text) for Reset_Handler
    startup_stm32f103xb.o(RESET) refers to stm32f1xx_it.o(i.NMI_Handler) for NMI_Handler
    startup_stm32f103xb.o(RESET) refers to stm32f1xx_it.o(i.HardFault_Handler) for HardFault_Handler
    startup_stm32f103xb.o(RESET) refers to stm32f1xx_it.o(i.MemManage_Handler) for MemManage_Handler
    startup_stm32f103xb.o(RESET) refers to stm32f1xx_it.o(i.BusFault_Handler) for BusFault_Handler
    startup_stm32f103xb.o(RESET) refers to stm32f1xx_it.o(i.UsageFault_Handler) for UsageFault_Handler
    startup_stm32f103xb.o(RESET) refers to stm32f1xx_it.o(i.SVC_Handler) for SVC_Handler
    startup_stm32f103xb.o(RESET) refers to stm32f1xx_it.o(i.DebugMon_Handler) for DebugMon_Handler
    startup_stm32f103xb.o(RESET) refers to stm32f1xx_it.o(i.PendSV_Handler) for PendSV_Handler
    startup_stm32f103xb.o(RESET) refers to stm32f1xx_it.o(i.SysTick_Handler) for SysTick_Handler
    startup_stm32f103xb.o(RESET) refers to stm32f1xx_it.o(i.USB_LP_CAN1_RX0_IRQHandler) for USB_LP_CAN1_RX0_IRQHandler
    startup_stm32f103xb.o(RESET) refers to stm32f1xx_it.o(i.EXTI9_5_IRQHandler) for EXTI9_5_IRQHandler
    startup_stm32f103xb.o(RESET) refers to stm32f1xx_it.o(i.TIM2_IRQHandler) for TIM2_IRQHandler
    startup_stm32f103xb.o(.text) refers (Special) to heapauxi.o(.text) for __use_two_region_memory
    startup_stm32f103xb.o(.text) refers to system_stm32f1xx.o(i.SystemInit) for SystemInit
    startup_stm32f103xb.o(.text) refers to __main.o(!!!main) for __main
    startup_stm32f103xb.o(.text) refers to startup_stm32f103xb.o(HEAP) for Heap_Mem
    startup_stm32f103xb.o(.text) refers to startup_stm32f103xb.o(STACK) for Stack_Mem
    opb9000.o(i.HAL_GPIO_EXTI_Callback) refers to opb9000.o(i.__CAL_GET) for __CAL_GET
    opb9000.o(i.HAL_GPIO_EXTI_Callback) refers to opb9000.o(i.__OUT_GET) for __OUT_GET
    opb9000.o(i.HAL_GPIO_EXTI_Callback) refers to opb9000.o(.data) for OPB9000_Com_Status
    opb9000.o(i.HAL_TIM_PeriodElapsedCallback) refers to tim.o(i.TIM2_Disable) for TIM2_Disable
    opb9000.o(i.HAL_TIM_PeriodElapsedCallback) refers to opb9000.o(i.__CAL_SET) for __CAL_SET
    opb9000.o(i.HAL_TIM_PeriodElapsedCallback) refers to opb9000.o(i.__CAL_RESET) for __CAL_RESET
    opb9000.o(i.HAL_TIM_PeriodElapsedCallback) refers to opb9000.o(i.__CAL_IN) for __CAL_IN
    opb9000.o(i.HAL_TIM_PeriodElapsedCallback) refers to opb9000.o(i.findData) for findData
    opb9000.o(i.HAL_TIM_PeriodElapsedCallback) refers to opb9000.o(i.__CAL_OUT) for __CAL_OUT
    opb9000.o(i.HAL_TIM_PeriodElapsedCallback) refers to opb9000.o(i.reverseBitsInRange) for reverseBitsInRange
    opb9000.o(i.HAL_TIM_PeriodElapsedCallback) refers to stm32f1xx_hal.o(i.HAL_GetTick) for HAL_GetTick
    opb9000.o(i.HAL_TIM_PeriodElapsedCallback) refers to opb9000.o(.data) for OPB9000_Cmd_Status
    opb9000.o(i.HAL_TIM_PeriodElapsedCallback) refers to opb9000.o(.bss) for ManchesterData
    opb9000.o(i.OPB9000_Calibrate_Request) refers to opb9000.o(i.__CAL_OUT) for __CAL_OUT
    opb9000.o(i.OPB9000_Calibrate_Request) refers to opb9000.o(i.__CAL_RESET) for __CAL_RESET
    opb9000.o(i.OPB9000_Calibrate_Request) refers to tim.o(i.TIM2_Enable) for TIM2_Enable
    opb9000.o(i.OPB9000_Calibrate_Request) refers to opb9000.o(.data) for OPB9000_Cal_Result
    opb9000.o(i.OPB9000_Calibrate_Stand) refers to opb9000.o(i.setOPB9000Bank2) for setOPB9000Bank2
    opb9000.o(i.OPB9000_Calibrate_Stand) refers to opb9000.o(i.OPB9000_WriteBank2bits) for OPB9000_WriteBank2bits
    opb9000.o(i.OPB9000_Calibrate_Stand) refers to stm32f1xx_hal.o(i.HAL_Delay) for HAL_Delay
    opb9000.o(i.OPB9000_Calibrate_Stand) refers to usbd_cdc_if.o(i.USB_CDC_Ptintf) for USB_CDC_Ptintf
    opb9000.o(i.OPB9000_Calibrate_Stand) refers to opb9000.o(i.OPB9000_Read_Request) for OPB9000_Read_Request
    opb9000.o(i.OPB9000_Calibrate_Stand) refers to stm32f1xx_hal_gpio.o(i.HAL_GPIO_ReadPin) for HAL_GPIO_ReadPin
    opb9000.o(i.OPB9000_Calibrate_Stand) refers to stm32f1xx_hal_gpio.o(i.HAL_GPIO_WritePin) for HAL_GPIO_WritePin
    opb9000.o(i.OPB9000_Calibrate_Stand) refers to opb9000.o(i.OPB9000_Calibrate_Request) for OPB9000_Calibrate_Request
    opb9000.o(i.OPB9000_Calibrate_Stand) refers to opb9000.o(.data) for OPB9000_Com_Status
    opb9000.o(i.OPB9000_Read_Request) refers to opb9000.o(i.__CAL_OUT) for __CAL_OUT
[...]
    __rt_lib_init_rand_1                     0x08000233   Thumb Code     0  libinit2.o(.ARM.Collect$$libinit$$0000000E)
    __rt_lib_init_user_alloc_1               0x08000233   Thumb Code     0  libinit2.o(.ARM.Collect$$libinit$$0000000C)
    __rt_lib_init_lc_collate_1               0x08000239   Thumb Code     0  libinit2.o(.ARM.Collect$$libinit$$00000011)
    __rt_lib_init_lc_ctype_2                 0x08000239   Thumb Code     0  libinit2.o(.ARM.Collect$$libinit$$00000012)
    __rt_lib_init_lc_ctype_1                 0x08000245   Thumb Code     0  libinit2.o(.ARM.Collect$$libinit$$00000013)
    __rt_lib_init_lc_monetary_1              0x08000245   Thumb Code     0  libinit2.o(.ARM.Collect$$libinit$$00000015)
    __rt_lib_init_lc_numeric_2               0x08000245   Thumb Code     0  libinit2.o(.ARM.Collect$$libinit$$00000016)
    __rt_lib_init_alloca_1                   0x0800024f   Thumb Code     0  libinit2.o(.ARM.Collect$$libinit$$0000002E)
    __rt_lib_init_argv_1                     0x0800024f   Thumb Code     0  libinit2.o(.ARM.Collect$$libinit$$0000002C)
    __rt_lib_init_atexit_1                   0x0800024f   Thumb Code     0  libinit2.o(.ARM.Collect$$libinit$$0000001B)
    __rt_lib_init_clock_1                    0x0800024f   Thumb Code     0  libinit2.o(.ARM.Collect$$libinit$$00000021)
    __rt_lib_init_cpp_1                      0x0800024f   Thumb Code     0  libinit2.o(.ARM.Collect$$libinit$$00000032)
    __rt_lib_init_exceptions_1               0x0800024f   Thumb Code     0  libinit2.o(.ARM.Collect$$libinit$$00000030)
    __rt_lib_init_fp_trap_1                  0x0800024f   Thumb Code     0  libinit2.o(.ARM.Collect$$libinit$$0000001F)
    __rt_lib_init_getenv_1                   0x0800024f   Thumb Code     0  libinit2.o(.ARM.Collect$$libinit$$00000023)
    __rt_lib_init_lc_numeric_1               0x0800024f   Thumb Code     0  libinit2.o(.ARM.Collect$$libinit$$00000017)
    __rt_lib_init_lc_time_1                  0x0800024f   Thumb Code     0  libinit2.o(.ARM.Collect$$libinit$$00000019)
    __rt_lib_init_return                     0x0800024f   Thumb Code     0  libinit2.o(.ARM.Collect$$libinit$$00000033)
    __rt_lib_init_signal_1                   0x0800024f   Thumb Code     0  libinit2.o(.ARM.Collect$$libinit$$0000001D)
    __rt_lib_init_stdio_1                    0x0800024f   Thumb Code     0  libinit2.o(.ARM.Collect$$libinit$$00000025)
    __rt_lib_shutdown                        0x08000251   Thumb Code     0  libshutdown.o(.ARM.Collect$$libshutdown$$00000000)
    __rt_lib_shutdown_cpp_1                  0x08000253   Thumb Code     0  libshutdown2.o(.ARM.Collect$$libshutdown$$00000002)
    __rt_lib_shutdown_fp_trap_1              0x08000253   Thumb Code     0  libshutdown2.o(.ARM.Collect$$libshutdown$$00000007)
    __rt_lib_shutdown_heap_1                 0x08000253   Thumb Code     0  libshutdown2.o(.ARM.Collect$$libshutdown$$0000000F)
    __rt_lib_shutdown_return                 0x08000253   Thumb Code     0  libshutdown2.o(.ARM.Collect$$libshutdown$$00000010)
    __rt_lib_shutdown_signal_1               0x08000253   Thumb Code     0  libshutdown2.o(.ARM.Collect$$libshutdown$$0000000A)
    __rt_lib_shutdown_stdio_1                0x08000253   Thumb Code     0  libshutdown2.o(.ARM.Collect$$libshutdown$$00000004)
    __rt_lib_shutdown_user_alloc_1           0x08000253   Thumb Code     0  libshutdown2.o(.ARM.Collect$$libshutdown$$0000000C)
    __rt_entry                               0x08000255   Thumb Code     0  __rtentry.o(.ARM.Collect$$rtentry$$00000000)
    __rt_entry_presh_1                       0x08000255   Thumb Code     0  __rtentry2.o(.ARM.Collect$$rtentry$$00000002)
    __rt_entry_sh                            0x08000255   Thumb Code     0  __rtentry4.o(.ARM.Collect$$rtentry$$00000004)
    __rt_entry_li                            0x0800025b   Thumb Code     0  __rtentry2.o(.ARM.Collect$$rtentry$$0000000A)
    __rt_entry_postsh_1                      0x0800025b   Thumb Code     0  __rtentry2.o(.ARM.Collect$$rtentry$$00000009)
    __rt_entry_main                          0x0800025f   Thumb Code     0  __rtentry2.o(.ARM.Collect$$rtentry$$0000000D)
    __rt_entry_postli_1                      0x0800025f   Thumb Code     0  __rtentry2.o(.ARM.Collect$$rtentry$$0000000C)
    __rt_exit                                0x08000267   Thumb Code     0  rtexit.o(.ARM.Collect$$rtexit$$00000000)
    __rt_exit_ls                             0x08000269   Thumb Code     0  rtexit2.o(.ARM.Collect$$rtexit$$00000003)
    __rt_exit_prels_1                        0x08000269   Thumb Code     0  rtexit2.o(.ARM.Collect$$rtexit$$00000002)
    __rt_exit_exit                           0x0800026d   Thumb Code     0  rtexit2.o(.ARM.Collect$$rtexit$$00000004)
    Reset_Handler                            0x08000275   Thumb Code     8  startup_stm32f103xb.o(.text)
    ADC1_2_IRQHandler                        0x0800028f   Thumb Code     0  startup_stm32f103xb.o(.text)
    CAN1_RX1_IRQHandler                      0x0800028f   Thumb Code     0  startup_stm32f103xb.o(.text)
    CAN1_SCE_IRQHandler                      0x0800028f   Thumb Code     0  startup_stm32f103xb.o(.text)
    DMA1_Channel1_IRQHandler                 0x0800028f   Thumb Code     0  startup_stm32f103xb.o(.text)
    DMA1_Channel2_IRQHandler                 0x0800028f   Thumb Code     0  startup_stm32f103xb.o(.text)
    DMA1_Channel3_IRQHandler                 0x0800028f   Thumb Code     0  startup_stm32f103xb.o(.text)
    DMA1_Channel4_IRQHandler                 0x0800028f   Thumb Code     0  startup_stm32f103xb.o(.text)
    DMA1_Channel5_IRQHandler                 0x0800028f   Thumb Code     0  startup_stm32f103xb.o(.text)
    DMA1_Channel6_IRQHandler                 0x0800028f   Thumb Code     0  startup_stm32f103xb.o(.text)
    DMA1_Channel7_IRQHandler                 0x0800028f   Thumb Code     0  startup_stm32f103xb.o(.text)
    EXTI0_IRQHandler                         0x0800028f   Thumb Code     0  startup_stm32f103xb.o(.text)
    EXTI15_10_IRQHandler                     0x0800028f   Thumb Code     0  startup_stm32f103xb.o(.text)
    EXTI1_IRQHandler                         0x0800028f   Thumb Code     0  startup_stm32f103xb.o(.text)
    EXTI2_IRQHandler                         0x0800028f   Thumb Code     0  startup_stm32f103xb.o(.text)
    EXTI3_IRQHandler                         0x0800028f   Thumb Code     0  startup_stm32f103xb.o(.text)
    EXTI4_IRQHandler                         0x0800028f   Thumb Code     0  startup_stm32f103xb.o(.text)
    FLASH_IRQHandler                         0x0800028f   Thumb Code     0  startup_stm32f103xb.o(.text)
    I2C1_ER_IRQHandler                       0x0800028f   Thumb Code     0  startup_stm32f103xb.o(.text)
    I2C1_EV_IRQHandler                       0x0800028f   Thumb Code     0  startup_stm32f103xb.o(.text)
    I2C2_ER_IRQHandler                       0x0800028f   Thumb Code     0  startup_stm32f103xb.o(.text)
    I2C2_EV_IRQHandler                       0x0800028f   Thumb Code     0  startup_stm32f103xb.o(.text)
    PVD_IRQHandler                           0x0800028f   Thumb Code     0  startup_stm32f103xb.o(.text)
    RCC_IRQHandler                           0x0800028f   Thumb Code     0  startup_stm32f103xb.o(.text)
    RTC_Alarm_IRQHandler                     0x0800028f   Thumb Code     0  startup_stm32f103xb.o(.text)
    RTC_IRQHandler                           0x0800028f   Thumb Code     0  startup_stm32f103xb.o(.text)
    SPI1_IRQHandler                          0x0800028f   Thumb Code     0  startup_stm32f103xb.o(.text)
    SPI2_IRQHandler                          0x0800028f   Thumb Code     0  startup_stm32f103xb.o(.text)
    TAMPER_IRQHandler                        0x0800028f   Thumb Code     0  startup_stm32f103xb.o(.text)
    TIM1_BRK_IRQHandler                      0x0800028f   Thumb Code     0  startup_stm32f103xb.o(.text)
    TIM1_CC_IRQHandler                       0x0800028f   Thumb Code     0  startup_stm32f103xb.o(.text)
    TIM1_TRG_COM_IRQHandler                  0x0800028f   Thumb Code     0  startup_stm32f103xb.o(.text)
    TIM1_UP_IRQHandler                       0x0800028f   Thumb Code     0  startup_stm32f103xb.o(.text)
    TIM3_IRQHandler                          0x0800028f   Thumb Code     0  startup_stm32f103xb.o(.text)
    TIM4_IRQHandler                          0x0800028f   Thumb Code     0  startup_stm32f103xb.o(.text)
    USART1_IRQHandler                        0x0800028f   Thumb Code     0  startup_stm32f103xb.o(.text)
    USART2_IRQHandler                        0x0800028f   Thumb Code     0  startup_stm32f103xb.o(.text)
    USART3_IRQHandler                        0x0800028f   Thumb Code     0  startup_stm32f103xb.o(.text)
    USBWakeUp_IRQHandler                     0x0800028f   Thumb Code     0  startup_stm32f103xb.o(.text)
    USB_HP_CAN1_TX_IRQHandler                0x0800028f   Thumb Code     0  startup_stm32f103xb.o(.text)
    WWDG_IRQHandler                          0x0800028f   Thumb Code     0  startup_stm32f103xb.o(.text)
    __user_initial_stackheap                 0x08000291   Thumb Code     0  startup_stm32f103xb.o(.text)
    vsnprintf                                0x080002b5   Thumb Code    48  vsnprintf.o(.text)
    __0sscanf                                0x080002e9   Thumb Code    52  __0sscanf.o(.text)
    _scanf_int                               0x08000325   Thumb Code   332  _scanf_int.o(.text)
    _scanf_string                            0x08000471   Thumb Code   224  _scanf_str.o(.text)
    __aeabi_memcpy                           0x08000551   Thumb Code     0  rt_memcpy_v6.o(.text)
    __rt_memcpy                              0x08000551   Thumb Code   138  rt_memcpy_v6.o(.text)
    _memcpy_lastbytes                        0x080005b7   Thumb Code     0  rt_memcpy_v6.o(.text)
    __aeabi_memcpy4                          0x080005db   Thumb Code     0  rt_memcpy_w.o(.text)
    __aeabi_memcpy8                          0x080005db   Thumb Code     0  rt_memcpy_w.o(.text)
    __rt_memcpy_w                            0x080005db   Thumb Code   100  rt_memcpy_w.o(.text)
    _memcpy_lastbytes_aligned                0x08000623   Thumb Code     0  rt_memcpy_w.o(.text)
    __aeabi_memclr                           0x0800063f   Thumb Code     0  rt_memclr.o(.text)
    __rt_memclr                              0x0800063f   Thumb Code    68  rt_memclr.o(.text)
    _memset                                  0x08000643   Thumb Code     0  rt_memclr.o(.text)
    __aeabi_memclr4                          0x08000683   Thumb Code     0  rt_memclr_w.o(.text)
    __aeabi_memclr8                          0x08000683   Thumb Code     0  rt_memclr_w.o(.text)
    __rt_memclr_w                            0x08000683   Thumb Code    78  rt_memclr_w.o(.text)
    _memset_w                                0x08000687   Thumb Code     0  rt_memclr_w.o(.text)
    strcmp                                   0x080006d1   Thumb Code   128  strcmpv7m.o(.text)
    __use_two_region_memory                  0x08000751   Thumb Code     2  heapauxi.o(.text)
    __rt_heap_escrow$2region                 0x08000753   Thumb Code     2  heapauxi.o(.text)
    __rt_heap_expand$2region                 0x08000755   Thumb Code     2  heapauxi.o(.text)
    _printf_pre_padding                      0x08000757   Thumb Code    44  _printf_pad.o(.text)
    _printf_post_padding                     0x08000783   Thumb Code    34  _printf_pad.o(.text)
    _printf_truncate_signed                  0x080007a5   Thumb Code    18  _printf_truncate.o(.text)
    _printf_truncate_unsigned                0x080007b7   Thumb Code    18  _printf_truncate.o(.text)
    _printf_str                              0x080007c9   Thumb Code    82  _printf_str.o(.text)
    _printf_int_dec                          0x0800081d   Thumb Code   104  _printf_dec.o(.text)
    _printf_charcount                        0x08000895   Thumb Code    40  _printf_charcount.o(.text)
    _printf_char_common                      0x080008c7   Thumb Code    32  _printf_char_common.o(.text)
    _sputc                                   0x080008ed   Thumb Code    10  _sputc.o(.text)
    _snputc                                  0x080008f7   Thumb Code    16  _snputc.o(.text)
    _printf_wctomb                           0x08000909   Thumb Code   182  _printf_wctomb.o(.text)
    _printf_longlong_dec                     0x080009c5   Thumb Code   108  _printf_longlong_dec.o(.text)
    _printf_longlong_oct                     0x08000a41   Thumb Code    66  _printf_oct_int_ll.o(.text)
    _printf_int_oct                          0x08000a83   Thumb Code    24  _printf_oct_int_ll.o(.text)
    _printf_ll_oct                           0x08000a9b   Thumb Code    12  _printf_oct_int_ll.o(.text)
    _printf_longlong_hex                     0x08000ab1   Thumb Code    86  _printf_hex_int_ll_ptr.o(.text)
    _printf_int_hex                          0x08000b07   Thumb Code    28  _printf_hex_int_ll_ptr.o(.text)
    _printf_ll_hex                           0x08000b23   Thumb Code    12  _printf_hex_int_ll_ptr.o(.text)
    _printf_hex_ptr                          0x08000b2f   Thumb Code    18  _printf_hex_int_ll_ptr.o(.text)
    __printf                                 0x08000b45   Thumb Code   388  __printf_flags_ss_wp.o(.text)
    _chval                                   0x08000ccd   Thumb Code    28  _chval.o(.text)
    __vfscanf_char                           0x08000cf5   Thumb Code    24  scanf_char.o(.text)
    _sgetc                                   0x08000d15   Thumb Code    30  _sgetc.o(.text)
    _sbackspace                              0x08000d33   Thumb Code    34  _sgetc.o(.text)
    _ll_udiv10                               0x08000d55   Thumb Code   138  lludiv10.o(.text)
    isspace                                  0x08000ddf   Thumb Code    18  isspace.o(.text)
    _printf_int_common                       0x08000df1   Thumb Code   178  _printf_intcommon.o(.text)
    __lib_sel_fp_printf                      0x08000ea3   Thumb Code     2  _printf_fp_dec.o(.text)
    _printf_fp_dec_real                      0x08001055   Thumb Code   620  _printf_fp_dec.o(.text)
    _printf_fp_hex_real                      0x080012c1   Thumb Code   756  _printf_fp_hex.o(.text)
    _printf_cs_common                        0x080015bd   Thumb Code    20  _printf_char.o(.text)
    _printf_char                             0x080015d1   Thumb Code    16  _printf_char.o(.text)
    _printf_string                           0x080015e1   Thumb Code     8  _printf_char.o(.text)
    _printf_lcs_common                       0x080015e9   Thumb Code    20  _printf_wchar.o(.text)
    _printf_wchar                            0x080015fd   Thumb Code    16  _printf_wchar.o(.text)
    _printf_wstring                          0x0800160d   Thumb Code     8  _printf_wchar.o(.text)
    __vfscanf                                0x08001615   Thumb Code   878  _scanf.o(.text)
    _wcrtomb                                 0x08001989   Thumb Code    64  _wcrtomb.o(.text)
    __user_setup_stackheap                   0x080019c9   Thumb Code    74  sys_stackheap_outer.o(.text)
    __rt_ctype_table                         0x08001a15   Thumb Code    16  rt_ctype_table.o(.text)
    __rt_locale                              0x08001a25   Thumb Code     8  rt_locale_intlibspace.o(.text)
    _printf_fp_infnan                        0x08001a2d   Thumb Code   112  _printf_fp_infnan.o(.text)
    _btod_etento                             0x08001aad   Thumb Code   224  bigflt0.o(.text)
    exit                                     0x08001b91   Thumb Code    18  exit.o(.text)
    __user_libspace                          0x08001ba5   Thumb Code     8  libspace.o(.text)
    __user_perproc_libspace                  0x08001ba5   Thumb Code     0  libspace.o(.text)
    __user_perthread_libspace                0x08001ba5   Thumb Code     0  libspace.o(.text)
    _sys_exit                                0x08001bad   Thumb Code     8  sys_exit.o(.text)
    __I$use$semihosting                      0x08001bb9   Thumb Code     0  use_no_semi.o(.text)
    __use_no_semihosting_swi                 0x08001bb9   Thumb Code     2  use_no_semi.o(.text)
    __semihosting_library_function           0x08001bbb   Thumb Code     0  indicate_semi.o(.text)
    _btod_d2e                                0x08001bbb   Thumb Code    62  btod.o(CL$$btod_d2e)
    _d2e_denorm_low                          0x08001bf9   Thumb Code    70  btod.o(CL$$btod_d2e_denorm_low)
    _d2e_norm_op1                            0x08001c3f   Thumb Code    96  btod.o(CL$$btod_d2e_norm_op1)
    __btod_div_common                        0x08001c9f   Thumb Code   696  btod.o(CL$$btod_div_common)
    _e2e                                     0x08001fd7   Thumb Code   220  btod.o(CL$$btod_e2e)
    _btod_ediv                               0x080020b3   Thumb Code    42  btod.o(CL$$btod_ediv)
    _btod_emul                               0x080020dd   Thumb Code    42  btod.o(CL$$btod_emul)
    __btod_mult_common                       0x08002107   Thumb Code   580  btod.o(CL$$btod_mult_common)
    BusFault_Handler                         0x0800234b   Thumb Code     4  stm32f1xx_it.o(i.BusFault_Handler)
    CDC_Transmit_FS                          0x08002495   Thumb Code    50  usbd_cdc_if.o(i.CDC_Transmit_FS)
    DebugMon_Handler                         0x080024cd   Thumb Code     2  stm32f1xx_it.o(i.DebugMon_Handler)
    EXTI9_5_IRQHandler                       0x080024cf   Thumb Code    20  stm32f1xx_it.o(i.EXTI9_5_IRQHandler)
    Error_Handler                            0x080024e3   Thumb Code     6  main.o(i.Error_Handler)
    GPIOB_Pin8_In_Init                       0x080024e9   Thumb Code    56  gpio.o(i.GPIOB_Pin8_In_Init)
    GPIOB_Pin8_Out_Init                      0x08002529   Thumb Code    58  gpio.o(i.GPIOB_Pin8_Out_Init)
    HAL_Delay                                0x0800258d   Thumb Code    36  stm32f1xx_hal.o(i.HAL_Delay)
    HAL_GPIO_DeInit                          0x080025b5   Thumb Code   284  stm32f1xx_hal_gpio.o(i.HAL_GPIO_DeInit)
    HAL_GPIO_EXTI_Callback                   0x080026e9   Thumb Code    72  opb9000.o(i.HAL_GPIO_EXTI_Callback)
    HAL_GPIO_EXTI_IRQHandler                 0x08002741   Thumb Code    24  stm32f1xx_hal_gpio.o(i.HAL_GPIO_EXTI_IRQHandler)
    HAL_GPIO_Init                            0x0800275d   Thumb Code   766  stm32f1xx_hal_gpio.o(i.HAL_GPIO_Init)
    HAL_GPIO_ReadPin                         0x08002a7d   Thumb Code    16  stm32f1xx_hal_gpio.o(i.HAL_GPIO_ReadPin)
    HAL_GPIO_TogglePin                       0x08002a8d   Thumb Code    20  stm32f1xx_hal_gpio.o(i.HAL_GPIO_TogglePin)
    HAL_GPIO_WritePin                        0x08002aa1   Thumb Code    12  stm32f1xx_hal_gpio.o(i.HAL_GPIO_WritePin)
    HAL_GetTick                              0x08002aad   Thumb Code     6  stm32f1xx_hal.o(i.HAL_GetTick)
    HAL_IncTick                              0x08002ab9   Thumb Code    16  stm32f1xx_hal.o(i.HAL_IncTick)
    HAL_Init                                 0x08002ad1   Thumb Code    34  stm32f1xx_hal.o(i.HAL_Init)
    HAL_InitTick                             0x08002af9   Thumb Code    64  stm32f1xx_hal.o(i.HAL_InitTick)
    HAL_MspInit                              0x08002b45   Thumb Code    82  stm32f1xx_hal_msp.o(i.HAL_MspInit)
    HAL_NVIC_EnableIRQ                       0x08002ba1   Thumb Code    32  stm32f1xx_hal_cortex.o(i.HAL_NVIC_EnableIRQ)
    HAL_NVIC_SetPriority                     0x08002bc1   Thumb Code   124  stm32f1xx_hal_cortex.o(i.HAL_NVIC_SetPriority)
    HAL_NVIC_SetPriorityGrouping             0x08002c3d   Thumb Code    32  stm32f1xx_hal_cortex.o(i.HAL_NVIC_SetPriorityGrouping)
    HAL_PCDEx_PMAConfig                      0x08002c65   Thumb Code    68  stm32f1xx_hal_pcd_ex.o(i.HAL_PCDEx_PMAConfig)
    HAL_PCDEx_SetConnectionState             0x08002ca9   Thumb Code     2  usbd_conf.o(i.HAL_PCDEx_SetConnectionState)
    HAL_PCD_DataInStageCallback              0x08002cab   Thumb Code    32  usbd_conf.o(i.HAL_PCD_DataInStageCallback)
    HAL_PCD_DataOutStageCallback             0x08002ccb   Thumb Code    32  usbd_conf.o(i.HAL_PCD_DataOutStageCallback)
    HAL_PCD_EP_Close                         0x08002ceb   Thumb Code   106  stm32f1xx_hal_pcd.o(i.HAL_PCD_EP_Close)
    HAL_PCD_EP_ClrStall                      0x08002d55   Thumb Code   124  stm32f1xx_hal_pcd.o(i.HAL_PCD_EP_ClrStall)
    HAL_PCD_EP_GetRxCount                    0x08003467   Thumb Code    22  stm32f1xx_hal_pcd.o(i.HAL_PCD_EP_GetRxCount)
    HAL_PCD_EP_Open                          0x0800347d   Thumb Code   132  stm32f1xx_hal_pcd.o(i.HAL_PCD_EP_Open)
    HAL_PCD_EP_Receive                       0x08003501   Thumb Code    60  stm32f1xx_hal_pcd.o(i.HAL_PCD_EP_Receive)
    HAL_PCD_EP_SetStall                      0x0800353d   Thumb Code   136  stm32f1xx_hal_pcd.o(i.HAL_PCD_EP_SetStall)
    HAL_PCD_EP_Transmit                      0x080035c5   Thumb Code    70  stm32f1xx_hal_pcd.o(i.HAL_PCD_EP_Transmit)
    HAL_PCD_IRQHandler                       0x0800360b   Thumb Code   460  stm32f1xx_hal_pcd.o(i.HAL_PCD_IRQHandler)
    HAL_PCD_Init                             0x080037d7   Thumb Code   330  stm32f1xx_hal_pcd.o(i.HAL_PCD_Init)
    HAL_PCD_MspInit                          0x08003921   Thumb Code    58  usbd_conf.o(i.HAL_PCD_MspInit)
    HAL_PCD_ResetCallback                    0x08003965   Thumb Code    36  usbd_conf.o(i.HAL_PCD_ResetCallback)
    HAL_PCD_ResumeCallback                   0x08003989   Thumb Code    14  usbd_conf.o(i.HAL_PCD_ResumeCallback)
    HAL_PCD_SOFCallback                      0x08003997   Thumb Code    14  usbd_conf.o(i.HAL_PCD_SOFCallback)
    HAL_PCD_SetAddress                       0x080039a5   Thumb Code    54  stm32f1xx_hal_pcd.o(i.HAL_PCD_SetAddress)
    HAL_PCD_SetupStageCallback               0x080039db   Thumb Code    18  usbd_conf.o(i.HAL_PCD_SetupStageCallback)
    HAL_PCD_Start                            0x080039ed   Thumb Code    60  stm32f1xx_hal_pcd.o(i.HAL_PCD_Start)
    HAL_PCD_SuspendCallback                  0x08003a29   Thumb Code    30  usbd_conf.o(i.HAL_PCD_SuspendCallback)
    HAL_RCCEx_PeriphCLKConfig                0x08003a4d   Thumb Code   290  stm32f1xx_hal_rcc_ex.o(i.HAL_RCCEx_PeriphCLKConfig)
    HAL_RCC_ClockConfig                      0x08003b7d   Thumb Code   376  stm32f1xx_hal_rcc.o(i.HAL_RCC_ClockConfig)
    HAL_RCC_GetSysClockFreq                  0x08003d09   Thumb Code    92  stm32f1xx_hal_rcc.o(i.HAL_RCC_GetSysClockFreq)
    HAL_RCC_OscConfig                        0x08003d79   Thumb Code  1114  stm32f1xx_hal_rcc.o(i.HAL_RCC_OscConfig)
    HAL_SYSTICK_Config                       0x080041dd   Thumb Code    52  stm32f1xx_hal_cortex.o(i.HAL_SYSTICK_Config)
    HAL_TIMEx_BreakCallback                  0x08004211   Thumb Code     2  stm32f1xx_hal_tim_ex.o(i.HAL_TIMEx_BreakCallback)
    HAL_TIMEx_CommutCallback                 0x08004213   Thumb Code     2  stm32f1xx_hal_tim_ex.o(i.HAL_TIMEx_CommutCallback)
    HAL_TIMEx_MasterConfigSynchronization    0x08004215   Thumb Code   108  stm32f1xx_hal_tim_ex.o(i.HAL_TIMEx_MasterConfigSynchronization)
    HAL_TIM_Base_Init                        0x0800428d   Thumb Code    72  stm32f1xx_hal_tim.o(i.HAL_TIM_Base_Init)
    HAL_TIM_Base_MspInit                     0x080042d5   Thumb Code   112  tim.o(i.HAL_TIM_Base_MspInit)
    HAL_TIM_Base_Start                       0x0800434d   Thumb Code    90  stm32f1xx_hal_tim.o(i.HAL_TIM_Base_Start)
    HAL_TIM_Base_Start_IT                    0x080043b5   Thumb Code   102  stm32f1xx_hal_tim.o(i.HAL_TIM_Base_Start_IT)
    HAL_TIM_Base_Stop                        0x08004429   Thumb Code    48  stm32f1xx_hal_tim.o(i.HAL_TIM_Base_Stop)
    HAL_TIM_Base_Stop_IT                     0x08004459   Thumb Code    60  stm32f1xx_hal_tim.o(i.HAL_TIM_Base_Stop_IT)
    HAL_TIM_ConfigClockSource                0x08004495   Thumb Code   258  stm32f1xx_hal_tim.o(i.HAL_TIM_ConfigClockSource)
    HAL_TIM_IC_CaptureCallback               0x08004597   Thumb Code     2  stm32f1xx_hal_tim.o(i.HAL_TIM_IC_CaptureCallback)
    HAL_TIM_IRQHandler                       0x08004599   Thumb Code   406  stm32f1xx_hal_tim.o(i.HAL_TIM_IRQHandler)
    HAL_TIM_OC_DelayElapsedCallback          0x0800472f   Thumb Code     2  stm32f1xx_hal_tim.o(i.HAL_TIM_OC_DelayElapsedCallback)
    HAL_TIM_PWM_PulseFinishedCallback        0x08004731   Thumb Code     2  stm32f1xx_hal_tim.o(i.HAL_TIM_PWM_PulseFinishedCallback)
    HAL_TIM_PeriodElapsedCallback            0x08004735   Thumb Code  1100  opb9000.o(i.HAL_TIM_PeriodElapsedCallback)
    HAL_TIM_TriggerCallback                  0x08004b85   Thumb Code     2  stm32f1xx_hal_tim.o(i.HAL_TIM_TriggerCallback)
    HardFault_Handler                        0x08004b87   Thumb Code     4  stm32f1xx_it.o(i.HardFault_Handler)
    MX_GPIO_Init                             0x08004bc9   Thumb Code   262  gpio.o(i.MX_GPIO_Init)
    MX_TIM2_Init                             0x08004cdd   Thumb Code   100  tim.o(i.MX_TIM2_Init)
    MX_USB_DEVICE_Init                       0x08004d45   Thumb Code   106  usb_device.o(i.MX_USB_DEVICE_Init)
    MemManage_Handler                        0x08004dc5   Thumb Code     4  stm32f1xx_it.o(i.MemManage_Handler)
    NMI_Handler                              0x08004dc9   Thumb Code     4  stm32f1xx_it.o(i.NMI_Handler)
    OPB9000_Calibrate_Request                0x08004dcd   Thumb Code    82  opb9000.o(i.OPB9000_Calibrate_Request)
    OPB9000_Calibrate_Stand                  0x08004e45   Thumb Code   388  opb9000.o(i.OPB9000_Calibrate_Stand)
    OPB9000_Read_Request                     0x080050bd   Thumb Code    78  opb9000.o(i.OPB9000_Read_Request)
    OPB9000_WriteBank2bits                   0x0800512d   Thumb Code    90  opb9000.o(i.OPB9000_WriteBank2bits)
    PendSV_Handler                           0x0800569f   Thumb Code     2  stm32f1xx_it.o(i.PendSV_Handler)
    SVC_Handler                              0x080056c9   Thumb Code     2  stm32f1xx_it.o(i.SVC_Handler)
    SysTick_Handler                          0x080056cb   Thumb Code     8  stm32f1xx_it.o(i.SysTick_Handler)
    SystemClock_Config                       0x080056d3   Thumb Code   132  main.o(i.SystemClock_Config)
    SystemInit                               0x08005757   Thumb Code     2  system_stm32f1xx.o(i.SystemInit)
    TIM2_Disable                             0x08005759   Thumb Code    16  tim.o(i.TIM2_Disable)
    TIM2_Enable                              0x0800576d   Thumb Code    16  tim.o(i.TIM2_Enable)
    TIM2_IRQHandler                          0x08005781   Thumb Code    10  stm32f1xx_it.o(i.TIM2_IRQHandler)
    TIM_Base_SetConfig                       0x08005791   Thumb Code   104  stm32f1xx_hal_tim.o(i.TIM_Base_SetConfig)
    TIM_ETR_SetConfig                        0x08005805   Thumb Code    22  stm32f1xx_hal_tim.o(i.TIM_ETR_SetConfig)
    USBD_CDC_GetDeviceQualifierDescriptor    0x080059ad   Thumb Code    10  usbd_cdc.o(i.USBD_CDC_GetDeviceQualifierDescriptor)
    USBD_CDC_ReceivePacket                   0x08005aa5   Thumb Code    58  usbd_cdc.o(i.USBD_CDC_ReceivePacket)
    USBD_CDC_RegisterInterface               0x08005adf   Thumb Code    14  usbd_cdc.o(i.USBD_CDC_RegisterInterface)
    USBD_CDC_SetRxBuffer                     0x08005aed   Thumb Code    14  usbd_cdc.o(i.USBD_CDC_SetRxBuffer)
    USBD_CDC_SetTxBuffer                     0x08005afb   Thumb Code    20  usbd_cdc.o(i.USBD_CDC_SetTxBuffer)
    USBD_CDC_TransmitPacket                  0x08005c03   Thumb Code    62  usbd_cdc.o(i.USBD_CDC_TransmitPacket)
    USBD_ClrClassConfig                      0x08005c41   Thumb Code    22  usbd_core.o(i.USBD_ClrClassConfig)
    USBD_CtlContinueRx                       0x08005c95   Thumb Code    24  usbd_ioreq.o(i.USBD_CtlContinueRx)
    USBD_CtlContinueSendData                 0x08005cad   Thumb Code    24  usbd_ioreq.o(i.USBD_CtlContinueSendData)
    USBD_CtlError                            0x08005cc5   Thumb Code    24  usbd_ctlreq.o(i.USBD_CtlError)
    USBD_CtlPrepareRx                        0x08005cdd   Thumb Code    40  usbd_ioreq.o(i.USBD_CtlPrepareRx)
    USBD_CtlReceiveStatus                    0x08005d05   Thumb Code    26  usbd_ioreq.o(i.USBD_CtlReceiveStatus)
    USBD_CtlSendData                         0x08005d1f   Thumb Code    34  usbd_ioreq.o(i.USBD_CtlSendData)
    USBD_CtlSendStatus                       0x08005d41   Thumb Code    26  usbd_ioreq.o(i.USBD_CtlSendStatus)
    USBD_FS_ConfigStrDescriptor              0x08005d5d   Thumb Code    34  usbd_desc.o(i.USBD_FS_ConfigStrDescriptor)
    USBD_FS_DeviceDescriptor                 0x08005d91   Thumb Code    10  usbd_desc.o(i.USBD_FS_DeviceDescriptor)
    USBD_FS_InterfaceStrDescriptor           0x08005da1   Thumb Code    34  usbd_desc.o(i.USBD_FS_InterfaceStrDescriptor)
    USBD_FS_LangIDStrDescriptor              0x08005dd9   Thumb Code    10  usbd_desc.o(i.USBD_FS_LangIDStrDescriptor)
    USBD_FS_ManufacturerStrDescriptor        0x08005de9   Thumb Code    20  usbd_desc.o(i.USBD_FS_ManufacturerStrDescriptor)
    USBD_FS_ProductStrDescriptor             0x08005e15   Thumb Code    34  usbd_desc.o(i.USBD_FS_ProductStrDescriptor)
    USBD_FS_SerialStrDescriptor              0x08005e55   Thumb Code    18  usbd_desc.o(i.USBD_FS_SerialStrDescriptor)
    USBD_GetString                           0x08006125   Thumb Code    82  usbd_ctlreq.o(i.USBD_GetString)
    USBD_Init                                0x080061a3   Thumb Code    50  usbd_core.o(i.USBD_Init)
    USBD_LL_ClearStallEP                     0x080061d5   Thumb Code    38  usbd_conf.o(i.USBD_LL_ClearStallEP)
    USBD_LL_CloseEP                          0x080061fb   Thumb Code    38  usbd_conf.o(i.USBD_LL_CloseEP)
    USBD_LL_DataInStage                      0x08006221   Thumb Code   256  usbd_core.o(i.USBD_LL_DataInStage)
    USBD_LL_DataOutStage                     0x08006321   Thumb Code   166  usbd_core.o(i.USBD_LL_DataOutStage)
    USBD_LL_GetRxDataSize                    0x080063c7   Thumb Code    18  usbd_conf.o(i.USBD_LL_GetRxDataSize)
    USBD_LL_Init                             0x080063d9   Thumb Code   124  usbd_conf.o(i.USBD_LL_Init)
    USBD_LL_IsStallEP                        0x0800645d   Thumb Code    56  usbd_conf.o(i.USBD_LL_IsStallEP)
    USBD_LL_OpenEP                           0x08006495   Thumb Code    48  usbd_conf.o(i.USBD_LL_OpenEP)
    USBD_LL_PrepareReceive                   0x080064c5   Thumb Code    48  usbd_conf.o(i.USBD_LL_PrepareReceive)
    USBD_LL_Reset                            0x080064f5   Thumb Code    92  usbd_core.o(i.USBD_LL_Reset)
    USBD_LL_Resume                           0x08006551   Thumb Code    22  usbd_core.o(i.USBD_LL_Resume)
    USBD_LL_SOF                              0x08006567   Thumb Code    34  usbd_core.o(i.USBD_LL_SOF)
    USBD_LL_SetSpeed                         0x08006589   Thumb Code     8  usbd_core.o(i.USBD_LL_SetSpeed)
    USBD_LL_SetUSBAddress                    0x08006591   Thumb Code    38  usbd_conf.o(i.USBD_LL_SetUSBAddress)
    USBD_LL_SetupStage                       0x080065b7   Thumb Code   110  usbd_core.o(i.USBD_LL_SetupStage)
    USBD_LL_StallEP                          0x08006625   Thumb Code    38  usbd_conf.o(i.USBD_LL_StallEP)
    USBD_LL_Start                            0x0800664b   Thumb Code    30  usbd_conf.o(i.USBD_LL_Start)
    USBD_LL_Suspend                          0x08006669   Thumb Code    20  usbd_core.o(i.USBD_LL_Suspend)
    USBD_LL_Transmit                         0x0800667d   Thumb Code    48  usbd_conf.o(i.USBD_LL_Transmit)
    USBD_ParseSetupRequest                   0x080066ad   Thumb Code    40  usbd_ctlreq.o(i.USBD_ParseSetupRequest)
    USBD_RegisterClass                       0x080066d5   Thumb Code    16  usbd_core.o(i.USBD_RegisterClass)
    USBD_RunTestMode                         0x080066e5   Thumb Code     6  usbd_core.o(i.USBD_RunTestMode)
    USBD_SetClassConfig                      0x08006745   Thumb Code    34  usbd_core.o(i.USBD_SetClassConfig)
    USBD_Start                               0x08006869   Thumb Code    14  usbd_core.o(i.USBD_Start)
    USBD_StdDevReq                           0x08006877   Thumb Code   162  usbd_ctlreq.o(i.USBD_StdDevReq)
    USBD_StdEPReq                            0x08006919   Thumb Code   568  usbd_ctlreq.o(i.USBD_StdEPReq)
    USBD_StdItfReq                           0x08006b51   Thumb Code   126  usbd_ctlreq.o(i.USBD_StdItfReq)
    USBD_static_free                         0x08006bcf   Thumb Code     2  usbd_conf.o(i.USBD_static_free)
    USBD_static_malloc                       0x08006bd1   Thumb Code     6  usbd_conf.o(i.USBD_static_malloc)
    USB_ActivateEndpoint                     0x08006bdd   Thumb Code  1200  stm32f1xx_ll_usb.o(i.USB_ActivateEndpoint)
    USB_CDC_Ptintf                           0x0800708d   Thumb Code    60  usbd_cdc_if.o(i.USB_CDC_Ptintf)
    USB_CDC_SendData                         0x080070c9   Thumb Code    80  usbd_cdc_if.o(i.USB_CDC_SendData)
    USB_CoreInit                             0x08007119   Thumb Code     8  stm32f1xx_ll_usb.o(i.USB_CoreInit)
    USB_DeactivateEndpoint                   0x08007121   Thumb Code   636  stm32f1xx_ll_usb.o(i.USB_DeactivateEndpoint)
    USB_DevConnect                           0x0800739d   Thumb Code     6  stm32f1xx_ll_usb.o(i.USB_DevConnect)
    USB_DevDisconnect                        0x080073a3   Thumb Code     6  stm32f1xx_ll_usb.o(i.USB_DevDisconnect)
    USB_DevInit                              0x080073a9   Thumb Code    22  stm32f1xx_ll_usb.o(i.USB_DevInit)
    USB_DisableGlobalInt                     0x080073bf   Thumb Code    20  stm32f1xx_ll_usb.o(i.USB_DisableGlobalInt)
    USB_EP0_OutStart                         0x080073d3   Thumb Code     6  stm32f1xx_ll_usb.o(i.USB_EP0_OutStart)
    USB_EPClearStall                         0x080073d9   Thumb Code   218  stm32f1xx_ll_usb.o(i.USB_EPClearStall)
    USB_EPSetStall                           0x080074b3   Thumb Code    92  stm32f1xx_ll_usb.o(i.USB_EPSetStall)
    USB_EPStartXfer                          0x0800750f   Thumb Code  2640  stm32f1xx_ll_usb.o(i.USB_EPStartXfer)
    USB_EnableGlobalInt                      0x08007f5f   Thumb Code    18  stm32f1xx_ll_usb.o(i.USB_EnableGlobalInt)
    USB_LP_CAN1_RX0_IRQHandler               0x08007f71   Thumb Code    10  stm32f1xx_it.o(i.USB_LP_CAN1_RX0_IRQHandler)
    USB_ReadInterrupts                       0x08007f81   Thumb Code     8  stm32f1xx_ll_usb.o(i.USB_ReadInterrupts)
    USB_ReadPMA                              0x08007f89   Thumb Code    74  stm32f1xx_ll_usb.o(i.USB_ReadPMA)
    USB_SetCurrentMode                       0x08007fd3   Thumb Code     6  stm32f1xx_ll_usb.o(i.USB_SetCurrentMode)
    USB_SetDevAddress                        0x08007fd9   Thumb Code    14  stm32f1xx_ll_usb.o(i.USB_SetDevAddress)
    USB_WritePMA                             0x08007fe7   Thumb Code    64  stm32f1xx_ll_usb.o(i.USB_WritePMA)
    UsageFault_Handler                       0x08008027   Thumb Code     4  stm32f1xx_it.o(i.UsageFault_Handler)
    __ARM_fpclassify                         0x0800802b   Thumb Code    40  fpclassify.o(i.__ARM_fpclassify)
    _is_digit                                0x08008135   Thumb Code    14  __printf_wp.o(i._is_digit)
    findData                                 0x08008145   Thumb Code   426  opb9000.o(i.findData)
    getUSB_CDC_ReceiveBuffer                 0x080082f9   Thumb Code    12  usbd_cdc_if.o(i.getUSB_CDC_ReceiveBuffer)
    getUSB_CDC_ReceiveLength                 0x0800830d   Thumb Code    10  usbd_cdc_if.o(i.getUSB_CDC_ReceiveLength)
    main                                     0x08008321   Thumb Code  1956  main.o(i.main)
    reverseBitsInRange                       0x08008bf5   Thumb Code    48  opb9000.o(i.reverseBitsInRange)
    setOPB9000Bank2                          0x08008c25   Thumb Code    54  opb9000.o(i.setOPB9000Bank2)
    _get_lc_numeric                          0x08008c61   Thumb Code    44  lc_numeric_c.o(locale$$code)
    _get_lc_ctype                            0x08008c8d   Thumb Code    44  lc_ctype_c.o(locale$$code)
    _printf_fp_dec                           0x08008cb9   Thumb Code     4  printf1.o(x$fpl$printf1)
    _printf_fp_hex                           0x08008cbd   Thumb Code     4  printf2.o(x$fpl$printf2)
    __I$use$fp                               0x08008cc0   Number         0  usenofp.o(x$fpl$usenofp)
    AHBPrescTable                            0x08008cd2   Data          16  system_stm32f1xx.o(.constdata)
    APBPrescTable                            0x08008ce2   Data           8  system_stm32f1xx.o(.constdata)
    Region$$Table$$Base                      0x08008de8   Number         0  anon$$obj.o(Region$$Table)
    Region$$Table$$Limit                     0x08008e08   Number         0  anon$$obj.o(Region$$Table)
    __ctype                                  0x08008e31   Data           0  lc_ctype_c.o(locale$$data)
    OPB9000_Com_Status                       0x20000000   Data           4  opb9000.o(.data)
    OPB9000_Cmd_Status                       0x20000004   Data           4  opb9000.o(.data)
    OPB9000_Bank_Data_Value                  0x20000008   Data           6  opb9000.o(.data)
    OPB9000_Out_Status                       0x20000010   Data           4  opb9000.o(.data)
    OPB9000_Cal_Status                       0x20000014   Data           4  opb9000.o(.data)
    OPB9000_Cal_Result                       0x20000018   Data           4  opb9000.o(.data)
    OPB9000_ReceiveTime                      0x2000001c   Data           4  opb9000.o(.data)
    bIslevelShow                             0x20000048   Data           1  main.o(.data)
    FS_Desc                                  0x2000004c   Data          28  usbd_desc.o(.data)
    USBD_FS_DeviceDesc                       0x20000068   Data          18  usbd_desc.o(.data)
    USBD_LangIDDesc                          0x2000007c   Data           4  usbd_desc.o(.data)
    USBD_StringSerial                        0x20000080   Data          26  usbd_desc.o(.data)
    u8UsbCdcTransmitGrooveIndex              0x2000009c   Data           1  usbd_cdc_if.o(.data)
    u8UsbCdcWriteBufferIndex                 0x2000009d   Data           1  usbd_cdc_if.o(.data)
    u8UsbCdcTransmitMessageNumber            0x2000009e   Data           1  usbd_cdc_if.o(.data)
    u8UsbCdcReceiveGrooveIndex               0x2000009f   Data           1  usbd_cdc_if.o(.data)
    u8UsbCdcReadBufferIndex                  0x200000a0   Data           1  usbd_cdc_if.o(.data)
    u8UsbCdcReceiveMessageNumber             0x200000a1   Data           1  usbd_cdc_if.o(.data)
    UsbCdcReceiveState                       0x200000a4   Data           4  usbd_cdc_if.o(.data)
    USBD_CDC_LineCoding                      0x200000a8   Data           8  usbd_cdc_if.o(.data)
    USBD_Interface_fops_FS                   0x200000b0   Data          16  usbd_cdc_if.o(.data)
    uwTick                                   0x200000c0   Data           4  stm32f1xx_hal.o(.data)
    uwTickPrio                               0x200000c4   Data           4  stm32f1xx_hal.o(.data)
    uwTickFreq                               0x200000c8   Data           4  stm32f1xx_hal.o(.data)
    SystemCoreClock                          0x200000cc   Data           4  system_stm32f1xx.o(.data)
    USBD_CDC                                 0x200000e0   Data          56  usbd_cdc.o(.data)
    USBD_CDC_CfgHSDesc                       0x20000118   Data          67  usbd_cdc.o(.data)
    USBD_CDC_CfgFSDesc                       0x2000015c   Data          67  usbd_cdc.o(.data)
    USBD_CDC_OtherSpeedCfgDesc               0x200001a0   Data          67  usbd_cdc.o(.data)
    ManchesterData                           0x200001e4   Data        4000  opb9000.o(.bss)
    htim2                                    0x20001184   Data         104  tim.o(.bss)
    htim3                                    0x200011ec   Data         104  tim.o(.bss)
    hUsbDeviceFS                             0x20001254   Data         708  usb_device.o(.bss)
    USBD_StrDesc                             0x20001518   Data         512  usbd_desc.o(.bss)
    u8UsbCdcTransmitBuffer                   0x20001718   Data        1280  usbd_cdc_if.o(.bss)
    u8UsbCdcTransmitLength                   0x20001c18   Data          20  usbd_cdc_if.o(.bss)
    u8UsbCdcReceiveBuffer                    0x20001c2c   Data         640  usbd_cdc_if.o(.bss)
    u8UsbCdcReceiveLength                    0x20001eac   Data          10  usbd_cdc_if.o(.bss)
    UserRxBufferFS                           0x20001eb6   Data        1024  usbd_cdc_if.o(.bss)
    UserTxBufferFS                           0x200022b6   Data        1024  usbd_cdc_if.o(.bss)
    hpcd_USB_FS                              0x200026b8   Data         756  usbd_conf.o(.bss)
    __libspace_start                         0x20002bcc   Data          96  libspace.o(.bss)
    __temporary_stack_top$libspace           0x20002c2c   Data           0  libspace.o(.bss)



==============================================================================

Memory Map of the image

  Image Entry point : 0x080000ed

  Load Region LR_IROM1 (Base: 0x08000000, Size: 0x00009118, Max: 0x00010000, ABSOLUTE, COMPRESSED[0x00009000])

    Execution Region ER_IROM1 (Exec base: 0x08000000, Load base: 0x08000000, Size: 0x00008f34, Max: 0x00010000, ABSOLUTE)

    Exec Addr    Load Addr    Size         Type   Attr      Idx    E Section Name        Object

    0x08000000   0x08000000   0x000000ec   Data   RO            3    RESET               startup_stm32f103xb.o
    0x080000ec   0x080000ec   0x00000008   Code   RO         3929  * !!!main             c_w.l(__main.o)
    0x080000f4   0x080000f4   0x00000034   Code   RO         4262    !!!scatter          c_w.l(__scatter.o)
    0x08000128   0x08000128   0x0000005a   Code   RO         4260    !!dczerorl2         c_w.l(__dczerorl2.o)
    0x08000182   0x08000182   0x00000002   PAD
    0x08000184   0x08000184   0x0000001c   Code   RO         4264    !!handler_zi        c_w.l(__scatter_zi.o)
    0x080001a0   0x080001a0   0x00000000   Code   RO         4015    .ARM.Collect$$_printf_percent$$00000000  c_w.l(_printf_percent.o)
    0x080001a0   0x080001a0   0x00000006   Code   RO         4004    .ARM.Collect$$_printf_percent$$00000001  c_w.l(_printf_n.o)
    0x080001a6   0x080001a6   0x00000006   Code   RO         4006    .ARM.Collect$$_printf_percent$$00000002  c_w.l(_printf_p.o)
    0x080001ac   0x080001ac   0x00000006   Code   RO         4011    .ARM.Collect$$_printf_percent$$00000003  c_w.l(_printf_f.o)
    0x080001b2   0x080001b2   0x00000006   Code   RO         4012    .ARM.Collect$$_printf_percent$$00000004  c_w.l(_printf_e.o)
    0x080001b8   0x080001b8   0x00000006   Code   RO         4013    .ARM.Collect$$_printf_percent$$00000005  c_w.l(_printf_g.o)
    0x080001be   0x080001be   0x00000006   Code   RO         4014    .ARM.Collect$$_printf_percent$$00000006  c_w.l(_printf_a.o)
    0x080001c4   0x080001c4   0x0000000a   Code   RO         4019    .ARM.Collect$$_printf_percent$$00000007  c_w.l(_printf_ll.o)
    0x080001ce   0x080001ce   0x00000006   Code   RO         4008    .ARM.Collect$$_printf_percent$$00000008  c_w.l(_printf_i.o)
    0x080001d4   0x080001d4   0x00000006   Code   RO         4009    .ARM.Collect$$_printf_percent$$00000009  c_w.l(_printf_d.o)
    0x080001da   0x080001da   0x00000006   Code   RO         4010    .ARM.Collect$$_printf_percent$$0000000A  c_w.l(_printf_u.o)
    0x080001e0   0x080001e0   0x00000006   Code   RO         4007    .ARM.Collect$$_printf_percent$$0000000B  c_w.l(_printf_o.o)
    0x080001e6   0x080001e6   0x00000006   Code   RO         4005    .ARM.Collect$$_printf_percent$$0000000C  c_w.l(_printf_x.o)
    0x080001ec   0x080001ec   0x00000006   Code   RO         4016    .ARM.Collect$$_printf_percent$$0000000D  c_w.l(_printf_lli.o)
    0x080001f2   0x080001f2   0x00000006   Code   RO         4017    .ARM.Collect$$_printf_percent$$0000000E  c_w.l(_printf_lld.o)
    0x080001f8   0x080001f8   0x00000006   Code   RO         4018    .ARM.Collect$$_printf_percent$$0000000F  c_w.l(_printf_llu.o)
    0x080001fe   0x080001fe   0x00000006   Code   RO         4023    .ARM.Collect$$_printf_percent$$00000010  c_w.l(_printf_llo.o)
    0x08000204   0x08000204   0x00000006   Code   RO         4024    .ARM.Collect$$_printf_percent$$00000011  c_w.l(_printf_llx.o)
    0x0800020a   0x0800020a   0x0000000a   Code   RO         4020    .ARM.Collect$$_printf_percent$$00000012  c_w.l(_printf_l.o)
    0x08000214   0x08000214   0x00000006   Code   RO         4002    .ARM.Collect$$_printf_percent$$00000013  c_w.l(_printf_c.o)
    0x0800021a   0x0800021a   0x00000006   Code   RO         4003    .ARM.Collect$$_printf_percent$$00000014  c_w.l(_printf_s.o)
    0x08000220   0x08000220   0x00000006   Code   RO         4021    .ARM.Collect$$_printf_percent$$00000015  c_w.l(_printf_lc.o)
    0x08000226   0x08000226   0x00000006   Code   RO         4022    .ARM.Collect$$_printf_percent$$00000016  c_w.l(_printf_ls.o)
    0x0800022c   0x0800022c   0x00000004   Code   RO         4071    .ARM.Collect$$_printf_percent$$00000017  c_w.l(_printf_percent_end.o)
    0x08000230   0x08000230   0x00000002   Code   RO         4122    .ARM.Collect$$libinit$$00000000  c_w.l(libinit.o)
    0x08000232   0x08000232   0x00000000   Code   RO         4137    .ARM.Collect$$libinit$$00000002  c_w.l(libinit2.o)
    0x08000232   0x08000232   0x00000000   Code   RO         4139    .ARM.Collect$$libinit$$00000004  c_w.l(libinit2.o)
    0x08000232   0x08000232   0x00000000   Code   RO         4142    .ARM.Collect$$libinit$$0000000A  c_w.l(libinit2.o)
    0x08000232   0x08000232   0x00000000   Code   RO         4144    .ARM.Collect$$libinit$$0000000C  c_w.l(libinit2.o)
    0x08000232   0x08000232   0x00000000   Code   RO         4146    .ARM.Collect$$libinit$$0000000E  c_w.l(libinit2.o)
    0x08000232   0x08000232   0x00000006   Code   RO         4147    .ARM.Collect$$libinit$$0000000F  c_w.l(libinit2.o)
    0x08000238   0x08000238   0x00000000   Code   RO         4149    .ARM.Collect$$libinit$$00000011  c_w.l(libinit2.o)
    0x08000238   0x08000238   0x0000000c   Code   RO         4150    .ARM.Collect$$libinit$$00000012  c_w.l(libinit2.o)
    0x08000244   0x08000244   0x00000000   Code   RO         4151    .ARM.Collect$$libinit$$00000013  c_w.l(libinit2.o)
    0x08000244   0x08000244   0x00000000   Code   RO         4153    .ARM.Collect$$libinit$$00000015  c_w.l(libinit2.o)
    0x08000244   0x08000244   0x0000000a   Code   RO         4154    .ARM.Collect$$libinit$$00000016  c_w.l(libinit2.o)
    0x0800024e   0x0800024e   0x00000000   Code   RO         4155    .ARM.Collect$$libinit$$00000017  c_w.l(libinit2.o)
    0x0800024e   0x0800024e   0x00000000   Code   RO         4157    .ARM.Collect$$libinit$$00000019  c_w.l(libinit2.o)
    0x0800024e   0x0800024e   0x00000000   Code   RO         4159    .ARM.Collect$$libinit$$0000001B  c_w.l(libinit2.o)
    0x0800024e   0x0800024e   0x00000000   Code   RO         4161    .ARM.Collect$$libinit$$0000001D  c_w.l(libinit2.o)
    0x0800024e   0x0800024e   0x00000000   Code   RO         4163    .ARM.Collect$$libinit$$0000001F  c_w.l(libinit2.o)
    0x0800024e   0x0800024e   0x00000000   Code   RO         4165    .ARM.Collect$$libinit$$00000021  c_w.l(libinit2.o)
    0x0800024e   0x0800024e   0x00000000   Code   RO         4167    .ARM.Collect$$libinit$$00000023  c_w.l(libinit2.o)
    0x0800024e   0x0800024e   0x00000000   Code   RO         4169    .ARM.Collect$$libinit$$00000025  c_w.l(libinit2.o)
    0x0800024e   0x0800024e   0x00000000   Code   RO         4173    .ARM.Collect$$libinit$$0000002C  c_w.l(libinit2.o)
    0x0800024e   0x0800024e   0x00000000   Code   RO         4175    .ARM.Collect$$libinit$$0000002E  c_w.l(libinit2.o)
    0x0800024e   0x0800024e   0x00000000   Code   RO         4177    .ARM.Collect$$libinit$$00000030  c_w.l(libinit2.o)
    0x0800024e   0x0800024e   0x00000000   Code   RO         4179    .ARM.Collect$$libinit$$00000032  c_w.l(libinit2.o)
    0x0800024e   0x0800024e   0x00000002   Code   RO         4180    .ARM.Collect$$libinit$$00000033  c_w.l(libinit2.o)
    0x08000250   0x08000250   0x00000002   Code   RO         4200    .ARM.Collect$$libshutdown$$00000000  c_w.l(libshutdown.o)
    0x08000252   0x08000252   0x00000000   Code   RO         4213    .ARM.Collect$$libshutdown$$00000002  c_w.l(libshutdown2.o)
    0x08000252   0x08000252   0x00000000   Code   RO         4215    .ARM.Collect$$libshutdown$$00000004  c_w.l(libshutdown2.o)
    0x08000252   0x08000252   0x00000000   Code   RO         4218    .ARM.Collect$$libshutdown$$00000007  c_w.l(libshutdown2.o)
    0x08000252   0x08000252   0x00000000   Code   RO         4221    .ARM.Collect$$libshutdown$$0000000A  c_w.l(libshutdown2.o)
    0x08000252   0x08000252   0x00000000   Code   RO         4223    .ARM.Collect$$libshutdown$$0000000C  c_w.l(libshutdown2.o)
    0x08000252   0x08000252   0x00000000   Code   RO         4226    .ARM.Collect$$libshutdown$$0000000F  c_w.l(libshutdown2.o)
    0x08000252   0x08000252   0x00000002   Code   RO         4227    .ARM.Collect$$libshutdown$$00000010  c_w.l(libshutdown2.o)
    0x08000254   0x08000254   0x00000000   Code   RO         3931    .ARM.Collect$$rtentry$$00000000  c_w.l(__rtentry.o)
    0x08000254   0x08000254   0x00000000   Code   RO         4040    .ARM.Collect$$rtentry$$00000002  c_w.l(__rtentry2.o)
    0x08000254   0x08000254   0x00000006   Code   RO         4052    .ARM.Collect$$rtentry$$00000004  c_w.l(__rtentry4.o)
    0x0800025a   0x0800025a   0x00000000   Code   RO         4042    .ARM.Collect$$rtentry$$00000009  c_w.l(__rtentry2.o)
    0x0800025a   0x0800025a   0x00000004   Code   RO         4043    .ARM.Collect$$rtentry$$0000000A  c_w.l(__rtentry2.o)
    0x0800025e   0x0800025e   0x00000000   Code   RO         4045    .ARM.Collect$$rtentry$$0000000C  c_w.l(__rtentry2.o)
    0x0800025e   0x0800025e   0x00000008   Code   RO         4046    .ARM.Collect$$rtentry$$0000000D  c_w.l(__rtentry2.o)
    0x08000266   0x08000266   0x00000002   Code   RO         4131    .ARM.Collect$$rtexit$$00000000  c_w.l(rtexit.o)
    0x08000268   0x08000268   0x00000000   Code   RO         4182    .ARM.Collect$$rtexit$$00000002  c_w.l(rtexit2.o)
    0x08000268   0x08000268   0x00000004   Code   RO         4183    .ARM.Collect$$rtexit$$00000003  c_w.l(rtexit2.o)
    0x0800026c   0x0800026c   0x00000006   Code   RO         4184    .ARM.Collect$$rtexit$$00000004  c_w.l(rtexit2.o)
    0x08000272   0x08000272   0x00000002   PAD
    0x08000274   0x08000274   0x00000040   Code   RO            4    .text               startup_stm32f103xb.o
    0x080002b4   0x080002b4   0x00000034   Code   RO         3909    .text               c_w.l(vsnprintf.o)
    0x080002e8   0x080002e8   0x0000003c   Code   RO         3911    .text               c_w.l(__0sscanf.o)
    0x08000324   0x08000324   0x0000014c   Code   RO         3913    .text               c_w.l(_scanf_int.o)
    0x08000470   0x08000470   0x000000e0   Code   RO         3915    .text               c_w.l(_scanf_str.o)
    0x08000550   0x08000550   0x0000008a   Code   RO         3917    .text               c_w.l(rt_memcpy_v6.o)
    0x080005da   0x080005da   0x00000064   Code   RO         3919    .text               c_w.l(rt_memcpy_w.o)
    0x0800063e   0x0800063e   0x00000044   Code   RO         3921    .text               c_w.l(rt_memclr.o)
    0x08000682   0x08000682   0x0000004e   Code   RO         3923    .text               c_w.l(rt_memclr_w.o)
    0x080006d0   0x080006d0   0x00000080   Code   RO         3925    .text               c_w.l(strcmpv7m.o)
    0x08000750   0x08000750   0x00000006   Code   RO         3927    .text               c_w.l(heapauxi.o)
    0x08000756   0x08000756   0x0000004e   Code   RO         3934    .text               c_w.l(_printf_pad.o)
    0x080007a4   0x080007a4   0x00000024   Code   RO         3936    .text               c_w.l(_printf_truncate.o)
    0x080007c8   0x080007c8   0x00000052   Code   RO         3938    .text               c_w.l(_printf_str.o)
    0x0800081a   0x0800081a   0x00000002   PAD
    0x0800081c   0x0800081c   0x00000078   Code   RO         3940    .text               c_w.l(_printf_dec.o)
    0x08000894   0x08000894   0x00000028   Code   RO         3942    .text               c_w.l(_printf_charcount.o)
    0x080008bc   0x080008bc   0x00000030   Code   RO         3944    .text               c_w.l(_printf_char_common.o)
    0x080008ec   0x080008ec   0x0000000a   Code   RO         3946    .text               c_w.l(_sputc.o)
    0x080008f6   0x080008f6   0x00000010   Code   RO         3948    .text               c_w.l(_snputc.o)
    0x08000906   0x08000906   0x00000002   PAD
    0x08000908   0x08000908   0x000000bc   Code   RO         3950    .text               c_w.l(_printf_wctomb.o)
    0x080009c4   0x080009c4   0x0000007c   Code   RO         3953    .text               c_w.l(_printf_longlong_dec.o)
    0x08000a40   0x08000a40   0x00000070   Code   RO         3959    .text               c_w.l(_printf_oct_int_ll.o)
    0x08000ab0   0x08000ab0   0x00000094   Code   RO         3979    .text               c_w.l(_printf_hex_int_ll_ptr.o)
    0x08000b44   0x08000b44   0x00000188   Code   RO         3999    .text               c_w.l(__printf_flags_ss_wp.o)
    0x08000ccc   0x08000ccc   0x0000001c   Code   RO         4025    .text               c_w.l(_chval.o)
    0x08000ce8   0x08000ce8   0x0000002c   Code   RO         4027    .text               c_w.l(scanf_char.o)
    0x08000d14   0x08000d14   0x00000040   Code   RO         4029    .text               c_w.l(_sgetc.o)
    0x08000d54   0x08000d54   0x0000008a   Code   RO         4054    .text               c_w.l(lludiv10.o)
    0x08000dde   0x08000dde   0x00000012   Code   RO         4056    .text               c_w.l(isspace.o)
    0x08000df0   0x08000df0   0x000000b2   Code   RO         4058    .text               c_w.l(_printf_intcommon.o)
    0x08000ea2   0x08000ea2   0x0000041e   Code   RO         4060    .text               c_w.l(_printf_fp_dec.o)
    0x080012c0   0x080012c0   0x000002fc   Code   RO         4062    .text               c_w.l(_printf_fp_hex.o)
    0x080015bc   0x080015bc   0x0000002c   Code   RO         4067    .text               c_w.l(_printf_char.o)
    0x080015e8   0x080015e8   0x0000002c   Code   RO         4069    .text               c_w.l(_printf_wchar.o)
    0x08001614   0x08001614   0x00000374   Code   RO         4072    .text               c_w.l(_scanf.o)
    0x08001988   0x08001988   0x00000040   Code   RO         4074    .text               c_w.l(_wcrtomb.o)
    0x080019c8   0x080019c8   0x0000004a   Code   RO         4076    .text               c_w.l(sys_stackheap_outer.o)
    0x08001a12   0x08001a12   0x00000002   PAD
    0x08001a14   0x08001a14   0x00000010   Code   RO         4078    .text               c_w.l(rt_ctype_table.o)
    0x08001a24   0x08001a24   0x00000008   Code   RO         4083    .text               c_w.l(rt_locale_intlibspace.o)
    0x08001a2c   0x08001a2c   0x00000080   Code   RO         4085    .text               c_w.l(_printf_fp_infnan.o)
    0x08001aac   0x08001aac   0x000000e4   Code   RO         4087    .text               c_w.l(bigflt0.o)
    0x08001b90   0x08001b90   0x00000012   Code   RO         4115    .text               c_w.l(exit.o)
    0x08001ba2   0x08001ba2   0x00000002   PAD
    0x08001ba4   0x08001ba4   0x00000008   Code   RO         4128    .text               c_w.l(libspace.o)
    0x08001bac   0x08001bac   0x0000000c   Code   RO         4192    .text               c_w.l(sys_exit.o)
    0x08001bb8   0x08001bb8   0x00000002   Code   RO         4203    .text               c_w.l(use_no_semi.o)
    0x08001bba   0x08001bba   0x00000000   Code   RO         4205    .text               c_w.l(indicate_semi.o)
    0x08001bba   0x08001bba   0x0000003e   Code   RO         4090    CL$$btod_d2e        c_w.l(btod.o)
    0x08001bf8   0x08001bf8   0x00000046   Code   RO         4092    CL$$btod_d2e_denorm_low  c_w.l(btod.o)
    0x08001c3e   0x08001c3e   0x00000060   Code   RO         4091    CL$$btod_d2e_norm_op1  c_w.l(btod.o)
    0x08001c9e   0x08001c9e   0x00000338   Code   RO         4100    CL$$btod_div_common  c_w.l(btod.o)
    0x08001fd6   0x08001fd6   0x000000dc   Code   RO         4097    CL$$btod_e2e        c_w.l(btod.o)
    0x080020b2   0x080020b2   0x0000002a   Code   RO         4094    CL$$btod_ediv       c_w.l(btod.o)
    0x080020dc   0x080020dc   0x0000002a   Code   RO         4093    CL$$btod_emul       c_w.l(btod.o)
    0x08002106   0x08002106   0x00000244   Code   RO         4099    CL$$btod_mult_common  c_w.l(btod.o)
    0x0800234a   0x0800234a   0x00000004   Code   RO          428    i.BusFault_Handler  stm32f1xx_it.o
    0x0800234e   0x0800234e   0x00000002   PAD
    0x08002350   0x08002350   0x000000a0   Code   RO          667    i.CDC_Control_FS    usbd_cdc_if.o
    0x080023f0   0x080023f0   0x00000004   Code   RO          668    i.CDC_DeInit_FS     usbd_cdc_if.o
    0x080023f4   0x080023f4   0x00000024   Code   RO          669    i.CDC_Init_FS       usbd_cdc_if.o
    0x08002418   0x08002418   0x0000007c   Code   RO          670    i.CDC_Receive_FS    usbd_cdc_if.o
    0x08002494   0x08002494   0x00000038   Code   RO          671    i.CDC_Transmit_FS   usbd_cdc_if.o
    0x080024cc   0x080024cc   0x00000002   Code   RO          429    i.DebugMon_Handler  stm32f1xx_it.o
    0x080024ce   0x080024ce   0x00000014   Code   RO          430    i.EXTI9_5_IRQHandler  stm32f1xx_it.o
    0x080024e2   0x080024e2   0x00000006   Code   RO          274    i.Error_Handler     main.o
    0x080024e8   0x080024e8   0x00000040   Code   RO          320    i.GPIOB_Pin8_In_Init  gpio.o
    0x08002528   0x08002528   0x00000040   Code   RO          321    i.GPIOB_Pin8_Out_Init  gpio.o
    0x08002568   0x08002568   0x00000024   Code   RO          577    i.Get_SerialNum     usbd_desc.o
    0x0800258c   0x0800258c   0x00000028   Code   RO         1488    i.HAL_Delay         stm32f1xx_hal.o
    0x080025b4   0x080025b4   0x00000134   Code   RO         1800    i.HAL_GPIO_DeInit   stm32f1xx_hal_gpio.o
    0x080026e8   0x080026e8   0x00000058   Code   RO           13    i.HAL_GPIO_EXTI_Callback  opb9000.o
    0x08002740   0x08002740   0x0000001c   Code   RO         1802    i.HAL_GPIO_EXTI_IRQHandler  stm32f1xx_hal_gpio.o
    0x0800275c   0x0800275c   0x00000320   Code   RO         1803    i.HAL_GPIO_Init     stm32f1xx_hal_gpio.o
    0x08002a7c   0x08002a7c   0x00000010   Code   RO         1805    i.HAL_GPIO_ReadPin  stm32f1xx_hal_gpio.o
    0x08002a8c   0x08002a8c   0x00000014   Code   RO         1806    i.HAL_GPIO_TogglePin  stm32f1xx_hal_gpio.o
    0x08002aa0   0x08002aa0   0x0000000c   Code   RO         1807    i.HAL_GPIO_WritePin  stm32f1xx_hal_gpio.o
    0x08002aac   0x08002aac   0x0000000c   Code   RO         1492    i.HAL_GetTick       stm32f1xx_hal.o
    0x08002ab8   0x08002ab8   0x00000018   Code   RO         1498    i.HAL_IncTick       stm32f1xx_hal.o
    0x08002ad0   0x08002ad0   0x00000028   Code   RO         1499    i.HAL_Init          stm32f1xx_hal.o
    0x08002af8   0x08002af8   0x0000004c   Code   RO         1500    i.HAL_InitTick      stm32f1xx_hal.o
    0x08002b44   0x08002b44   0x0000005c   Code   RO          522    i.HAL_MspInit       stm32f1xx_hal_msp.o
    0x08002ba0   0x08002ba0   0x00000020   Code   RO         1963    i.HAL_NVIC_EnableIRQ  stm32f1xx_hal_cortex.o
    0x08002bc0   0x08002bc0   0x0000007c   Code   RO         1969    i.HAL_NVIC_SetPriority  stm32f1xx_hal_cortex.o
    0x08002c3c   0x08002c3c   0x00000028   Code   RO         1970    i.HAL_NVIC_SetPriorityGrouping  stm32f1xx_hal_cortex.o
    0x08002c64   0x08002c64   0x00000044   Code   RO         1255    i.HAL_PCDEx_PMAConfig  stm32f1xx_hal_pcd_ex.o
    0x08002ca8   0x08002ca8   0x00000002   Code   RO          768    i.HAL_PCDEx_SetConnectionState  usbd_conf.o
    0x08002caa   0x08002caa   0x00000020   Code   RO          770    i.HAL_PCD_DataInStageCallback  usbd_conf.o
    0x08002cca   0x08002cca   0x00000020   Code   RO          771    i.HAL_PCD_DataOutStageCallback  usbd_conf.o
    0x08002cea   0x08002cea   0x0000006a   Code   RO         1026    i.HAL_PCD_EP_Close  stm32f1xx_hal_pcd.o
    0x08002d54   0x08002d54   0x0000007c   Code   RO         1027    i.HAL_PCD_EP_ClrStall  stm32f1xx_hal_pcd.o
    0x08002dd0   0x08002dd0   0x00000158   Code   RO         1028    i.HAL_PCD_EP_DB_Receive  stm32f1xx_hal_pcd.o
    0x08002f28   0x08002f28   0x0000053e   Code   RO         1029    i.HAL_PCD_EP_DB_Transmit  stm32f1xx_hal_pcd.o
    0x08003466   0x08003466   0x00000016   Code   RO         1031    i.HAL_PCD_EP_GetRxCount  stm32f1xx_hal_pcd.o
    0x0800347c   0x0800347c   0x00000084   Code   RO         1032    i.HAL_PCD_EP_Open   stm32f1xx_hal_pcd.o
    0x08003500   0x08003500   0x0000003c   Code   RO         1033    i.HAL_PCD_EP_Receive  stm32f1xx_hal_pcd.o
    0x0800353c   0x0800353c   0x00000088   Code   RO         1034    i.HAL_PCD_EP_SetStall  stm32f1xx_hal_pcd.o
    0x080035c4   0x080035c4   0x00000046   Code   RO         1035    i.HAL_PCD_EP_Transmit  stm32f1xx_hal_pcd.o
    0x0800360a   0x0800360a   0x000001cc   Code   RO         1037    i.HAL_PCD_IRQHandler  stm32f1xx_hal_pcd.o
    0x080037d6   0x080037d6   0x0000014a   Code   RO         1040    i.HAL_PCD_Init      stm32f1xx_hal_pcd.o
    0x08003920   0x08003920   0x00000044   Code   RO          776    i.HAL_PCD_MspInit   usbd_conf.o
    0x08003964   0x08003964   0x00000024   Code   RO          777    i.HAL_PCD_ResetCallback  usbd_conf.o
    0x08003988   0x08003988   0x0000000e   Code   RO          778    i.HAL_PCD_ResumeCallback  usbd_conf.o
    0x08003996   0x08003996   0x0000000e   Code   RO          779    i.HAL_PCD_SOFCallback  usbd_conf.o
    0x080039a4   0x080039a4   0x00000036   Code   RO         1046    i.HAL_PCD_SetAddress  stm32f1xx_hal_pcd.o
    0x080039da   0x080039da   0x00000012   Code   RO          780    i.HAL_PCD_SetupStageCallback  usbd_conf.o
    0x080039ec   0x080039ec   0x0000003c   Code   RO         1048    i.HAL_PCD_Start     stm32f1xx_hal_pcd.o
    0x08003a28   0x08003a28   0x00000024   Code   RO          781    i.HAL_PCD_SuspendCallback  usbd_conf.o
    0x08003a4c   0x08003a4c   0x00000130   Code   RO         1765    i.HAL_RCCEx_PeriphCLKConfig  stm32f1xx_hal_rcc_ex.o
    0x08003b7c   0x08003b7c   0x0000018c   Code   RO         1656    i.HAL_RCC_ClockConfig  stm32f1xx_hal_rcc.o
    0x08003d08   0x08003d08   0x00000070   Code   RO         1665    i.HAL_RCC_GetSysClockFreq  stm32f1xx_hal_rcc.o
    0x08003d78   0x08003d78   0x00000464   Code   RO         1668    i.HAL_RCC_OscConfig  stm32f1xx_hal_rcc.o
    0x080041dc   0x080041dc   0x00000034   Code   RO         1974    i.HAL_SYSTICK_Config  stm32f1xx_hal_cortex.o
    0x08004210   0x08004210   0x00000002   Code   RO         3206    i.HAL_TIMEx_BreakCallback  stm32f1xx_hal_tim_ex.o
    0x08004212   0x08004212   0x00000002   Code   RO         3207    i.HAL_TIMEx_CommutCallback  stm32f1xx_hal_tim_ex.o
    0x08004214   0x08004214   0x00000078   Code   RO         3225    i.HAL_TIMEx_MasterConfigSynchronization  stm32f1xx_hal_tim_ex.o
    0x0800428c   0x0800428c   0x00000048   Code   RO         2491    i.HAL_TIM_Base_Init  stm32f1xx_hal_tim.o
    0x080042d4   0x080042d4   0x00000078   Code   RO          357    i.HAL_TIM_Base_MspInit  tim.o
    0x0800434c   0x0800434c   0x00000068   Code   RO         2494    i.HAL_TIM_Base_Start  stm32f1xx_hal_tim.o
    0x080043b4   0x080043b4   0x00000074   Code   RO         2496    i.HAL_TIM_Base_Start_IT  stm32f1xx_hal_tim.o
    0x08004428   0x08004428   0x00000030   Code   RO         2497    i.HAL_TIM_Base_Stop  stm32f1xx_hal_tim.o
    0x08004458   0x08004458   0x0000003c   Code   RO         2499    i.HAL_TIM_Base_Stop_IT  stm32f1xx_hal_tim.o
    0x08004494   0x08004494   0x00000102   Code   RO         2500    i.HAL_TIM_ConfigClockSource  stm32f1xx_hal_tim.o
    0x08004596   0x08004596   0x00000002   Code   RO         2525    i.HAL_TIM_IC_CaptureCallback  stm32f1xx_hal_tim.o
    0x08004598   0x08004598   0x00000196   Code   RO         2539    i.HAL_TIM_IRQHandler  stm32f1xx_hal_tim.o
    0x0800472e   0x0800472e   0x00000002   Code   RO         2542    i.HAL_TIM_OC_DelayElapsedCallback  stm32f1xx_hal_tim.o
    0x08004730   0x08004730   0x00000002   Code   RO         2569    i.HAL_TIM_PWM_PulseFinishedCallback  stm32f1xx_hal_tim.o
    0x08004732   0x08004732   0x00000002   PAD
    0x08004734   0x08004734   0x00000450   Code   RO           14    i.HAL_TIM_PeriodElapsedCallback  opb9000.o
    0x08004b84   0x08004b84   0x00000002   Code   RO         2582    i.HAL_TIM_TriggerCallback  stm32f1xx_hal_tim.o
    0x08004b86   0x08004b86   0x00000004   Code   RO          431    i.HardFault_Handler  stm32f1xx_it.o
    0x08004b8a   0x08004b8a   0x0000003e   Code   RO          578    i.IntToUnicode      usbd_desc.o
    0x08004bc8   0x08004bc8   0x00000114   Code   RO          322    i.MX_GPIO_Init      gpio.o
    0x08004cdc   0x08004cdc   0x00000068   Code   RO          358    i.MX_TIM2_Init      tim.o
    0x08004d44   0x08004d44   0x00000080   Code   RO          546    i.MX_USB_DEVICE_Init  usb_device.o
    0x08004dc4   0x08004dc4   0x00000004   Code   RO          432    i.MemManage_Handler  stm32f1xx_it.o
    0x08004dc8   0x08004dc8   0x00000004   Code   RO          433    i.NMI_Handler       stm32f1xx_it.o
    0x08004dcc   0x08004dcc   0x00000078   Code   RO           15    i.OPB9000_Calibrate_Request  opb9000.o
    0x08004e44   0x08004e44   0x00000278   Code   RO           16    i.OPB9000_Calibrate_Stand  opb9000.o
    0x080050bc   0x080050bc   0x00000070   Code   RO           18    i.OPB9000_Read_Request  opb9000.o
    0x0800512c   0x0800512c   0x00000080   Code   RO           19    i.OPB9000_WriteBank2bits  opb9000.o
    0x080051ac   0x080051ac   0x000004f2   Code   RO         1052    i.PCD_EP_ISR_Handler  stm32f1xx_hal_pcd.o
    0x0800569e   0x0800569e   0x00000002   Code   RO          434    i.PendSV_Handler    stm32f1xx_it.o
    0x080056a0   0x080056a0   0x00000028   Code   RO         1669    i.RCC_Delay         stm32f1xx_hal_rcc.o
    0x080056c8   0x080056c8   0x00000002   Code   RO          435    i.SVC_Handler       stm32f1xx_it.o
    0x080056ca   0x080056ca   0x00000008   Code   RO          436    i.SysTick_Handler   stm32f1xx_it.o
    0x080056d2   0x080056d2   0x00000084   Code   RO          275    i.SystemClock_Config  main.o
    0x08005756   0x08005756   0x00000002   Code   RO         3474    i.SystemInit        system_stm32f1xx.o
    0x08005758   0x08005758   0x00000014   Code   RO          360    i.TIM2_Disable      tim.o
    0x0800576c   0x0800576c   0x00000014   Code   RO          361    i.TIM2_Enable       tim.o
    0x08005780   0x08005780   0x00000010   Code   RO          437    i.TIM2_IRQHandler   stm32f1xx_it.o
    0x08005790   0x08005790   0x00000074   Code   RO         2584    i.TIM_Base_SetConfig  stm32f1xx_hal_tim.o
    0x08005804   0x08005804   0x00000016   Code   RO         2595    i.TIM_ETR_SetConfig  stm32f1xx_hal_tim.o
    0x0800581a   0x0800581a   0x00000012   Code   RO         2596    i.TIM_ITRx_SetConfig  stm32f1xx_hal_tim.o
    0x0800582c   0x0800582c   0x00000026   Code   RO         2602    i.TIM_TI1_ConfigInputStage  stm32f1xx_hal_tim.o
    0x08005852   0x08005852   0x00000028   Code   RO         2604    i.TIM_TI2_ConfigInputStage  stm32f1xx_hal_tim.o
    0x0800587a   0x0800587a   0x0000007c   Code   RO         3803    i.USBD_CDC_DataIn   usbd_cdc.o
    0x080058f6   0x080058f6   0x00000034   Code   RO         3804    i.USBD_CDC_DataOut  usbd_cdc.o
    0x0800592a   0x0800592a   0x0000004e   Code   RO         3805    i.USBD_CDC_DeInit   usbd_cdc.o
    0x08005978   0x08005978   0x00000032   Code   RO         3806    i.USBD_CDC_EP0_RxReady  usbd_cdc.o
    0x080059aa   0x080059aa   0x00000002   PAD
    0x080059ac   0x080059ac   0x00000010   Code   RO         3807    i.USBD_CDC_GetDeviceQualifierDescriptor  usbd_cdc.o
    0x080059bc   0x080059bc   0x00000010   Code   RO         3808    i.USBD_CDC_GetFSCfgDesc  usbd_cdc.o
    0x080059cc   0x080059cc   0x00000010   Code   RO         3809    i.USBD_CDC_GetHSCfgDesc  usbd_cdc.o
    0x080059dc   0x080059dc   0x00000010   Code   RO         3810    i.USBD_CDC_GetOtherSpeedCfgDesc  usbd_cdc.o
    0x080059ec   0x080059ec   0x000000b8   Code   RO         3811    i.USBD_CDC_Init     usbd_cdc.o
    0x08005aa4   0x08005aa4   0x0000003a   Code   RO         3812    i.USBD_CDC_ReceivePacket  usbd_cdc.o
    0x08005ade   0x08005ade   0x0000000e   Code   RO         3813    i.USBD_CDC_RegisterInterface  usbd_cdc.o
    0x08005aec   0x08005aec   0x0000000e   Code   RO         3814    i.USBD_CDC_SetRxBuffer  usbd_cdc.o
    0x08005afa   0x08005afa   0x00000014   Code   RO         3815    i.USBD_CDC_SetTxBuffer  usbd_cdc.o
    0x08005b0e   0x08005b0e   0x000000f4   Code   RO         3816    i.USBD_CDC_Setup    usbd_cdc.o
    0x08005c02   0x08005c02   0x0000003e   Code   RO         3817    i.USBD_CDC_TransmitPacket  usbd_cdc.o
    0x08005c40   0x08005c40   0x00000016   Code   RO         3510    i.USBD_ClrClassConfig  usbd_core.o
    0x08005c56   0x08005c56   0x0000003e   Code   RO         3648    i.USBD_ClrFeature   usbd_ctlreq.o
    0x08005c94   0x08005c94   0x00000018   Code   RO         3743    i.USBD_CtlContinueRx  usbd_ioreq.o
    0x08005cac   0x08005cac   0x00000018   Code   RO         3744    i.USBD_CtlContinueSendData  usbd_ioreq.o
    0x08005cc4   0x08005cc4   0x00000018   Code   RO         3649    i.USBD_CtlError     usbd_ctlreq.o
    0x08005cdc   0x08005cdc   0x00000028   Code   RO         3745    i.USBD_CtlPrepareRx  usbd_ioreq.o
    0x08005d04   0x08005d04   0x0000001a   Code   RO         3746    i.USBD_CtlReceiveStatus  usbd_ioreq.o
    0x08005d1e   0x08005d1e   0x00000022   Code   RO         3747    i.USBD_CtlSendData  usbd_ioreq.o
    0x08005d40   0x08005d40   0x0000001a   Code   RO         3748    i.USBD_CtlSendStatus  usbd_ioreq.o
    0x08005d5a   0x08005d5a   0x00000002   PAD
    0x08005d5c   0x08005d5c   0x00000034   Code   RO          579    i.USBD_FS_ConfigStrDescriptor  usbd_desc.o
    0x08005d90   0x08005d90   0x00000010   Code   RO          580    i.USBD_FS_DeviceDescriptor  usbd_desc.o
    0x08005da0   0x08005da0   0x00000038   Code   RO          581    i.USBD_FS_InterfaceStrDescriptor  usbd_desc.o
    0x08005dd8   0x08005dd8   0x00000010   Code   RO          582    i.USBD_FS_LangIDStrDescriptor  usbd_desc.o
    0x08005de8   0x08005de8   0x0000002c   Code   RO          583    i.USBD_FS_ManufacturerStrDescriptor  usbd_desc.o
    0x08005e14   0x08005e14   0x00000040   Code   RO          584    i.USBD_FS_ProductStrDescriptor  usbd_desc.o
    0x08005e54   0x08005e54   0x00000018   Code   RO          585    i.USBD_FS_SerialStrDescriptor  usbd_desc.o
    0x08005e6c   0x08005e6c   0x00000056   Code   RO         3650    i.USBD_GetConfig    usbd_ctlreq.o
    0x08005ec2   0x08005ec2   0x000001f4   Code   RO         3651    i.USBD_GetDescriptor  usbd_ctlreq.o
    0x080060b6   0x080060b6   0x00000014   Code   RO         3652    i.USBD_GetLen       usbd_ctlreq.o
    0x080060ca   0x080060ca   0x0000005a   Code   RO         3653    i.USBD_GetStatus    usbd_ctlreq.o
    0x08006124   0x08006124   0x00000052   Code   RO         3654    i.USBD_GetString    usbd_ctlreq.o
    0x08006176   0x08006176   0x0000002c   Code   RO          782    i.USBD_Get_USB_Status  usbd_conf.o
    0x080061a2   0x080061a2   0x00000032   Code   RO         3512    i.USBD_Init         usbd_core.o
    0x080061d4   0x080061d4   0x00000026   Code   RO          783    i.USBD_LL_ClearStallEP  usbd_conf.o
    0x080061fa   0x080061fa   0x00000026   Code   RO          784    i.USBD_LL_CloseEP   usbd_conf.o
    0x08006220   0x08006220   0x00000100   Code   RO         3513    i.USBD_LL_DataInStage  usbd_core.o
    0x08006320   0x08006320   0x000000a6   Code   RO         3514    i.USBD_LL_DataOutStage  usbd_core.o
    0x080063c6   0x080063c6   0x00000012   Code   RO          788    i.USBD_LL_GetRxDataSize  usbd_conf.o
    0x080063d8   0x080063d8   0x00000084   Code   RO          789    i.USBD_LL_Init      usbd_conf.o
    0x0800645c   0x0800645c   0x00000038   Code   RO          790    i.USBD_LL_IsStallEP  usbd_conf.o
    0x08006494   0x08006494   0x00000030   Code   RO          791    i.USBD_LL_OpenEP    usbd_conf.o
    0x080064c4   0x080064c4   0x00000030   Code   RO          792    i.USBD_LL_PrepareReceive  usbd_conf.o
    0x080064f4   0x080064f4   0x0000005c   Code   RO         3519    i.USBD_LL_Reset     usbd_core.o
    0x08006550   0x08006550   0x00000016   Code   RO         3520    i.USBD_LL_Resume    usbd_core.o
    0x08006566   0x08006566   0x00000022   Code   RO         3521    i.USBD_LL_SOF       usbd_core.o
    0x08006588   0x08006588   0x00000008   Code   RO         3522    i.USBD_LL_SetSpeed  usbd_core.o
    0x08006590   0x08006590   0x00000026   Code   RO          793    i.USBD_LL_SetUSBAddress  usbd_conf.o
    0x080065b6   0x080065b6   0x0000006e   Code   RO         3523    i.USBD_LL_SetupStage  usbd_core.o
    0x08006624   0x08006624   0x00000026   Code   RO          794    i.USBD_LL_StallEP   usbd_conf.o
    0x0800664a   0x0800664a   0x0000001e   Code   RO          795    i.USBD_LL_Start     usbd_conf.o
    0x08006668   0x08006668   0x00000014   Code   RO         3524    i.USBD_LL_Suspend   usbd_core.o
    0x0800667c   0x0800667c   0x00000030   Code   RO          797    i.USBD_LL_Transmit  usbd_conf.o
    0x080066ac   0x080066ac   0x00000028   Code   RO         3655    i.USBD_ParseSetupRequest  usbd_ctlreq.o
    0x080066d4   0x080066d4   0x00000010   Code   RO         3525    i.USBD_RegisterClass  usbd_core.o
    0x080066e4   0x080066e4   0x00000006   Code   RO         3526    i.USBD_RunTestMode  usbd_core.o
    0x080066ea   0x080066ea   0x0000005a   Code   RO         3656    i.USBD_SetAddress   usbd_ctlreq.o
    0x08006744   0x08006744   0x00000022   Code   RO         3527    i.USBD_SetClassConfig  usbd_core.o
    0x08006766   0x08006766   0x00000002   PAD
    0x08006768   0x08006768   0x000000e8   Code   RO         3657    i.USBD_SetConfig    usbd_ctlreq.o
    0x08006850   0x08006850   0x00000018   Code   RO         3658    i.USBD_SetFeature   usbd_ctlreq.o
    0x08006868   0x08006868   0x0000000e   Code   RO         3528    i.USBD_Start        usbd_core.o
    0x08006876   0x08006876   0x000000a2   Code   RO         3659    i.USBD_StdDevReq    usbd_ctlreq.o
    0x08006918   0x08006918   0x00000238   Code   RO         3660    i.USBD_StdEPReq     usbd_ctlreq.o
    0x08006b50   0x08006b50   0x0000007e   Code   RO         3661    i.USBD_StdItfReq    usbd_ctlreq.o
    0x08006bce   0x08006bce   0x00000002   Code   RO          798    i.USBD_static_free  usbd_conf.o
    0x08006bd0   0x08006bd0   0x0000000c   Code   RO          799    i.USBD_static_malloc  usbd_conf.o
    0x08006bdc   0x08006bdc   0x000004b0   Code   RO         1295    i.USB_ActivateEndpoint  stm32f1xx_ll_usb.o
    0x0800708c   0x0800708c   0x0000003c   Code   RO          673    i.USB_CDC_Ptintf    usbd_cdc_if.o
    0x080070c8   0x080070c8   0x00000050   Code   RO          674    i.USB_CDC_SendData  usbd_cdc_if.o
    0x08007118   0x08007118   0x00000008   Code   RO         1298    i.USB_CoreInit      stm32f1xx_ll_usb.o
    0x08007120   0x08007120   0x0000027c   Code   RO         1300    i.USB_DeactivateEndpoint  stm32f1xx_ll_usb.o
    0x0800739c   0x0800739c   0x00000006   Code   RO         1301    i.USB_DevConnect    stm32f1xx_ll_usb.o
    0x080073a2   0x080073a2   0x00000006   Code   RO         1302    i.USB_DevDisconnect  stm32f1xx_ll_usb.o
    0x080073a8   0x080073a8   0x00000016   Code   RO         1303    i.USB_DevInit       stm32f1xx_ll_usb.o
    0x080073be   0x080073be   0x00000014   Code   RO         1304    i.USB_DisableGlobalInt  stm32f1xx_ll_usb.o
    0x080073d2   0x080073d2   0x00000006   Code   RO         1305    i.USB_EP0_OutStart  stm32f1xx_ll_usb.o
    0x080073d8   0x080073d8   0x000000da   Code   RO         1306    i.USB_EPClearStall  stm32f1xx_ll_usb.o
    0x080074b2   0x080074b2   0x0000005c   Code   RO         1307    i.USB_EPSetStall    stm32f1xx_ll_usb.o
    0x0800750e   0x0800750e   0x00000a50   Code   RO         1308    i.USB_EPStartXfer   stm32f1xx_ll_usb.o
    0x08007f5e   0x08007f5e   0x00000012   Code   RO         1310    i.USB_EnableGlobalInt  stm32f1xx_ll_usb.o
    0x08007f70   0x08007f70   0x00000010   Code   RO          438    i.USB_LP_CAN1_RX0_IRQHandler  stm32f1xx_it.o
    0x08007f80   0x08007f80   0x00000008   Code   RO         1317    i.USB_ReadInterrupts  stm32f1xx_ll_usb.o
    0x08007f88   0x08007f88   0x0000004a   Code   RO         1318    i.USB_ReadPMA       stm32f1xx_ll_usb.o
    0x08007fd2   0x08007fd2   0x00000006   Code   RO         1319    i.USB_SetCurrentMode  stm32f1xx_ll_usb.o
    0x08007fd8   0x08007fd8   0x0000000e   Code   RO         1320    i.USB_SetDevAddress  stm32f1xx_ll_usb.o
    0x08007fe6   0x08007fe6   0x00000040   Code   RO         1322    i.USB_WritePMA      stm32f1xx_ll_usb.o
    0x08008026   0x08008026   0x00000004   Code   RO          439    i.UsageFault_Handler  stm32f1xx_it.o
    0x0800802a   0x0800802a   0x00000028   Code   RO         4126    i.__ARM_fpclassify  m_ws.l(fpclassify.o)
    0x08008052   0x08008052   0x00000002   PAD
    0x08008054   0x08008054   0x00000014   Code   RO           20    i.__CAL_GET         opb9000.o
    0x08008068   0x08008068   0x00000008   Code   RO           21    i.__CAL_IN          opb9000.o
    0x08008070   0x08008070   0x00000008   Code   RO           22    i.__CAL_OUT         opb9000.o
    0x08008078   0x08008078   0x00000038   Code   RO           23    i.__CAL_RESET       opb9000.o
    0x080080b0   0x080080b0   0x00000038   Code   RO           24    i.__CAL_SET         opb9000.o
    0x080080e8   0x080080e8   0x00000010   Code   RO         1976    i.__NVIC_GetPriorityGrouping  stm32f1xx_hal_cortex.o
    0x080080f8   0x080080f8   0x00000028   Code   RO         1977    i.__NVIC_SetPriority  stm32f1xx_hal_cortex.o
    0x08008120   0x08008120   0x00000014   Code   RO           25    i.__OUT_GET         opb9000.o
    0x08008134   0x08008134   0x0000000e   Code   RO         3992    i._is_digit         c_w.l(__printf_wp.o)
    0x08008142   0x08008142   0x00000002   PAD
    0x08008144   0x08008144   0x000001b4   Code   RO           26    i.findData          opb9000.o
    0x080082f8   0x080082f8   0x00000014   Code   RO          675    i.getUSB_CDC_ReceiveBuffer  usbd_cdc_if.o
    0x0800830c   0x0800830c   0x00000014   Code   RO          676    i.getUSB_CDC_ReceiveLength  usbd_cdc_if.o
    0x08008320   0x08008320   0x000008d4   Code   RO          276    i.main              main.o
    0x08008bf4   0x08008bf4   0x00000030   Code   RO           29    i.reverseBitsInRange  opb9000.o
    0x08008c24   0x08008c24   0x0000003c   Code   RO           30    i.setOPB9000Bank2   opb9000.o
    0x08008c60   0x08008c60   0x0000002c   Code   RO         4113    locale$$code        c_w.l(lc_numeric_c.o)
    0x08008c8c   0x08008c8c   0x0000002c   Code   RO         4134    locale$$code        c_w.l(lc_ctype_c.o)
    0x08008cb8   0x08008cb8   0x00000004   Code   RO         4031    x$fpl$printf1       fz_ws.l(printf1.o)
    0x08008cbc   0x08008cbc   0x00000004   Code   RO         4033    x$fpl$printf2       fz_ws.l(printf2.o)
    0x08008cc0   0x08008cc0   0x00000000   Code   RO         4125    x$fpl$usenofp       fz_ws.l(usenofp.o)
    0x08008cc0   0x08008cc0   0x00000012   Data   RO         1670    .constdata          stm32f1xx_hal_rcc.o
    0x08008cd2   0x08008cd2   0x00000018   Data   RO         3475    .constdata          system_stm32f1xx.o
    0x08008cea   0x08008cea   0x00000002   PAD
    0x08008cec   0x08008cec   0x00000008   Data   RO         3951    .constdata          c_w.l(_printf_wctomb.o)
    0x08008cf4   0x08008cf4   0x00000028   Data   RO         3980    .constdata          c_w.l(_printf_hex_int_ll_ptr.o)
    0x08008d1c   0x08008d1c   0x00000011   Data   RO         4000    .constdata          c_w.l(__printf_flags_ss_wp.o)
    0x08008d2d   0x08008d2d   0x00000026   Data   RO         4063    .constdata          c_w.l(_printf_fp_hex.o)
    0x08008d53   0x08008d53   0x00000001   PAD
    0x08008d54   0x08008d54   0x00000094   Data   RO         4088    .constdata          c_w.l(bigflt0.o)
    0x08008de8   0x08008de8   0x00000020   Data   RO         4258    Region$$Table       anon$$obj.o
    0x08008e08   0x08008e08   0x0000001c   Data   RO         4112    locale$$data        c_w.l(lc_numeric_c.o)
    0x08008e24   0x08008e24   0x00000110   Data   RO         4133    locale$$data        c_w.l(lc_ctype_c.o)


    Execution Region RW_IRAM1 (Exec base: 0x20000000, Load base: 0x08008f34, Size: 0x00003430, Max: 0x00005000, ABSOLUTE, COMPRESSED[0x000000cc])

    Exec Addr    Load Addr    Size         Type   Attr      Idx    E Section Name        Object

    0x20000000   COMPRESSED   0x00000048   Data   RW           32    .data               opb9000.o
    0x20000048   COMPRESSED   0x00000001   Data   RW          277    .data               main.o
    0x20000049   COMPRESSED   0x00000003   PAD
    0x2000004c   COMPRESSED   0x0000004e   Data   RW          587    .data               usbd_desc.o
    0x2000009a   COMPRESSED   0x00000002   PAD
    0x2000009c   COMPRESSED   0x00000024   Data   RW          680    .data               usbd_cdc_if.o
    0x200000c0   COMPRESSED   0x0000000c   Data   RW         1506    .data               stm32f1xx_hal.o
    0x200000cc   COMPRESSED   0x00000004   Data   RW         3476    .data               system_stm32f1xx.o
    0x200000d0   COMPRESSED   0x00000001   Data   RW         3662    .data               usbd_ctlreq.o
    0x200000d1   COMPRESSED   0x00000003   PAD
    0x200000d4   COMPRESSED   0x0000010f   Data   RW         3818    .data               usbd_cdc.o
    0x200001e3   COMPRESSED   0x00000001   PAD
    0x200001e4        -       0x00000fa0   Zero   RW           31    .bss                opb9000.o
    0x20001184        -       0x000000d0   Zero   RW          364    .bss                tim.o
    0x20001254        -       0x000002c4   Zero   RW          547    .bss                usb_device.o
    0x20001518        -       0x00000200   Zero   RW          586    .bss                usbd_desc.o
    0x20001718        -       0x00000f9e   Zero   RW          679    .bss                usbd_cdc_if.o
    0x200026b6   COMPRESSED   0x00000002   PAD
    0x200026b8        -       0x00000514   Zero   RW          800    .bss                usbd_conf.o
    0x20002bcc        -       0x00000060   Zero   RW         4129    .bss                c_w.l(libspace.o)
    0x20002c2c   COMPRESSED   0x00000004   PAD
    0x20002c30        -       0x00000400   Zero   RW            2    HEAP                startup_stm32f103xb.o
    0x20003030        -       0x00000400   Zero   RW            1    STACK               startup_stm32f103xb.o


==============================================================================

Image component sizes


      Code (inc. data)   RO Data    RW Data    ZI Data      Debug   Object Name

       404         28          0          0          0       1966   gpio.o
      2398       1340          0          1          0       2531   main.o
      2896        470          0         72       4000     448751   opb9000.o
        64         26        236          0       2048        800   startup_stm32f103xb.o
       192         36          0         12          0       5809   stm32f1xx_hal.o
       304         22          0          0          0      29347   stm32f1xx_hal_cortex.o
      1184         62          0          0          0       5393   stm32f1xx_hal_gpio.o
        92         10          0          0          0        878   stm32f1xx_hal_msp.o
      4506          0          0          0          0      14953   stm32f1xx_hal_pcd.o
        68          0          0          0          0       1158   stm32f1xx_hal_pcd_ex.o
      1672         72         18          0          0       4292   stm32f1xx_hal_rcc.o
       304         14          0          0          0       1380   stm32f1xx_hal_rcc_ex.o
      1306         40          0          0          0      10939   stm32f1xx_hal_tim.o
       124         12          0          0          0       2389   stm32f1xx_hal_tim_ex.o
        86         12          0          0          0       5226   stm32f1xx_it.o
      5038          0          0          0          0      18799   stm32f1xx_ll_usb.o
         2          0         24          4          0       1091   system_stm32f1xx.o
       264         20          0          0        208       2549   tim.o
       128         22          0          0        708        756   usb_device.o
       964         24          0        271          0      12862   usbd_cdc.o
       560         64          0         36       3998       8862   usbd_cdc_if.o
       842         30          0          0       1300      14593   usbd_conf.o
       850          0          0          0          0       9779   usbd_core.o
      2106         28          0          1          0      10528   usbd_ctlreq.o
       370        118          0         78        512       6477   usbd_desc.o
       174          0          0          0          0       4464   usbd_ioreq.o

    ----------------------------------------------------------------------
     26908       2450        312        484      12776     626572   Object Totals
         0          0         32          0          0          0   (incl. Generated)
        10          0          2          9          2          0   (incl. Padding)

    ----------------------------------------------------------------------

      Code (inc. data)   RO Data    RW Data    ZI Data      Debug   Library Member Name

        60          8          0          0          0         84   __0sscanf.o
        90          0          0          0          0          0   __dczerorl2.o
         8          0          0          0          0         68   __main.o
       392          4         17          0          0         92   __printf_flags_ss_wp.o
        14          0          0          0          0         68   __printf_wp.o
         0          0          0          0          0          0   __rtentry.o
        12          0          0          0          0          0   __rtentry2.o
         6          0          0          0          0          0   __rtentry4.o
        52          8          0          0          0          0   __scatter.o
        28          0          0          0          0          0   __scatter_zi.o
        28          0          0          0          0         68   _chval.o
         6          0          0          0          0          0   _printf_a.o
         6          0          0          0          0          0   _printf_c.o
        44          0          0          0          0        108   _printf_char.o
        48          6          0          0          0         96   _printf_char_common.o
        40          0          0          0          0         68   _printf_charcount.o
         6          0          0          0          0          0   _printf_d.o
       120         16          0          0          0         92   _printf_dec.o
         6          0          0          0          0          0   _printf_e.o
         6          0          0          0          0          0   _printf_f.o
      1054          0          0          0          0        216   _printf_fp_dec.o
       764          8         38          0          0        100   _printf_fp_hex.o
       128         16          0          0          0         84   _printf_fp_infnan.o
         6          0          0          0          0          0   _printf_g.o
       148          4         40          0          0        160   _printf_hex_int_ll_ptr.o
         6          0          0          0          0          0   _printf_i.o
       178          0          0          0          0         88   _printf_intcommon.o
        10          0          0          0          0          0   _printf_l.o
         6          0          0          0          0          0   _printf_lc.o
        10          0          0          0          0          0   _printf_ll.o
         6          0          0          0          0          0   _printf_lld.o
         6          0          0          0          0          0   _printf_lli.o
         6          0          0          0          0          0   _printf_llo.o
         6          0          0          0          0          0   _printf_llu.o
         6          0          0          0          0          0   _printf_llx.o
       124         16          0          0          0         92   _printf_longlong_dec.o
         6          0          0          0          0          0   _printf_ls.o
         6          0          0          0          0          0   _printf_n.o
         6          0          0          0          0          0   _printf_o.o
       112         10          0          0          0        124   _printf_oct_int_ll.o
         6          0          0          0          0          0   _printf_p.o
        78          0          0          0          0        108   _printf_pad.o
         0          0          0          0          0          0   _printf_percent.o
         4          0          0          0          0          0   _printf_percent_end.o
         6          0          0          0          0          0   _printf_s.o
        82          0          0          0          0         80   _printf_str.o
        36          0          0          0          0         84   _printf_truncate.o
         6          0          0          0          0          0   _printf_u.o
        44          0          0          0          0        108   _printf_wchar.o
       188          6          8          0          0         92   _printf_wctomb.o
         6          0          0          0          0          0   _printf_x.o
       884          6          0          0          0        100   _scanf.o
       332          0          0          0          0         96   _scanf_int.o
       224          0          0          0          0         96   _scanf_str.o
        64          0          0          0          0         84   _sgetc.o
        16          0          0          0          0         68   _snputc.o
        10          0          0          0          0         68   _sputc.o
        64          0          0          0          0         92   _wcrtomb.o
       228          4        148          0          0         96   bigflt0.o
      1936        128          0          0          0        672   btod.o
        18          0          0          0          0         80   exit.o
         6          0          0          0          0        152   heapauxi.o
         0          0          0          0          0          0   indicate_semi.o
        18          0          0          0          0         76   isspace.o
        44         10        272          0          0         76   lc_ctype_c.o
        44         10         28          0          0         76   lc_numeric_c.o
         2          0          0          0          0          0   libinit.o
        30          0          0          0          0          0   libinit2.o
         2          0          0          0          0          0   libshutdown.o
         2          0          0          0          0          0   libshutdown2.o
         8          4          0          0         96         68   libspace.o
       138          0          0          0          0         80   lludiv10.o
        16          4          0          0          0         76   rt_ctype_table.o
         8          4          0          0          0         68   rt_locale_intlibspace.o
        68          0          0          0          0         68   rt_memclr.o
        78          0          0          0          0         80   rt_memclr_w.o
       138          0          0          0          0         68   rt_memcpy_v6.o
       100          0          0          0          0         80   rt_memcpy_w.o
         2          0          0          0          0          0   rtexit.o
        10          0          0          0          0          0   rtexit2.o
        44          8          0          0          0         84   scanf_char.o
       128          0          0          0          0         68   strcmpv7m.o
        12          4          0          0          0         68   sys_exit.o
        74          0          0          0          0         80   sys_stackheap_outer.o
         2          0          0          0          0         68   use_no_semi.o
        52          4          0          0          0         80   vsnprintf.o
         4          0          0          0          0         68   printf1.o
         4          0          0          0          0         68   printf2.o
         0          0          0          0          0          0   usenofp.o
        40          0          0          0          0         68   fpclassify.o

    ----------------------------------------------------------------------
      8888        288        552          0        100       5152   Library Totals
        16          0          1          0          4          0   (incl. Padding)

    ----------------------------------------------------------------------

      Code (inc. data)   RO Data    RW Data    ZI Data      Debug   Library Name

      8824        288        551          0         96       4948   c_w.l
         8          0          0          0          0        136   fz_ws.l
        40          0          0          0          0         68   m_ws.l

    ----------------------------------------------------------------------
      8888        288        552          0        100       5152   Library Totals

    ----------------------------------------------------------------------

==============================================================================


      Code (inc. data)   RO Data    RW Data    ZI Data      Debug   

     35796       2738        864        484      12876     618512   Grand Totals
     35796       2738        864        204      12876     618512   ELF Image Totals (compressed)
     35796       2738        864        204          0          0   ROM Totals

==============================================================================

    Total RO  Size (Code + RO Data)                36660 (  35.80kB)
    Total RW  Size (RW Data + ZI Data)             13360 (  13.05kB)
    Total ROM Size (Code + RO Data + RW Data)      36864 (  36.00kB)

==============================================================================

