<!doctype html public "-//w3c//dtd html 4.0 transitional//en">
<html><head>
<title>Static Call Graph - [..\OBJ\LED.axf]</title></head>
<body><HR>
<H1>Static Call Graph for image ..\OBJ\LED.axf</H1><HR>
<BR><P>#&#060CALLGRAPH&#062# ARM Linker, 5060750: Last Updated: Fri Jun 12 15:43:11 2026
<BR><P>
<H3>Maximum Stack Usage =        152 bytes + Unknown(Functions without stacksize, Cycles, Untraceable Function Pointers)</H3><H3>
Call chain for Maximum Stack Depth:</H3>
__rt_entry_main &rArr; main &rArr; UI_Render_MotorMenu &rArr; Draw_Motor_FullScreen &rArr; FB_DrawStr_Center &rArr; FB_DrawStr8x16 &rArr; FB_DrawChar8x16 &rArr; FB_SetPixel
<P>
<H3>
Functions with no stack information
</H3><UL>
 <LI><a href="#[4d]">__user_initial_stackheap</a>
</UL>
</UL>
<P>
<H3>
Mutually Recursive functions
</H3> <LI><a href="#[c]">SysTick_Handler</a>&nbsp;&nbsp;&nbsp;&rArr;&nbsp;&nbsp;&nbsp;<a href="#[c]">SysTick_Handler</a><BR>
 <LI><a href="#[1f]">ADC1_2_IRQHandler</a>&nbsp;&nbsp;&nbsp;&rArr;&nbsp;&nbsp;&nbsp;<a href="#[1f]">ADC1_2_IRQHandler</a><BR>
</UL>
<P>
<H3>
Function Pointers
</H3><UL>
 <LI><a href="#[1f]">ADC1_2_IRQHandler</a> from startup_stm32f10x_hd.o(.text) referenced from startup_stm32f10x_hd.o(RESET)
 <LI><a href="#[3c]">ADC3_IRQHandler</a> from startup_stm32f10x_hd.o(.text) referenced from startup_stm32f10x_hd.o(RESET)
 <LI><a href="#[7]">BusFault_Handler</a> from stm32f10x_it.o(i.BusFault_Handler) referenced from startup_stm32f10x_hd.o(RESET)
 <LI><a href="#[22]">CAN1_RX1_IRQHandler</a> from startup_stm32f10x_hd.o(.text) referenced from startup_stm32f10x_hd.o(RESET)
 <LI><a href="#[23]">CAN1_SCE_IRQHandler</a> from startup_stm32f10x_hd.o(.text) referenced from startup_stm32f10x_hd.o(RESET)
 <LI><a href="#[18]">DMA1_Channel1_IRQHandler</a> from startup_stm32f10x_hd.o(.text) referenced from startup_stm32f10x_hd.o(RESET)
 <LI><a href="#[19]">DMA1_Channel2_IRQHandler</a> from startup_stm32f10x_hd.o(.text) referenced from startup_stm32f10x_hd.o(RESET)
 <LI><a href="#[1a]">DMA1_Channel3_IRQHandler</a> from startup_stm32f10x_hd.o(.text) referenced from startup_stm32f10x_hd.o(RESET)
 <LI><a href="#[1b]">DMA1_Channel4_IRQHandler</a> from startup_stm32f10x_hd.o(.text) referenced from startup_stm32f10x_hd.o(RESET)
 <LI><a href="#[1c]">DMA1_Channel5_IRQHandler</a> from startup_stm32f10x_hd.o(.text) referenced from startup_stm32f10x_hd.o(RESET)
 <LI><a href="#[1d]">DMA1_Channel6_IRQHandler</a> from startup_stm32f10x_hd.o(.text) referenced from startup_stm32f10x_hd.o(RESET)
 <LI><a href="#[1e]">DMA1_Channel7_IRQHandler</a> from startup_stm32f10x_hd.o(.text) referenced from startup_stm32f10x_hd.o(RESET)
 <LI><a href="#[45]">DMA2_Channel1_IRQHandler</a> from startup_stm32f10x_hd.o(.text) referenced from startup_stm32f10x_hd.o(RESET)
 <LI><a href="#[46]">DMA2_Channel2_IRQHandler</a> from startup_stm32f10x_hd.o(.text) referenced from startup_stm32f10x_hd.o(RESET)
 <LI><a href="#[47]">DMA2_Channel3_IRQHandler</a> from startup_stm32f10x_hd.o(.text) referenced from startup_stm32f10x_hd.o(RESET)
 <LI><a href="#[48]">DMA2_Channel4_5_IRQHandler</a> from startup_stm32f10x_hd.o(.text) referenced from startup_stm32f10x_hd.o(RESET)
 <LI><a href="#[a]">DebugMon_Handler</a> from stm32f10x_it.o(i.DebugMon_Handler) referenced from startup_stm32f10x_hd.o(RESET)
 <LI><a href="#[13]">EXTI0_IRQHandler</a> from startup_stm32f10x_hd.o(.text) referenced from startup_stm32f10x_hd.o(RESET)
 <LI><a href="#[35]">EXTI15_10_IRQHandler</a> from stm32f10x_it.o(i.EXTI15_10_IRQHandler) referenced from startup_stm32f10x_hd.o(RESET)
 <LI><a href="#[14]">EXTI1_IRQHandler</a> from stm32f10x_it.o(i.EXTI1_IRQHandler) referenced from startup_stm32f10x_hd.o(RESET)
 <LI><a href="#[15]">EXTI2_IRQHandler</a> from startup_stm32f10x_hd.o(.text) referenced from startup_stm32f10x_hd.o(RESET)
 <LI><a href="#[16]">EXTI3_IRQHandler</a> from stm32f10x_it.o(i.EXTI3_IRQHandler) referenced from startup_stm32f10x_hd.o(RESET)
 <LI><a href="#[17]">EXTI4_IRQHandler</a> from stm32f10x_it.o(i.EXTI4_IRQHandler) referenced from startup_stm32f10x_hd.o(RESET)
 <LI><a href="#[24]">EXTI9_5_IRQHandler</a> from stm32f10x_it.o(i.EXTI9_5_IRQHandler) referenced from startup_stm32f10x_hd.o(RESET)
 <LI><a href="#[11]">FLASH_IRQHandler</a> from startup_stm32f10x_hd.o(.text) referenced from startup_stm32f10x_hd.o(RESET)
 <LI><a href="#[3d]">FSMC_IRQHandler</a> from startup_stm32f10x_hd.o(.text) referenced from startup_stm32f10x_hd.o(RESET)
 <LI><a href="#[5]">HardFault_Handler</a> from stm32f10x_it.o(i.HardFault_Handler) referenced from startup_stm32f10x_hd.o(RESET)
 <LI><a href="#[2d]">I2C1_ER_IRQHandler</a> from startup_stm32f10x_hd.o(.text) referenced from startup_stm32f10x_hd.o(RESET)
 <LI><a href="#[2c]">I2C1_EV_IRQHandler</a> from startup_stm32f10x_hd.o(.text) referenced from startup_stm32f10x_hd.o(RESET)
 <LI><a href="#[2f]">I2C2_ER_IRQHandler</a> from startup_stm32f10x_hd.o(.text) referenced from startup_stm32f10x_hd.o(RESET)
 <LI><a href="#[2e]">I2C2_EV_IRQHandler</a> from startup_stm32f10x_hd.o(.text) referenced from startup_stm32f10x_hd.o(RESET)
 <LI><a href="#[6]">MemManage_Handler</a> from stm32f10x_it.o(i.MemManage_Handler) referenced from startup_stm32f10x_hd.o(RESET)
 <LI><a href="#[4]">NMI_Handler</a> from stm32f10x_it.o(i.NMI_Handler) referenced from startup_stm32f10x_hd.o(RESET)
 <LI><a href="#[e]">PVD_IRQHandler</a> from startup_stm32f10x_hd.o(.text) referenced from startup_stm32f10x_hd.o(RESET)
 <LI><a href="#[b]">PendSV_Handler</a> from stm32f10x_it.o(i.PendSV_Handler) referenced from startup_stm32f10x_hd.o(RESET)
 <LI><a href="#[12]">RCC_IRQHandler</a> from startup_stm32f10x_hd.o(.text) referenced from startup_stm32f10x_hd.o(RESET)
 <LI><a href="#[36]">RTCAlarm_IRQHandler</a> from startup_stm32f10x_hd.o(.text) referenced from startup_stm32f10x_hd.o(RESET)
 <LI><a href="#[10]">RTC_IRQHandler</a> from startup_stm32f10x_hd.o(.text) referenced from startup_stm32f10x_hd.o(RESET)
 <LI><a href="#[4b]">Reset_Handler</a> from startup_stm32f10x_hd.o(.text) referenced from startup_stm32f10x_hd.o(RESET)
 <LI><a href="#[3e]">SDIO_IRQHandler</a> from startup_stm32f10x_hd.o(.text) referenced from startup_stm32f10x_hd.o(RESET)
 <LI><a href="#[30]">SPI1_IRQHandler</a> from startup_stm32f10x_hd.o(.text) referenced from startup_stm32f10x_hd.o(RESET)
 <LI><a href="#[31]">SPI2_IRQHandler</a> from startup_stm32f10x_hd.o(.text) referenced from startup_stm32f10x_hd.o(RESET)
 <LI><a href="#[40]">SPI3_IRQHandler</a> from startup_stm32f10x_hd.o(.text) referenced from startup_stm32f10x_hd.o(RESET)
 <LI><a href="#[9]">SVC_Handler</a> from stm32f10x_it.o(i.SVC_Handler) referenced from startup_stm32f10x_hd.o(RESET)
 <LI><a href="#[c]">SysTick_Handler</a> from startup_stm32f10x_hd.o(.text) referenced from startup_stm32f10x_hd.o(RESET)
 <LI><a href="#[49]">SystemInit</a> from system_stm32f10x.o(i.SystemInit) referenced from startup_stm32f10x_hd.o(.text)
 <LI><a href="#[f]">TAMPER_IRQHandler</a> from startup_stm32f10x_hd.o(.text) referenced from startup_stm32f10x_hd.o(RESET)
 <LI><a href="#[25]">TIM1_BRK_IRQHandler</a> from startup_stm32f10x_hd.o(.text) referenced from startup_stm32f10x_hd.o(RESET)
 <LI><a href="#[28]">TIM1_CC_IRQHandler</a> from startup_stm32f10x_hd.o(.text) referenced from startup_stm32f10x_hd.o(RESET)
 <LI><a href="#[27]">TIM1_TRG_COM_IRQHandler</a> from startup_stm32f10x_hd.o(.text) referenced from startup_stm32f10x_hd.o(RESET)
 <LI><a href="#[26]">TIM1_UP_IRQHandler</a> from startup_stm32f10x_hd.o(.text) referenced from startup_stm32f10x_hd.o(RESET)
 <LI><a href="#[29]">TIM2_IRQHandler</a> from startup_stm32f10x_hd.o(.text) referenced from startup_stm32f10x_hd.o(RESET)
 <LI><a href="#[2a]">TIM3_IRQHandler</a> from startup_stm32f10x_hd.o(.text) referenced from startup_stm32f10x_hd.o(RESET)
 <LI><a href="#[2b]">TIM4_IRQHandler</a> from stm32f10x_it.o(i.TIM4_IRQHandler) referenced from startup_stm32f10x_hd.o(RESET)
 <LI><a href="#[3f]">TIM5_IRQHandler</a> from startup_stm32f10x_hd.o(.text) referenced from startup_stm32f10x_hd.o(RESET)
 <LI><a href="#[43]">TIM6_IRQHandler</a> from startup_stm32f10x_hd.o(.text) referenced from startup_stm32f10x_hd.o(RESET)
 <LI><a href="#[44]">TIM7_IRQHandler</a> from startup_stm32f10x_hd.o(.text) referenced from startup_stm32f10x_hd.o(RESET)
 <LI><a href="#[38]">TIM8_BRK_IRQHandler</a> from startup_stm32f10x_hd.o(.text) referenced from startup_stm32f10x_hd.o(RESET)
 <LI><a href="#[3b]">TIM8_CC_IRQHandler</a> from startup_stm32f10x_hd.o(.text) referenced from startup_stm32f10x_hd.o(RESET)
 <LI><a href="#[3a]">TIM8_TRG_COM_IRQHandler</a> from startup_stm32f10x_hd.o(.text) referenced from startup_stm32f10x_hd.o(RESET)
 <LI><a href="#[39]">TIM8_UP_IRQHandler</a> from startup_stm32f10x_hd.o(.text) referenced from startup_stm32f10x_hd.o(RESET)
 <LI><a href="#[41]">UART4_IRQHandler</a> from startup_stm32f10x_hd.o(.text) referenced from startup_stm32f10x_hd.o(RESET)
 <LI><a href="#[42]">UART5_IRQHandler</a> from startup_stm32f10x_hd.o(.text) referenced from startup_stm32f10x_hd.o(RESET)
 <LI><a href="#[32]">USART1_IRQHandler</a> from stm32f10x_it.o(i.USART1_IRQHandler) referenced from startup_stm32f10x_hd.o(RESET)
 <LI><a href="#[33]">USART2_IRQHandler</a> from stm32f10x_it.o(i.USART2_IRQHandler) referenced from startup_stm32f10x_hd.o(RESET)
 <LI><a href="#[34]">USART3_IRQHandler</a> from stm32f10x_it.o(i.USART3_IRQHandler) referenced from startup_stm32f10x_hd.o(RESET)
 <LI><a href="#[37]">USBWakeUp_IRQHandler</a> from startup_stm32f10x_hd.o(.text) referenced from startup_stm32f10x_hd.o(RESET)
 <LI><a href="#[20]">USB_HP_CAN1_TX_IRQHandler</a> from startup_stm32f10x_hd.o(.text) referenced from startup_stm32f10x_hd.o(RESET)
 <LI><a href="#[21]">USB_LP_CAN1_RX0_IRQHandler</a> from startup_stm32f10x_hd.o(.text) referenced from startup_stm32f10x_hd.o(RESET)
 <LI><a href="#[8]">UsageFault_Handler</a> from stm32f10x_it.o(i.UsageFault_Handler) referenced from startup_stm32f10x_hd.o(RESET)
 <LI><a href="#[d]">WWDG_IRQHandler</a> from startup_stm32f10x_hd.o(.text) referenced from startup_stm32f10x_hd.o(RESET)
 <LI><a href="#[4c]">__main</a> from __main.o(!!!main) referenced from startup_stm32f10x_hd.o(.text)
</UL>
<P>
<H3>
Global Symbols
</H3>
<P><STRONG><a name="[4c]"></a>__main</STRONG> (Thumb, 8 bytes, Stack size 0 bytes, __main.o(!!!main))
<BR><BR>[Calls]<UL><LI><a href="#[4f]">&gt;&gt;</a>&nbsp;&nbsp;&nbsp;__rt_entry
<LI><a href="#[4e]">&gt;&gt;</a>&nbsp;&nbsp;&nbsp;__scatterload
</UL>

<P><STRONG><a name="[4e]"></a>__scatterload</STRONG> (Thumb, 0 bytes, Stack size unknown bytes, __scatter.o(!!!scatter))
<BR><BR>[Called By]<UL><LI><a href="#[4c]">&gt;&gt;</a>&nbsp;&nbsp;&nbsp;__main
</UL>

<P><STRONG><a name="[50]"></a>__scatterload_rt2</STRONG> (Thumb, 44 bytes, Stack size unknown bytes, __scatter.o(!!!scatter), UNUSED)
<BR><BR>[Calls]<UL><LI><a href="#[4f]">&gt;&gt;</a>&nbsp;&nbsp;&nbsp;__rt_entry
</UL>

<P><STRONG><a name="[136]"></a>__scatterload_rt2_thumb_only</STRONG> (Thumb, 0 bytes, Stack size unknown bytes, __scatter.o(!!!scatter), UNUSED)

<P><STRONG><a name="[137]"></a>__scatterload_null</STRONG> (Thumb, 0 bytes, Stack size unknown bytes, __scatter.o(!!!scatter), UNUSED)

<P><STRONG><a name="[51]"></a>__scatterload_copy</STRONG> (Thumb, 26 bytes, Stack size unknown bytes, __scatter_copy.o(!!handler_copy), UNUSED)
<BR><BR>[Calls]<UL><LI><a href="#[51]">&gt;&gt;</a>&nbsp;&nbsp;&nbsp;__scatterload_copy
</UL>
<BR>[Called By]<UL><LI><a href="#[51]">&gt;&gt;</a>&nbsp;&nbsp;&nbsp;__scatterload_copy
</UL>

<P><STRONG><a name="[138]"></a>__scatterload_zeroinit</STRONG> (Thumb, 28 bytes, Stack size unknown bytes, __scatter_zi.o(!!handler_zi), UNUSED)

<P><STRONG><a name="[55]"></a>__rt_lib_init</STRONG> (Thumb, 0 bytes, Stack size unknown bytes, libinit.o(.ARM.Collect$$libinit$$00000000))
<BR><BR>[Called By]<UL><LI><a href="#[54]">&gt;&gt;</a>&nbsp;&nbsp;&nbsp;__rt_entry_li
</UL>

<P><STRONG><a name="[139]"></a>__rt_lib_init_alloca_1</STRONG> (Thumb, 0 bytes, Stack size unknown bytes, libinit2.o(.ARM.Collect$$libinit$$0000002E))

<P><STRONG><a name="[13a]"></a>__rt_lib_init_argv_1</STRONG> (Thumb, 0 bytes, Stack size unknown bytes, libinit2.o(.ARM.Collect$$libinit$$0000002C))

<P><STRONG><a name="[13b]"></a>__rt_lib_init_atexit_1</STRONG> (Thumb, 0 bytes, Stack size unknown bytes, libinit2.o(.ARM.Collect$$libinit$$0000001B))

<P><STRONG><a name="[13c]"></a>__rt_lib_init_clock_1</STRONG> (Thumb, 0 bytes, Stack size unknown bytes, libinit2.o(.ARM.Collect$$libinit$$00000021))

<P><STRONG><a name="[13d]"></a>__rt_lib_init_cpp_1</STRONG> (Thumb, 0 bytes, Stack size unknown bytes, libinit2.o(.ARM.Collect$$libinit$$00000032))

<P><STRONG><a name="[13e]"></a>__rt_lib_init_exceptions_1</STRONG> (Thumb, 0 bytes, Stack size unknown bytes, libinit2.o(.ARM.Collect$$libinit$$00000030))

<P><STRONG><a name="[13f]"></a>__rt_lib_init_fp_1</STRONG> (Thumb, 0 bytes, Stack size unknown bytes, libinit2.o(.ARM.Collect$$libinit$$00000002))

<P><STRONG><a name="[140]"></a>__rt_lib_init_fp_trap_1</STRONG> (Thumb, 0 bytes, Stack size unknown bytes, libinit2.o(.ARM.Collect$$libinit$$0000001F))

<P><STRONG><a name="[141]"></a>__rt_lib_init_getenv_1</STRONG> (Thumb, 0 bytes, Stack size unknown bytes, libinit2.o(.ARM.Collect$$libinit$$00000023))

<P><STRONG><a name="[142]"></a>__rt_lib_init_heap_1</STRONG> (Thumb, 0 bytes, Stack size unknown bytes, libinit2.o(.ARM.Collect$$libinit$$0000000A))

<P><STRONG><a name="[143]"></a>__rt_lib_init_lc_collate_1</STRONG> (Thumb, 0 bytes, Stack size unknown bytes, libinit2.o(.ARM.Collect$$libinit$$00000011))

<P><STRONG><a name="[144]"></a>__rt_lib_init_lc_ctype_1</STRONG> (Thumb, 0 bytes, Stack size unknown bytes, libinit2.o(.ARM.Collect$$libinit$$00000013))

<P><STRONG><a name="[145]"></a>__rt_lib_init_lc_monetary_1</STRONG> (Thumb, 0 bytes, Stack size unknown bytes, libinit2.o(.ARM.Collect$$libinit$$00000015))

<P><STRONG><a name="[146]"></a>__rt_lib_init_lc_numeric_1</STRONG> (Thumb, 0 bytes, Stack size unknown bytes, libinit2.o(.ARM.Collect$$libinit$$00000017))

<P><STRONG><a name="[147]"></a>__rt_lib_init_lc_time_1</STRONG> (Thumb, 0 bytes, Stack size unknown bytes, libinit2.o(.ARM.Collect$$libinit$$00000019))

<P><STRONG><a name="[148]"></a>__rt_lib_init_preinit_1</STRONG> (Thumb, 0 bytes, Stack size unknown bytes, libinit2.o(.ARM.Collect$$libinit$$00000004))

<P><STRONG><a name="[149]"></a>__rt_lib_init_rand_1</STRONG> (Thumb, 0 bytes, Stack size unknown bytes, libinit2.o(.ARM.Collect$$libinit$$0000000E))

<P><STRONG><a name="[14a]"></a>__rt_lib_init_return</STRONG> (Thumb, 0 bytes, Stack size unknown bytes, libinit2.o(.ARM.Collect$$libinit$$00000033))

<P><STRONG><a name="[14b]"></a>__rt_lib_init_signal_1</STRONG> (Thumb, 0 bytes, Stack size unknown bytes, libinit2.o(.ARM.Collect$$libinit$$0000001D))

<P><STRONG><a name="[14c]"></a>__rt_lib_init_stdio_1</STRONG> (Thumb, 0 bytes, Stack size unknown bytes, libinit2.o(.ARM.Collect$$libinit$$00000025))

<P><STRONG><a name="[14d]"></a>__rt_lib_init_user_alloc_1</STRONG> (Thumb, 0 bytes, Stack size unknown bytes, libinit2.o(.ARM.Collect$$libinit$$0000000C))

<P><STRONG><a name="[5a]"></a>__rt_lib_shutdown</STRONG> (Thumb, 0 bytes, Stack size unknown bytes, libshutdown.o(.ARM.Collect$$libshutdown$$00000000))
<BR><BR>[Called By]<UL><LI><a href="#[59]">&gt;&gt;</a>&nbsp;&nbsp;&nbsp;__rt_exit_ls
</UL>

<P><STRONG><a name="[14e]"></a>__rt_lib_shutdown_cpp_1</STRONG> (Thumb, 0 bytes, Stack size unknown bytes, libshutdown2.o(.ARM.Collect$$libshutdown$$00000002))

<P><STRONG><a name="[14f]"></a>__rt_lib_shutdown_fp_trap_1</STRONG> (Thumb, 0 bytes, Stack size unknown bytes, libshutdown2.o(.ARM.Collect$$libshutdown$$00000007))

<P><STRONG><a name="[150]"></a>__rt_lib_shutdown_heap_1</STRONG> (Thumb, 0 bytes, Stack size unknown bytes, libshutdown2.o(.ARM.Collect$$libshutdown$$0000000F))

<P><STRONG><a name="[151]"></a>__rt_lib_shutdown_return</STRONG> (Thumb, 0 bytes, Stack size unknown bytes, libshutdown2.o(.ARM.Collect$$libshutdown$$00000010))

<P><STRONG><a name="[152]"></a>__rt_lib_shutdown_signal_1</STRONG> (Thumb, 0 bytes, Stack size unknown bytes, libshutdown2.o(.ARM.Collect$$libshutdown$$0000000A))

<P><STRONG><a name="[153]"></a>__rt_lib_shutdown_stdio_1</STRONG> (Thumb, 0 bytes, Stack size unknown bytes, libshutdown2.o(.ARM.Collect$$libshutdown$$00000004))

<P><STRONG><a name="[154]"></a>__rt_lib_shutdown_user_alloc_1</STRONG> (Thumb, 0 bytes, Stack size unknown bytes, libshutdown2.o(.ARM.Collect$$libshutdown$$0000000C))

<P><STRONG><a name="[4f]"></a>__rt_entry</STRONG> (Thumb, 0 bytes, Stack size unknown bytes, __rtentry.o(.ARM.Collect$$rtentry$$00000000))
<BR><BR>[Called By]<UL><LI><a href="#[4c]">&gt;&gt;</a>&nbsp;&nbsp;&nbsp;__main
<LI><a href="#[50]">&gt;&gt;</a>&nbsp;&nbsp;&nbsp;__scatterload_rt2
</UL>

<P><STRONG><a name="[155]"></a>__rt_entry_presh_1</STRONG> (Thumb, 0 bytes, Stack size unknown bytes, __rtentry2.o(.ARM.Collect$$rtentry$$00000002))

<P><STRONG><a name="[52]"></a>__rt_entry_sh</STRONG> (Thumb, 0 bytes, Stack size unknown bytes, __rtentry4.o(.ARM.Collect$$rtentry$$00000004))
<BR><BR>[Stack]<UL><LI>Max Depth = 8 + Unknown Stack Size
<LI>Call Chain = __rt_entry_sh &rArr; __user_setup_stackheap
</UL>
<BR>[Calls]<UL><LI><a href="#[53]">&gt;&gt;</a>&nbsp;&nbsp;&nbsp;__user_setup_stackheap
</UL>

<P><STRONG><a name="[54]"></a>__rt_entry_li</STRONG> (Thumb, 0 bytes, Stack size unknown bytes, __rtentry2.o(.ARM.Collect$$rtentry$$0000000A))
<BR><BR>[Calls]<UL><LI><a href="#[55]">&gt;&gt;</a>&nbsp;&nbsp;&nbsp;__rt_lib_init
</UL>

<P><STRONG><a name="[156]"></a>__rt_entry_postsh_1</STRONG> (Thumb, 0 bytes, Stack size unknown bytes, __rtentry2.o(.ARM.Collect$$rtentry$$00000009))

<P><STRONG><a name="[56]"></a>__rt_entry_main</STRONG> (Thumb, 0 bytes, Stack size unknown bytes, __rtentry2.o(.ARM.Collect$$rtentry$$0000000D))
<BR><BR>[Stack]<UL><LI>Max Depth = 152 + Unknown Stack Size
<LI>Call Chain = __rt_entry_main &rArr; main &rArr; UI_Render_MotorMenu &rArr; Draw_Motor_FullScreen &rArr; FB_DrawStr_Center &rArr; FB_DrawStr8x16 &rArr; FB_DrawChar8x16 &rArr; FB_SetPixel
</UL>
<BR>[Calls]<UL><LI><a href="#[57]">&gt;&gt;</a>&nbsp;&nbsp;&nbsp;main
<LI><a href="#[58]">&gt;&gt;</a>&nbsp;&nbsp;&nbsp;exit
</UL>

<P><STRONG><a name="[157]"></a>__rt_entry_postli_1</STRONG> (Thumb, 0 bytes, Stack size unknown bytes, __rtentry2.o(.ARM.Collect$$rtentry$$0000000C))

<P><STRONG><a name="[62]"></a>__rt_exit</STRONG> (Thumb, 0 bytes, Stack size unknown bytes, rtexit.o(.ARM.Collect$$rtexit$$00000000))
<BR><BR>[Called By]<UL><LI><a href="#[58]">&gt;&gt;</a>&nbsp;&nbsp;&nbsp;exit
</UL>

<P><STRONG><a name="[59]"></a>__rt_exit_ls</STRONG> (Thumb, 0 bytes, Stack size unknown bytes, rtexit2.o(.ARM.Collect$$rtexit$$00000003))
<BR><BR>[Calls]<UL><LI><a href="#[5a]">&gt;&gt;</a>&nbsp;&nbsp;&nbsp;__rt_lib_shutdown
</UL>

<P><STRONG><a name="[158]"></a>__rt_exit_prels_1</STRONG> (Thumb, 0 bytes, Stack size unknown bytes, rtexit2.o(.ARM.Collect$$rtexit$$00000002))

<P><STRONG><a name="[5b]"></a>__rt_exit_exit</STRONG> (Thumb, 0 bytes, Stack size unknown bytes, rtexit2.o(.ARM.Collect$$rtexit$$00000004))
<BR><BR>[Calls]<UL><LI><a href="#[5c]">&gt;&gt;</a>&nbsp;&nbsp;&nbsp;_sys_exit
</UL>

<P><STRONG><a name="[4b]"></a>Reset_Handler</STRONG> (Thumb, 8 bytes, Stack size 0 bytes, startup_stm32f10x_hd.o(.text))

<P><STRONG><a name="[c]"></a>SysTick_Handler</STRONG> (Thumb, 2 bytes, Stack size 0 bytes, startup_stm32f10x_hd.o(.text))
<BR><BR>[Calls]<UL><LI><a href="#[c]">&gt;&gt;</a>&nbsp;&nbsp;&nbsp;SysTick_Handler
</UL>
<BR>[Called By]<UL><LI><a href="#[c]">&gt;&gt;</a>&nbsp;&nbsp;&nbsp;SysTick_Handler
</UL>
<BR>[Address Reference Count : 1]<UL><LI> startup_stm32f10x_hd.o(RESET)
</UL>
<P><STRONG><a name="[1f]"></a>ADC1_2_IRQHandler</STRONG> (Thumb, 0 bytes, Stack size 0 bytes, startup_stm32f10x_hd.o(.text))
<BR><BR>[Calls]<UL><LI><a href="#[1f]">&gt;&gt;</a>&nbsp;&nbsp;&nbsp;ADC1_2_IRQHandler
</UL>
<BR>[Called By]<UL><LI><a href="#[1f]">&gt;&gt;</a>&nbsp;&nbsp;&nbsp;ADC1_2_IRQHandler
</UL>
<BR>[Address Reference Count : 1]<UL><LI> startup_stm32f10x_hd.o(RESET)
</UL>
<P><STRONG><a name="[3c]"></a>ADC3_IRQHandler</STRONG> (Thumb, 0 bytes, Stack size 0 bytes, startup_stm32f10x_hd.o(.text))
<BR>[Address Reference Count : 1]<UL><LI> startup_stm32f10x_hd.o(RESET)
</UL>
<P><STRONG><a name="[22]"></a>CAN1_RX1_IRQHandler</STRONG> (Thumb, 0 bytes, Stack size 0 bytes, startup_stm32f10x_hd.o(.text))
<BR>[Address Reference Count : 1]<UL><LI> startup_stm32f10x_hd.o(RESET)
</UL>
<P><STRONG><a name="[23]"></a>CAN1_SCE_IRQHandler</STRONG> (Thumb, 0 bytes, Stack size 0 bytes, startup_stm32f10x_hd.o(.text))
<BR>[Address Reference Count : 1]<UL><LI> startup_stm32f10x_hd.o(RESET)
</UL>
<P><STRONG><a name="[18]"></a>DMA1_Channel1_IRQHandler</STRONG> (Thumb, 0 bytes, Stack size 0 bytes, startup_stm32f10x_hd.o(.text))
<BR>[Address Reference Count : 1]<UL><LI> startup_stm32f10x_hd.o(RESET)
</UL>
<P><STRONG><a name="[19]"></a>DMA1_Channel2_IRQHandler</STRONG> (Thumb, 0 bytes, Stack size 0 bytes, startup_stm32f10x_hd.o(.text))
<BR>[Address Reference Count : 1]<UL><LI> startup_stm32f10x_hd.o(RESET)
</UL>
<P><STRONG><a name="[1a]"></a>DMA1_Channel3_IRQHandler</STRONG> (Thumb, 0 bytes, Stack size 0 bytes, startup_stm32f10x_hd.o(.text))
<BR>[Address Reference Count : 1]<UL><LI> startup_stm32f10x_hd.o(RESET)
</UL>
<P><STRONG><a name="[1b]"></a>DMA1_Channel4_IRQHandler</STRONG> (Thumb, 0 bytes, Stack size 0 bytes, startup_stm32f10x_hd.o(.text))
<BR>[Address Reference Count : 1]<UL><LI> startup_stm32f10x_hd.o(RESET)
</UL>
<P><STRONG><a name="[1c]"></a>DMA1_Channel5_IRQHandler</STRONG> (Thumb, 0 bytes, Stack size 0 bytes, startup_stm32f10x_hd.o(.text))
<BR>[Address Reference Count : 1]<UL><LI> startup_stm32f10x_hd.o(RESET)
</UL>
<P><STRONG><a name="[1d]"></a>DMA1_Channel6_IRQHandler</STRONG> (Thumb, 0 bytes, Stack size 0 bytes, startup_stm32f10x_hd.o(.text))
<BR>[Address Reference Count : 1]<UL><LI> startup_stm32f10x_hd.o(RESET)
</UL>
<P><STRONG><a name="[1e]"></a>DMA1_Channel7_IRQHandler</STRONG> (Thumb, 0 bytes, Stack size 0 bytes, startup_stm32f10x_hd.o(.text))
<BR>[Address Reference Count : 1]<UL><LI> startup_stm32f10x_hd.o(RESET)
</UL>
<P><STRONG><a name="[45]"></a>DMA2_Channel1_IRQHandler</STRONG> (Thumb, 0 bytes, Stack size 0 bytes, startup_stm32f10x_hd.o(.text))
<BR>[Address Reference Count : 1]<UL><LI> startup_stm32f10x_hd.o(RESET)
</UL>
<P><STRONG><a name="[46]"></a>DMA2_Channel2_IRQHandler</STRONG> (Thumb, 0 bytes, Stack size 0 bytes, startup_stm32f10x_hd.o(.text))
<BR>[Address Reference Count : 1]<UL><LI> startup_stm32f10x_hd.o(RESET)
</UL>
<P><STRONG><a name="[47]"></a>DMA2_Channel3_IRQHandler</STRONG> (Thumb, 0 bytes, Stack size 0 bytes, startup_stm32f10x_hd.o(.text))
<BR>[Address Reference Count : 1]<UL><LI> startup_stm32f10x_hd.o(RESET)
</UL>
<P><STRONG><a name="[48]"></a>DMA2_Channel4_5_IRQHandler</STRONG> (Thumb, 0 bytes, Stack size 0 bytes, startup_stm32f10x_hd.o(.text))
<BR>[Address Reference Count : 1]<UL><LI> startup_stm32f10x_hd.o(RESET)
</UL>
<P><STRONG><a name="[13]"></a>EXTI0_IRQHandler</STRONG> (Thumb, 0 bytes, Stack size 0 bytes, startup_stm32f10x_hd.o(.text))
<BR>[Address Reference Count : 1]<UL><LI> startup_stm32f10x_hd.o(RESET)
</UL>
<P><STRONG><a name="[15]"></a>EXTI2_IRQHandler</STRONG> (Thumb, 0 bytes, Stack size 0 bytes, startup_stm32f10x_hd.o(.text))
<BR>[Address Reference Count : 1]<UL><LI> startup_stm32f10x_hd.o(RESET)
</UL>
<P><STRONG><a name="[11]"></a>FLASH_IRQHandler</STRONG> (Thumb, 0 bytes, Stack size 0 bytes, startup_stm32f10x_hd.o(.text))
<BR>[Address Reference Count : 1]<UL><LI> startup_stm32f10x_hd.o(RESET)
</UL>
<P><STRONG><a name="[3d]"></a>FSMC_IRQHandler</STRONG> (Thumb, 0 bytes, Stack size 0 bytes, startup_stm32f10x_hd.o(.text))
<BR>[Address Reference Count : 1]<UL><LI> startup_stm32f10x_hd.o(RESET)
</UL>
<P><STRONG><a name="[2d]"></a>I2C1_ER_IRQHandler</STRONG> (Thumb, 0 bytes, Stack size 0 bytes, startup_stm32f10x_hd.o(.text))
<BR>[Address Reference Count : 1]<UL><LI> startup_stm32f10x_hd.o(RESET)
</UL>
<P><STRONG><a name="[2c]"></a>I2C1_EV_IRQHandler</STRONG> (Thumb, 0 bytes, Stack size 0 bytes, startup_stm32f10x_hd.o(.text))
<BR>[Address Reference Count : 1]<UL><LI> startup_stm32f10x_hd.o(RESET)
</UL>
<P><STRONG><a name="[2f]"></a>I2C2_ER_IRQHandler</STRONG> (Thumb, 0 bytes, Stack size 0 bytes, startup_stm32f10x_hd.o(.text))
<BR>[Address Reference Count : 1]<UL><LI> startup_stm32f10x_hd.o(RESET)
</UL>
<P><STRONG><a name="[2e]"></a>I2C2_EV_IRQHandler</STRONG> (Thumb, 0 bytes, Stack size 0 bytes, startup_stm32f10x_hd.o(.text))
<BR>[Address Reference Count : 1]<UL><LI> startup_stm32f10x_hd.o(RESET)
</UL>
<P><STRONG><a name="[e]"></a>PVD_IRQHandler</STRONG> (Thumb, 0 bytes, Stack size 0 bytes, startup_stm32f10x_hd.o(.text))
<BR>[Address Reference Count : 1]<UL><LI> startup_stm32f10x_hd.o(RESET)
</UL>
<P><STRONG><a name="[12]"></a>RCC_IRQHandler</STRONG> (Thumb, 0 bytes, Stack size 0 bytes, startup_stm32f10x_hd.o(.text))
<BR>[Address Reference Count : 1]<UL><LI> startup_stm32f10x_hd.o(RESET)
</UL>
<P><STRONG><a name="[36]"></a>RTCAlarm_IRQHandler</STRONG> (Thumb, 0 bytes, Stack size 0 bytes, startup_stm32f10x_hd.o(.text))
<BR>[Address Reference Count : 1]<UL><LI> startup_stm32f10x_hd.o(RESET)
</UL>
<P><STRONG><a name="[10]"></a>RTC_IRQHandler</STRONG> (Thumb, 0 bytes, Stack size 0 bytes, startup_stm32f10x_hd.o(.text))
<BR>[Address Reference Count : 1]<UL><LI> startup_stm32f10x_hd.o(RESET)
</UL>
<P><STRONG><a name="[3e]"></a>SDIO_IRQHandler</STRONG> (Thumb, 0 bytes, Stack size 0 bytes, startup_stm32f10x_hd.o(.text))
<BR>[Address Reference Count : 1]<UL><LI> startup_stm32f10x_hd.o(RESET)
</UL>
<P><STRONG><a name="[30]"></a>SPI1_IRQHandler</STRONG> (Thumb, 0 bytes, Stack size 0 bytes, startup_stm32f10x_hd.o(.text))
<BR>[Address Reference Count : 1]<UL><LI> startup_stm32f10x_hd.o(RESET)
</UL>
<P><STRONG><a name="[31]"></a>SPI2_IRQHandler</STRONG> (Thumb, 0 bytes, Stack size 0 bytes, startup_stm32f10x_hd.o(.text))
<BR>[Address Reference Count : 1]<UL><LI> startup_stm32f10x_hd.o(RESET)
</UL>
<P><STRONG><a name="[40]"></a>SPI3_IRQHandler</STRONG> (Thumb, 0 bytes, Stack size 0 bytes, startup_stm32f10x_hd.o(.text))
<BR>[Address Reference Count : 1]<UL><LI> startup_stm32f10x_hd.o(RESET)
</UL>
<P><STRONG><a name="[f]"></a>TAMPER_IRQHandler</STRONG> (Thumb, 0 bytes, Stack size 0 bytes, startup_stm32f10x_hd.o(.text))
<BR>[Address Reference Count : 1]<UL><LI> startup_stm32f10x_hd.o(RESET)
</UL>
<P><STRONG><a name="[25]"></a>TIM1_BRK_IRQHandler</STRONG> (Thumb, 0 bytes, Stack size 0 bytes, startup_stm32f10x_hd.o(.text))
<BR>[Address Reference Count : 1]<UL><LI> startup_stm32f10x_hd.o(RESET)
</UL>
<P><STRONG><a name="[28]"></a>TIM1_CC_IRQHandler</STRONG> (Thumb, 0 bytes, Stack size 0 bytes, startup_stm32f10x_hd.o(.text))
<BR>[Address Reference Count : 1]<UL><LI> startup_stm32f10x_hd.o(RESET)
</UL>
<P><STRONG><a name="[27]"></a>TIM1_TRG_COM_IRQHandler</STRONG> (Thumb, 0 bytes, Stack size 0 bytes, startup_stm32f10x_hd.o(.text))
<BR>[Address Reference Count : 1]<UL><LI> startup_stm32f10x_hd.o(RESET)
</UL>
<P><STRONG><a name="[26]"></a>TIM1_UP_IRQHandler</STRONG> (Thumb, 0 bytes, Stack size 0 bytes, startup_stm32f10x_hd.o(.text))
<BR>[Address Reference Count : 1]<UL><LI> startup_stm32f10x_hd.o(RESET)
</UL>
<P><STRONG><a name="[29]"></a>TIM2_IRQHandler</STRONG> (Thumb, 0 bytes, Stack size 0 bytes, startup_stm32f10x_hd.o(.text))
<BR>[Address Reference Count : 1]<UL><LI> startup_stm32f10x_hd.o(RESET)
</UL>
<P><STRONG><a name="[2a]"></a>TIM3_IRQHandler</STRONG> (Thumb, 0 bytes, Stack size 0 bytes, startup_stm32f10x_hd.o(.text))
<BR>[Address Reference Count : 1]<UL><LI> startup_stm32f10x_hd.o(RESET)
</UL>
<P><STRONG><a name="[3f]"></a>TIM5_IRQHandler</STRONG> (Thumb, 0 bytes, Stack size 0 bytes, startup_stm32f10x_hd.o(.text))
<BR>[Address Reference Count : 1]<UL><LI> startup_stm32f10x_hd.o(RESET)
</UL>
<P><STRONG><a name="[43]"></a>TIM6_IRQHandler</STRONG> (Thumb, 0 bytes, Stack size 0 bytes, startup_stm32f10x_hd.o(.text))
<BR>[Address Reference Count : 1]<UL><LI> startup_stm32f10x_hd.o(RESET)
</UL>
<P><STRONG><a name="[44]"></a>TIM7_IRQHandler</STRONG> (Thumb, 0 bytes, Stack size 0 bytes, startup_stm32f10x_hd.o(.text))
<BR>[Address Reference Count : 1]<UL><LI> startup_stm32f10x_hd.o(RESET)
</UL>
<P><STRONG><a name="[38]"></a>TIM8_BRK_IRQHandler</STRONG> (Thumb, 0 bytes, Stack size 0 bytes, startup_stm32f10x_hd.o(.text))
<BR>[Address Reference Count : 1]<UL><LI> startup_stm32f10x_hd.o(RESET)
</UL>
<P><STRONG><a name="[3b]"></a>TIM8_CC_IRQHandler</STRONG> (Thumb, 0 bytes, Stack size 0 bytes, startup_stm32f10x_hd.o(.text))
<BR>[Address Reference Count : 1]<UL><LI> startup_stm32f10x_hd.o(RESET)
</UL>
<P><STRONG><a name="[3a]"></a>TIM8_TRG_COM_IRQHandler</STRONG> (Thumb, 0 bytes, Stack size 0 bytes, startup_stm32f10x_hd.o(.text))
<BR>[Address Reference Count : 1]<UL><LI> startup_stm32f10x_hd.o(RESET)
</UL>
<P><STRONG><a name="[39]"></a>TIM8_UP_IRQHandler</STRONG> (Thumb, 0 bytes, Stack size 0 bytes, startup_stm32f10x_hd.o(.text))
<BR>[Address Reference Count : 1]<UL><LI> startup_stm32f10x_hd.o(RESET)
</UL>
<P><STRONG><a name="[41]"></a>UART4_IRQHandler</STRONG> (Thumb, 0 bytes, Stack size 0 bytes, startup_stm32f10x_hd.o(.text))
<BR>[Address Reference Count : 1]<UL><LI> startup_stm32f10x_hd.o(RESET)
</UL>
<P><STRONG><a name="[42]"></a>UART5_IRQHandler</STRONG> (Thumb, 0 bytes, Stack size 0 bytes, startup_stm32f10x_hd.o(.text))
<BR>[Address Reference Count : 1]<UL><LI> startup_stm32f10x_hd.o(RESET)
</UL>
<P><STRONG><a name="[37]"></a>USBWakeUp_IRQHandler</STRONG> (Thumb, 0 bytes, Stack size 0 bytes, startup_stm32f10x_hd.o(.text))
<BR>[Address Reference Count : 1]<UL><LI> startup_stm32f10x_hd.o(RESET)
</UL>
<P><STRONG><a name="[20]"></a>USB_HP_CAN1_TX_IRQHandler</STRONG> (Thumb, 0 bytes, Stack size 0 bytes, startup_stm32f10x_hd.o(.text))
<BR>[Address Reference Count : 1]<UL><LI> startup_stm32f10x_hd.o(RESET)
</UL>
<P><STRONG><a name="[21]"></a>USB_LP_CAN1_RX0_IRQHandler</STRONG> (Thumb, 0 bytes, Stack size 0 bytes, startup_stm32f10x_hd.o(.text))
<BR>[Address Reference Count : 1]<UL><LI> startup_stm32f10x_hd.o(RESET)
</UL>
<P><STRONG><a name="[d]"></a>WWDG_IRQHandler</STRONG> (Thumb, 0 bytes, Stack size 0 bytes, startup_stm32f10x_hd.o(.text))
<BR>[Address Reference Count : 1]<UL><LI> startup_stm32f10x_hd.o(RESET)
</UL>
<P><STRONG><a name="[4d]"></a>__user_initial_stackheap</STRONG> (Thumb, 0 bytes, Stack size unknown bytes, startup_stm32f10x_hd.o(.text))
<BR><BR>[Called By]<UL><LI><a href="#[53]">&gt;&gt;</a>&nbsp;&nbsp;&nbsp;__user_setup_stackheap
</UL>

<P><STRONG><a name="[5d]"></a>__aeabi_memset</STRONG> (Thumb, 16 bytes, Stack size 0 bytes, aeabi_memset.o(.text))
<BR><BR>[Calls]<UL><LI><a href="#[5e]">&gt;&gt;</a>&nbsp;&nbsp;&nbsp;_memset
</UL>
<BR>[Called By]<UL><LI><a href="#[c8]">&gt;&gt;</a>&nbsp;&nbsp;&nbsp;OLED_MarkDirty
<LI><a href="#[c4]">&gt;&gt;</a>&nbsp;&nbsp;&nbsp;OLED_Clear
</UL>

<P><STRONG><a name="[fb]"></a>__aeabi_memclr</STRONG> (Thumb, 0 bytes, Stack size 0 bytes, rt_memclr.o(.text))
<BR><BR>[Called By]<UL><LI><a href="#[c4]">&gt;&gt;</a>&nbsp;&nbsp;&nbsp;OLED_Clear
</UL>

<P><STRONG><a name="[5f]"></a>__rt_memclr</STRONG> (Thumb, 68 bytes, Stack size 0 bytes, rt_memclr.o(.text), UNUSED)
<BR><BR>[Calls]<UL><LI><a href="#[60]">&gt;&gt;</a>&nbsp;&nbsp;&nbsp;_memset_w
</UL>

<P><STRONG><a name="[5e]"></a>_memset</STRONG> (Thumb, 0 bytes, Stack size unknown bytes, rt_memclr.o(.text))
<BR><BR>[Called By]<UL><LI><a href="#[5d]">&gt;&gt;</a>&nbsp;&nbsp;&nbsp;__aeabi_memset
</UL>

<P><STRONG><a name="[159]"></a>__use_two_region_memory</STRONG> (Thumb, 2 bytes, Stack size 0 bytes, heapauxi.o(.text), UNUSED)

<P><STRONG><a name="[15a]"></a>__rt_heap_escrow$2region</STRONG> (Thumb, 2 bytes, Stack size 0 bytes, heapauxi.o(.text), UNUSED)

<P><STRONG><a name="[15b]"></a>__rt_heap_expand$2region</STRONG> (Thumb, 2 bytes, Stack size 0 bytes, heapauxi.o(.text), UNUSED)

<P><STRONG><a name="[15c]"></a>__aeabi_memclr4</STRONG> (Thumb, 0 bytes, Stack size 4 bytes, rt_memclr_w.o(.text), UNUSED)

<P><STRONG><a name="[15d]"></a>__aeabi_memclr8</STRONG> (Thumb, 0 bytes, Stack size 4 bytes, rt_memclr_w.o(.text), UNUSED)

<P><STRONG><a name="[15e]"></a>__rt_memclr_w</STRONG> (Thumb, 78 bytes, Stack size 4 bytes, rt_memclr_w.o(.text), UNUSED)

<P><STRONG><a name="[60]"></a>_memset_w</STRONG> (Thumb, 0 bytes, Stack size unknown bytes, rt_memclr_w.o(.text), UNUSED)
<BR><BR>[Called By]<UL><LI><a href="#[5f]">&gt;&gt;</a>&nbsp;&nbsp;&nbsp;__rt_memclr
</UL>

<P><STRONG><a name="[53]"></a>__user_setup_stackheap</STRONG> (Thumb, 74 bytes, Stack size 8 bytes, sys_stackheap_outer.o(.text))
<BR><BR>[Stack]<UL><LI>Max Depth = 8 + Unknown Stack Size
<LI>Call Chain = __user_setup_stackheap
</UL>
<BR>[Calls]<UL><LI><a href="#[4d]">&gt;&gt;</a>&nbsp;&nbsp;&nbsp;__user_initial_stackheap
<LI><a href="#[61]">&gt;&gt;</a>&nbsp;&nbsp;&nbsp;__user_perproc_libspace
</UL>
<BR>[Called By]<UL><LI><a href="#[52]">&gt;&gt;</a>&nbsp;&nbsp;&nbsp;__rt_entry_sh
</UL>

<P><STRONG><a name="[58]"></a>exit</STRONG> (Thumb, 18 bytes, Stack size 8 bytes, exit.o(.text))
<BR><BR>[Stack]<UL><LI>Max Depth = 8 + Unknown Stack Size
<LI>Call Chain = exit
</UL>
<BR>[Calls]<UL><LI><a href="#[62]">&gt;&gt;</a>&nbsp;&nbsp;&nbsp;__rt_exit
</UL>
<BR>[Called By]<UL><LI><a href="#[56]">&gt;&gt;</a>&nbsp;&nbsp;&nbsp;__rt_entry_main
</UL>

<P><STRONG><a name="[15f]"></a>__user_libspace</STRONG> (Thumb, 8 bytes, Stack size 0 bytes, libspace.o(.text), UNUSED)

<P><STRONG><a name="[61]"></a>__user_perproc_libspace</STRONG> (Thumb, 0 bytes, Stack size 0 bytes, libspace.o(.text))
<BR><BR>[Called By]<UL><LI><a href="#[53]">&gt;&gt;</a>&nbsp;&nbsp;&nbsp;__user_setup_stackheap
</UL>

<P><STRONG><a name="[160]"></a>__user_perthread_libspace</STRONG> (Thumb, 0 bytes, Stack size 0 bytes, libspace.o(.text), UNUSED)

<P><STRONG><a name="[5c]"></a>_sys_exit</STRONG> (Thumb, 8 bytes, Stack size 0 bytes, sys_exit.o(.text))
<BR><BR>[Called By]<UL><LI><a href="#[5b]">&gt;&gt;</a>&nbsp;&nbsp;&nbsp;__rt_exit_exit
</UL>

<P><STRONG><a name="[161]"></a>__I$use$semihosting</STRONG> (Thumb, 0 bytes, Stack size 0 bytes, use_no_semi.o(.text), UNUSED)

<P><STRONG><a name="[162]"></a>__use_no_semihosting_swi</STRONG> (Thumb, 2 bytes, Stack size 0 bytes, use_no_semi.o(.text), UNUSED)

<P><STRONG><a name="[6f]"></a>ADC_Cmd</STRONG> (Thumb, 22 bytes, Stack size 0 bytes, stm32f10x_adc.o(i.ADC_Cmd))
<BR><BR>[Called By]<UL><LI><a href="#[6b]">&gt;&gt;</a>&nbsp;&nbsp;&nbsp;Bsp_ADC1_Init
</UL>

<P><STRONG><a name="[163]"></a>__semihosting_library_function</STRONG> (Thumb, 0 bytes, Stack size 0 bytes, indicate_semi.o(.text), UNUSED)

<P><STRONG><a name="[63]"></a>ADC_DeInit</STRONG> (Thumb, 78 bytes, Stack size 8 bytes, stm32f10x_adc.o(i.ADC_DeInit))
<BR><BR>[Stack]<UL><LI>Max Depth = 8<LI>Call Chain = ADC_DeInit
</UL>
<BR>[Calls]<UL><LI><a href="#[64]">&gt;&gt;</a>&nbsp;&nbsp;&nbsp;RCC_APB2PeriphResetCmd
</UL>
<BR>[Called By]<UL><LI><a href="#[6b]">&gt;&gt;</a>&nbsp;&nbsp;&nbsp;Bsp_ADC1_Init
</UL>

<P><STRONG><a name="[73]"></a>ADC_GetCalibrationStatus</STRONG> (Thumb, 20 bytes, Stack size 0 bytes, stm32f10x_adc.o(i.ADC_GetCalibrationStatus))
<BR><BR>[Called By]<UL><LI><a href="#[6b]">&gt;&gt;</a>&nbsp;&nbsp;&nbsp;Bsp_ADC1_Init
</UL>

<P><STRONG><a name="[77]"></a>ADC_GetConversionValue</STRONG> (Thumb, 8 bytes, Stack size 0 bytes, stm32f10x_adc.o(i.ADC_GetConversionValue))
<BR><BR>[Called By]<UL><LI><a href="#[66]">&gt;&gt;</a>&nbsp;&nbsp;&nbsp;Bsp_ADC_Read_Thermistor
</UL>

<P><STRONG><a name="[76]"></a>ADC_GetFlagStatus</STRONG> (Thumb, 18 bytes, Stack size 0 bytes, stm32f10x_adc.o(i.ADC_GetFlagStatus))
<BR><BR>[Called By]<UL><LI><a href="#[66]">&gt;&gt;</a>&nbsp;&nbsp;&nbsp;Bsp_ADC_Read_Thermistor
</UL>

<P><STRONG><a name="[71]"></a>ADC_GetResetCalibrationStatus</STRONG> (Thumb, 20 bytes, Stack size 0 bytes, stm32f10x_adc.o(i.ADC_GetResetCalibrationStatus))
<BR><BR>[Called By]<UL><LI><a href="#[6b]">&gt;&gt;</a>&nbsp;&nbsp;&nbsp;Bsp_ADC1_Init
</UL>

<P><STRONG><a name="[6e]"></a>ADC_Init</STRONG> (Thumb, 70 bytes, Stack size 12 bytes, stm32f10x_adc.o(i.ADC_Init))
<BR><BR>[Stack]<UL><LI>Max Depth = 12<LI>Call Chain = ADC_Init
</UL>
<BR>[Called By]<UL><LI><a href="#[6b]">&gt;&gt;</a>&nbsp;&nbsp;&nbsp;Bsp_ADC1_Init
</UL>

<P><STRONG><a name="[74]"></a>ADC_RegularChannelConfig</STRONG> (Thumb, 184 bytes, Stack size 20 bytes, stm32f10x_adc.o(i.ADC_RegularChannelConfig))
<BR><BR>[Stack]<UL><LI>Max Depth = 20<LI>Call Chain = ADC_RegularChannelConfig
</UL>
<BR>[Called By]<UL><LI><a href="#[66]">&gt;&gt;</a>&nbsp;&nbsp;&nbsp;Bsp_ADC_Read_Thermistor
</UL>

<P><STRONG><a name="[70]"></a>ADC_ResetCalibration</STRONG> (Thumb, 10 bytes, Stack size 0 bytes, stm32f10x_adc.o(i.ADC_ResetCalibration))
<BR><BR>[Called By]<UL><LI><a href="#[6b]">&gt;&gt;</a>&nbsp;&nbsp;&nbsp;Bsp_ADC1_Init
</UL>

<P><STRONG><a name="[75]"></a>ADC_SoftwareStartConvCmd</STRONG> (Thumb, 22 bytes, Stack size 0 bytes, stm32f10x_adc.o(i.ADC_SoftwareStartConvCmd))
<BR><BR>[Called By]<UL><LI><a href="#[66]">&gt;&gt;</a>&nbsp;&nbsp;&nbsp;Bsp_ADC_Read_Thermistor
</UL>

<P><STRONG><a name="[72]"></a>ADC_StartCalibration</STRONG> (Thumb, 10 bytes, Stack size 0 bytes, stm32f10x_adc.o(i.ADC_StartCalibration))
<BR><BR>[Called By]<UL><LI><a href="#[6b]">&gt;&gt;</a>&nbsp;&nbsp;&nbsp;Bsp_ADC1_Init
</UL>

<P><STRONG><a name="[6b]"></a>Bsp_ADC1_Init</STRONG> (Thumb, 124 bytes, Stack size 32 bytes, bsp.o(i.Bsp_ADC1_Init))
<BR><BR>[Stack]<UL><LI>Max Depth = 56<LI>Call Chain = Bsp_ADC1_Init &rArr; GPIO_Init
</UL>
<BR>[Calls]<UL><LI><a href="#[72]">&gt;&gt;</a>&nbsp;&nbsp;&nbsp;ADC_StartCalibration
<LI><a href="#[70]">&gt;&gt;</a>&nbsp;&nbsp;&nbsp;ADC_ResetCalibration
<LI><a href="#[6e]">&gt;&gt;</a>&nbsp;&nbsp;&nbsp;ADC_Init
<LI><a href="#[71]">&gt;&gt;</a>&nbsp;&nbsp;&nbsp;ADC_GetResetCalibrationStatus
<LI><a href="#[73]">&gt;&gt;</a>&nbsp;&nbsp;&nbsp;ADC_GetCalibrationStatus
<LI><a href="#[63]">&gt;&gt;</a>&nbsp;&nbsp;&nbsp;ADC_DeInit
<LI><a href="#[6f]">&gt;&gt;</a>&nbsp;&nbsp;&nbsp;ADC_Cmd
<LI><a href="#[6c]">&gt;&gt;</a>&nbsp;&nbsp;&nbsp;RCC_APB2PeriphClockCmd
<LI><a href="#[6d]">&gt;&gt;</a>&nbsp;&nbsp;&nbsp;GPIO_Init
</UL>
<BR>[Called By]<UL><LI><a href="#[94]">&gt;&gt;</a>&nbsp;&nbsp;&nbsp;Bsp_Init
</UL>

<P><STRONG><a name="[66]"></a>Bsp_ADC_Read_Thermistor</STRONG> (Thumb, 44 bytes, Stack size 8 bytes, bsp.o(i.Bsp_ADC_Read_Thermistor))
<BR><BR>[Stack]<UL><LI>Max Depth = 28<LI>Call Chain = Bsp_ADC_Read_Thermistor &rArr; ADC_RegularChannelConfig
</UL>
<BR>[Calls]<UL><LI><a href="#[75]">&gt;&gt;</a>&nbsp;&nbsp;&nbsp;ADC_SoftwareStartConvCmd
<LI><a href="#[74]">&gt;&gt;</a>&nbsp;&nbsp;&nbsp;ADC_RegularChannelConfig
<LI><a href="#[76]">&gt;&gt;</a>&nbsp;&nbsp;&nbsp;ADC_GetFlagStatus
<LI><a href="#[77]">&gt;&gt;</a>&nbsp;&nbsp;&nbsp;ADC_GetConversionValue
</UL>
<BR>[Called By]<UL><LI><a href="#[65]">&gt;&gt;</a>&nbsp;&nbsp;&nbsp;ADC_Read_Avg5
</UL>

<P><STRONG><a name="[78]"></a>Bsp_Clock_Init</STRONG> (Thumb, 132 bytes, Stack size 8 bytes, bsp.o(i.Bsp_Clock_Init))
<BR><BR>[Stack]<UL><LI>Max Depth = 28<LI>Call Chain = Bsp_Clock_Init &rArr; GPIO_PinRemapConfig
</UL>
<BR>[Calls]<UL><LI><a href="#[84]">&gt;&gt;</a>&nbsp;&nbsp;&nbsp;RCC_SYSCLKConfig
<LI><a href="#[82]">&gt;&gt;</a>&nbsp;&nbsp;&nbsp;RCC_PLLConfig
<LI><a href="#[83]">&gt;&gt;</a>&nbsp;&nbsp;&nbsp;RCC_PLLCmd
<LI><a href="#[7f]">&gt;&gt;</a>&nbsp;&nbsp;&nbsp;RCC_PCLK2Config
<LI><a href="#[80]">&gt;&gt;</a>&nbsp;&nbsp;&nbsp;RCC_PCLK1Config
<LI><a href="#[7a]">&gt;&gt;</a>&nbsp;&nbsp;&nbsp;RCC_HSICmd
<LI><a href="#[7e]">&gt;&gt;</a>&nbsp;&nbsp;&nbsp;RCC_HCLKConfig
<LI><a href="#[85]">&gt;&gt;</a>&nbsp;&nbsp;&nbsp;RCC_GetSYSCLKSource
<LI><a href="#[7b]">&gt;&gt;</a>&nbsp;&nbsp;&nbsp;RCC_GetFlagStatus
<LI><a href="#[79]">&gt;&gt;</a>&nbsp;&nbsp;&nbsp;RCC_DeInit
<LI><a href="#[81]">&gt;&gt;</a>&nbsp;&nbsp;&nbsp;RCC_ADCCLKConfig
<LI><a href="#[86]">&gt;&gt;</a>&nbsp;&nbsp;&nbsp;GPIO_PinRemapConfig
<LI><a href="#[7d]">&gt;&gt;</a>&nbsp;&nbsp;&nbsp;FLASH_SetLatency
<LI><a href="#[7c]">&gt;&gt;</a>&nbsp;&nbsp;&nbsp;FLASH_PrefetchBufferCmd
<LI><a href="#[6c]">&gt;&gt;</a>&nbsp;&nbsp;&nbsp;RCC_APB2PeriphClockCmd
</UL>
<BR>[Called By]<UL><LI><a href="#[94]">&gt;&gt;</a>&nbsp;&nbsp;&nbsp;Bsp_Init
</UL>

<P><STRONG><a name="[87]"></a>Bsp_EXTI_Init</STRONG> (Thumb, 236 bytes, Stack size 16 bytes, bsp.o(i.Bsp_EXTI_Init))
<BR><BR>[Stack]<UL><LI>Max Depth = 32<LI>Call Chain = Bsp_EXTI_Init &rArr; NVIC_Init
</UL>
<BR>[Calls]<UL><LI><a href="#[88]">&gt;&gt;</a>&nbsp;&nbsp;&nbsp;NVIC_PriorityGroupConfig
<LI><a href="#[8b]">&gt;&gt;</a>&nbsp;&nbsp;&nbsp;NVIC_Init
<LI><a href="#[89]">&gt;&gt;</a>&nbsp;&nbsp;&nbsp;GPIO_EXTILineConfig
<LI><a href="#[8a]">&gt;&gt;</a>&nbsp;&nbsp;&nbsp;EXTI_Init
</UL>
<BR>[Called By]<UL><LI><a href="#[94]">&gt;&gt;</a>&nbsp;&nbsp;&nbsp;Bsp_Init
</UL>

<P><STRONG><a name="[8c]"></a>Bsp_Encoder1_Get</STRONG> (Thumb, 14 bytes, Stack size 8 bytes, bsp.o(i.Bsp_Encoder1_Get))
<BR><BR>[Stack]<UL><LI>Max Depth = 8<LI>Call Chain = Bsp_Encoder1_Get
</UL>
<BR>[Calls]<UL><LI><a href="#[8d]">&gt;&gt;</a>&nbsp;&nbsp;&nbsp;TIM_GetCounter
</UL>
<BR>[Called By]<UL><LI><a href="#[57]">&gt;&gt;</a>&nbsp;&nbsp;&nbsp;main
<LI><a href="#[ce]">&gt;&gt;</a>&nbsp;&nbsp;&nbsp;Enc_GetDelta
</UL>

<P><STRONG><a name="[8e]"></a>Bsp_GPIO_Init</STRONG> (Thumb, 196 bytes, Stack size 8 bytes, bsp.o(i.Bsp_GPIO_Init))
<BR><BR>[Stack]<UL><LI>Max Depth = 40<LI>Call Chain = Bsp_GPIO_Init &rArr; LED_Init &rArr; GPIO_Init
</UL>
<BR>[Calls]<UL><LI><a href="#[6c]">&gt;&gt;</a>&nbsp;&nbsp;&nbsp;RCC_APB2PeriphClockCmd
<LI><a href="#[6d]">&gt;&gt;</a>&nbsp;&nbsp;&nbsp;GPIO_Init
<LI><a href="#[8f]">&gt;&gt;</a>&nbsp;&nbsp;&nbsp;LED_Init
</UL>
<BR>[Called By]<UL><LI><a href="#[94]">&gt;&gt;</a>&nbsp;&nbsp;&nbsp;Bsp_Init
</UL>

<P><STRONG><a name="[90]"></a>Bsp_I2C1_Init</STRONG> (Thumb, 104 bytes, Stack size 24 bytes, bsp.o(i.Bsp_I2C1_Init))
<BR><BR>[Stack]<UL><LI>Max Depth = 84<LI>Call Chain = Bsp_I2C1_Init &rArr; I2C_Init &rArr; RCC_GetClocksFreq
</UL>
<BR>[Calls]<UL><LI><a href="#[91]">&gt;&gt;</a>&nbsp;&nbsp;&nbsp;RCC_APB1PeriphClockCmd
<LI><a href="#[92]">&gt;&gt;</a>&nbsp;&nbsp;&nbsp;I2C_Init
<LI><a href="#[93]">&gt;&gt;</a>&nbsp;&nbsp;&nbsp;I2C_Cmd
<LI><a href="#[6c]">&gt;&gt;</a>&nbsp;&nbsp;&nbsp;RCC_APB2PeriphClockCmd
<LI><a href="#[6d]">&gt;&gt;</a>&nbsp;&nbsp;&nbsp;GPIO_Init
</UL>
<BR>[Called By]<UL><LI><a href="#[94]">&gt;&gt;</a>&nbsp;&nbsp;&nbsp;Bsp_Init
</UL>

<P><STRONG><a name="[94]"></a>Bsp_Init</STRONG> (Thumb, 70 bytes, Stack size 8 bytes, bsp.o(i.Bsp_Init))
<BR><BR>[Stack]<UL><LI>Max Depth = 108<LI>Call Chain = Bsp_Init &rArr; Bsp_USART3_Init &rArr; USART_Init &rArr; RCC_GetClocksFreq
</UL>
<BR>[Calls]<UL><LI><a href="#[9a]">&gt;&gt;</a>&nbsp;&nbsp;&nbsp;Bsp_USART3_Init
<LI><a href="#[99]">&gt;&gt;</a>&nbsp;&nbsp;&nbsp;Bsp_USART2_Init
<LI><a href="#[98]">&gt;&gt;</a>&nbsp;&nbsp;&nbsp;Bsp_USART1_Init
<LI><a href="#[9b]">&gt;&gt;</a>&nbsp;&nbsp;&nbsp;Bsp_TIM4_Tick_Init
<LI><a href="#[95]">&gt;&gt;</a>&nbsp;&nbsp;&nbsp;Bsp_TIM3_PWM_Init
<LI><a href="#[97]">&gt;&gt;</a>&nbsp;&nbsp;&nbsp;Bsp_TIM2_Encoder_Init
<LI><a href="#[96]">&gt;&gt;</a>&nbsp;&nbsp;&nbsp;Bsp_TIM1_StepCounter_Init
<LI><a href="#[90]">&gt;&gt;</a>&nbsp;&nbsp;&nbsp;Bsp_I2C1_Init
<LI><a href="#[8e]">&gt;&gt;</a>&nbsp;&nbsp;&nbsp;Bsp_GPIO_Init
<LI><a href="#[87]">&gt;&gt;</a>&nbsp;&nbsp;&nbsp;Bsp_EXTI_Init
<LI><a href="#[78]">&gt;&gt;</a>&nbsp;&nbsp;&nbsp;Bsp_Clock_Init
<LI><a href="#[6b]">&gt;&gt;</a>&nbsp;&nbsp;&nbsp;Bsp_ADC1_Init
</UL>
<BR>[Called By]<UL><LI><a href="#[57]">&gt;&gt;</a>&nbsp;&nbsp;&nbsp;main
</UL>

<P><STRONG><a name="[9c]"></a>Bsp_Motor_Start</STRONG> (Thumb, 100 bytes, Stack size 24 bytes, bsp.o(i.Bsp_Motor_Start))
<BR><BR>[Stack]<UL><LI>Max Depth = 24<LI>Call Chain = Bsp_Motor_Start
</UL>
<BR>[Calls]<UL><LI><a href="#[9f]">&gt;&gt;</a>&nbsp;&nbsp;&nbsp;TIM_SetCompare2
<LI><a href="#[9e]">&gt;&gt;</a>&nbsp;&nbsp;&nbsp;TIM_SetCompare1
<LI><a href="#[9d]">&gt;&gt;</a>&nbsp;&nbsp;&nbsp;TIM_SetAutoreload
</UL>
<BR>[Called By]<UL><LI><a href="#[fa]">&gt;&gt;</a>&nbsp;&nbsp;&nbsp;Motor_Ramp_Update
</UL>

<P><STRONG><a name="[a0]"></a>Bsp_Motor_Stop</STRONG> (Thumb, 42 bytes, Stack size 8 bytes, bsp.o(i.Bsp_Motor_Stop))
<BR><BR>[Stack]<UL><LI>Max Depth = 8<LI>Call Chain = Bsp_Motor_Stop
</UL>
<BR>[Calls]<UL><LI><a href="#[9f]">&gt;&gt;</a>&nbsp;&nbsp;&nbsp;TIM_SetCompare2
<LI><a href="#[9e]">&gt;&gt;</a>&nbsp;&nbsp;&nbsp;TIM_SetCompare1
</UL>
<BR>[Called By]<UL><LI><a href="#[fa]">&gt;&gt;</a>&nbsp;&nbsp;&nbsp;Motor_Ramp_Update
</UL>

<P><STRONG><a name="[96]"></a>Bsp_TIM1_StepCounter_Init</STRONG> (Thumb, 78 bytes, Stack size 16 bytes, bsp.o(i.Bsp_TIM1_StepCounter_Init))
<BR><BR>[Stack]<UL><LI>Max Depth = 16<LI>Call Chain = Bsp_TIM1_StepCounter_Init
</UL>
<BR>[Calls]<UL><LI><a href="#[a1]">&gt;&gt;</a>&nbsp;&nbsp;&nbsp;TIM_TimeBaseInit
<LI><a href="#[a4]">&gt;&gt;</a>&nbsp;&nbsp;&nbsp;TIM_SetCounter
<LI><a href="#[a3]">&gt;&gt;</a>&nbsp;&nbsp;&nbsp;TIM_SelectSlaveMode
<LI><a href="#[a2]">&gt;&gt;</a>&nbsp;&nbsp;&nbsp;TIM_SelectInputTrigger
<LI><a href="#[a5]">&gt;&gt;</a>&nbsp;&nbsp;&nbsp;TIM_Cmd
<LI><a href="#[6c]">&gt;&gt;</a>&nbsp;&nbsp;&nbsp;RCC_APB2PeriphClockCmd
</UL>
<BR>[Called By]<UL><LI><a href="#[94]">&gt;&gt;</a>&nbsp;&nbsp;&nbsp;Bsp_Init
</UL>

<P><STRONG><a name="[97]"></a>Bsp_TIM2_Encoder_Init</STRONG> (Thumb, 148 bytes, Stack size 32 bytes, bsp.o(i.Bsp_TIM2_Encoder_Init))
<BR><BR>[Stack]<UL><LI>Max Depth = 68<LI>Call Chain = Bsp_TIM2_Encoder_Init &rArr; TIM_ICInit &rArr; TI4_Config
</UL>
<BR>[Calls]<UL><LI><a href="#[a1]">&gt;&gt;</a>&nbsp;&nbsp;&nbsp;TIM_TimeBaseInit
<LI><a href="#[a4]">&gt;&gt;</a>&nbsp;&nbsp;&nbsp;TIM_SetCounter
<LI><a href="#[a7]">&gt;&gt;</a>&nbsp;&nbsp;&nbsp;TIM_ICStructInit
<LI><a href="#[a8]">&gt;&gt;</a>&nbsp;&nbsp;&nbsp;TIM_ICInit
<LI><a href="#[a6]">&gt;&gt;</a>&nbsp;&nbsp;&nbsp;TIM_EncoderInterfaceConfig
<LI><a href="#[a5]">&gt;&gt;</a>&nbsp;&nbsp;&nbsp;TIM_Cmd
<LI><a href="#[91]">&gt;&gt;</a>&nbsp;&nbsp;&nbsp;RCC_APB1PeriphClockCmd
<LI><a href="#[6c]">&gt;&gt;</a>&nbsp;&nbsp;&nbsp;RCC_APB2PeriphClockCmd
<LI><a href="#[6d]">&gt;&gt;</a>&nbsp;&nbsp;&nbsp;GPIO_Init
</UL>
<BR>[Called By]<UL><LI><a href="#[94]">&gt;&gt;</a>&nbsp;&nbsp;&nbsp;Bsp_Init
</UL>

<P><STRONG><a name="[95]"></a>Bsp_TIM3_PWM_Init</STRONG> (Thumb, 158 bytes, Stack size 48 bytes, bsp.o(i.Bsp_TIM3_PWM_Init))
<BR><BR>[Stack]<UL><LI>Max Depth = 72<LI>Call Chain = Bsp_TIM3_PWM_Init &rArr; GPIO_Init
</UL>
<BR>[Calls]<UL><LI><a href="#[a1]">&gt;&gt;</a>&nbsp;&nbsp;&nbsp;TIM_TimeBaseInit
<LI><a href="#[ae]">&gt;&gt;</a>&nbsp;&nbsp;&nbsp;TIM_SelectOutputTrigger
<LI><a href="#[ac]">&gt;&gt;</a>&nbsp;&nbsp;&nbsp;TIM_OC2PreloadConfig
<LI><a href="#[ab]">&gt;&gt;</a>&nbsp;&nbsp;&nbsp;TIM_OC2Init
<LI><a href="#[aa]">&gt;&gt;</a>&nbsp;&nbsp;&nbsp;TIM_OC1PreloadConfig
<LI><a href="#[a9]">&gt;&gt;</a>&nbsp;&nbsp;&nbsp;TIM_OC1Init
<LI><a href="#[a5]">&gt;&gt;</a>&nbsp;&nbsp;&nbsp;TIM_Cmd
<LI><a href="#[ad]">&gt;&gt;</a>&nbsp;&nbsp;&nbsp;TIM_ARRPreloadConfig
<LI><a href="#[91]">&gt;&gt;</a>&nbsp;&nbsp;&nbsp;RCC_APB1PeriphClockCmd
<LI><a href="#[6c]">&gt;&gt;</a>&nbsp;&nbsp;&nbsp;RCC_APB2PeriphClockCmd
<LI><a href="#[6d]">&gt;&gt;</a>&nbsp;&nbsp;&nbsp;GPIO_Init
</UL>
<BR>[Called By]<UL><LI><a href="#[94]">&gt;&gt;</a>&nbsp;&nbsp;&nbsp;Bsp_Init
</UL>

<P><STRONG><a name="[9b]"></a>Bsp_TIM4_Tick_Init</STRONG> (Thumb, 90 bytes, Stack size 24 bytes, bsp.o(i.Bsp_TIM4_Tick_Init))
<BR><BR>[Stack]<UL><LI>Max Depth = 40<LI>Call Chain = Bsp_TIM4_Tick_Init &rArr; NVIC_Init
</UL>
<BR>[Calls]<UL><LI><a href="#[a1]">&gt;&gt;</a>&nbsp;&nbsp;&nbsp;TIM_TimeBaseInit
<LI><a href="#[af]">&gt;&gt;</a>&nbsp;&nbsp;&nbsp;TIM_ITConfig
<LI><a href="#[a5]">&gt;&gt;</a>&nbsp;&nbsp;&nbsp;TIM_Cmd
<LI><a href="#[91]">&gt;&gt;</a>&nbsp;&nbsp;&nbsp;RCC_APB1PeriphClockCmd
<LI><a href="#[8b]">&gt;&gt;</a>&nbsp;&nbsp;&nbsp;NVIC_Init
</UL>
<BR>[Called By]<UL><LI><a href="#[94]">&gt;&gt;</a>&nbsp;&nbsp;&nbsp;Bsp_Init
</UL>

<P><STRONG><a name="[98]"></a>Bsp_USART1_Init</STRONG> (Thumb, 190 bytes, Stack size 32 bytes, bsp.o(i.Bsp_USART1_Init))
<BR><BR>[Stack]<UL><LI>Max Depth = 100<LI>Call Chain = Bsp_USART1_Init &rArr; USART_Init &rArr; RCC_GetClocksFreq
</UL>
<BR>[Calls]<UL><LI><a href="#[b0]">&gt;&gt;</a>&nbsp;&nbsp;&nbsp;USART_Init
<LI><a href="#[b1]">&gt;&gt;</a>&nbsp;&nbsp;&nbsp;USART_ITConfig
<LI><a href="#[b2]">&gt;&gt;</a>&nbsp;&nbsp;&nbsp;USART_Cmd
<LI><a href="#[8b]">&gt;&gt;</a>&nbsp;&nbsp;&nbsp;NVIC_Init
<LI><a href="#[6c]">&gt;&gt;</a>&nbsp;&nbsp;&nbsp;RCC_APB2PeriphClockCmd
<LI><a href="#[6d]">&gt;&gt;</a>&nbsp;&nbsp;&nbsp;GPIO_Init
</UL>
<BR>[Called By]<UL><LI><a href="#[94]">&gt;&gt;</a>&nbsp;&nbsp;&nbsp;Bsp_Init
</UL>

<P><STRONG><a name="[99]"></a>Bsp_USART2_Init</STRONG> (Thumb, 154 bytes, Stack size 32 bytes, bsp.o(i.Bsp_USART2_Init))
<BR><BR>[Stack]<UL><LI>Max Depth = 100<LI>Call Chain = Bsp_USART2_Init &rArr; USART_Init &rArr; RCC_GetClocksFreq
</UL>
<BR>[Calls]<UL><LI><a href="#[b0]">&gt;&gt;</a>&nbsp;&nbsp;&nbsp;USART_Init
<LI><a href="#[b1]">&gt;&gt;</a>&nbsp;&nbsp;&nbsp;USART_ITConfig
<LI><a href="#[b2]">&gt;&gt;</a>&nbsp;&nbsp;&nbsp;USART_Cmd
<LI><a href="#[91]">&gt;&gt;</a>&nbsp;&nbsp;&nbsp;RCC_APB1PeriphClockCmd
<LI><a href="#[8b]">&gt;&gt;</a>&nbsp;&nbsp;&nbsp;NVIC_Init
<LI><a href="#[6c]">&gt;&gt;</a>&nbsp;&nbsp;&nbsp;RCC_APB2PeriphClockCmd
<LI><a href="#[6d]">&gt;&gt;</a>&nbsp;&nbsp;&nbsp;GPIO_Init
</UL>
<BR>[Called By]<UL><LI><a href="#[94]">&gt;&gt;</a>&nbsp;&nbsp;&nbsp;Bsp_Init
</UL>

<P><STRONG><a name="[9a]"></a>Bsp_USART3_Init</STRONG> (Thumb, 160 bytes, Stack size 32 bytes, bsp.o(i.Bsp_USART3_Init))
<BR><BR>[Stack]<UL><LI>Max Depth = 100<LI>Call Chain = Bsp_USART3_Init &rArr; USART_Init &rArr; RCC_GetClocksFreq
</UL>
<BR>[Calls]<UL><LI><a href="#[b0]">&gt;&gt;</a>&nbsp;&nbsp;&nbsp;USART_Init
<LI><a href="#[b1]">&gt;&gt;</a>&nbsp;&nbsp;&nbsp;USART_ITConfig
<LI><a href="#[b2]">&gt;&gt;</a>&nbsp;&nbsp;&nbsp;USART_Cmd
<LI><a href="#[91]">&gt;&gt;</a>&nbsp;&nbsp;&nbsp;RCC_APB1PeriphClockCmd
<LI><a href="#[8b]">&gt;&gt;</a>&nbsp;&nbsp;&nbsp;NVIC_Init
<LI><a href="#[6c]">&gt;&gt;</a>&nbsp;&nbsp;&nbsp;RCC_APB2PeriphClockCmd
<LI><a href="#[6d]">&gt;&gt;</a>&nbsp;&nbsp;&nbsp;GPIO_Init
</UL>
<BR>[Called By]<UL><LI><a href="#[94]">&gt;&gt;</a>&nbsp;&nbsp;&nbsp;Bsp_Init
</UL>

<P><STRONG><a name="[7]"></a>BusFault_Handler</STRONG> (Thumb, 4 bytes, Stack size 0 bytes, stm32f10x_it.o(i.BusFault_Handler))
<BR>[Address Reference Count : 1]<UL><LI> startup_stm32f10x_hd.o(RESET)
</UL>
<P><STRONG><a name="[d6]"></a>CRC32_Calc</STRONG> (Thumb, 56 bytes, Stack size 12 bytes, app_flash.o(i.CRC32_Calc))
<BR><BR>[Stack]<UL><LI>Max Depth = 12<LI>Call Chain = CRC32_Calc
</UL>
<BR>[Called By]<UL><LI><a href="#[d7]">&gt;&gt;</a>&nbsp;&nbsp;&nbsp;Flash_Save_Config
<LI><a href="#[d5]">&gt;&gt;</a>&nbsp;&nbsp;&nbsp;Flash_Load_Config
</UL>

<P><STRONG><a name="[b3]"></a>Calib_Step1</STRONG> (Thumb, 52 bytes, Stack size 8 bytes, app_calib.o(i.Calib_Step1))
<BR><BR>[Stack]<UL><LI>Max Depth = 56<LI>Call Chain = Calib_Step1 &rArr; write_bank2 &rArr; man_send_bits &rArr; man_send_bit
</UL>
<BR>[Calls]<UL><LI><a href="#[b4]">&gt;&gt;</a>&nbsp;&nbsp;&nbsp;delay_ms
<LI><a href="#[b5]">&gt;&gt;</a>&nbsp;&nbsp;&nbsp;write_bank2
</UL>
<BR>[Called By]<UL><LI><a href="#[da]">&gt;&gt;</a>&nbsp;&nbsp;&nbsp;Handle_CalStep1
</UL>

<P><STRONG><a name="[b6]"></a>Calib_Step2</STRONG> (Thumb, 110 bytes, Stack size 48 bytes, app_calib.o(i.Calib_Step2))
<BR><BR>[Stack]<UL><LI>Max Depth = 72<LI>Call Chain = Calib_Step2 &rArr; man_send_bits &rArr; man_send_bit
</UL>
<BR>[Calls]<UL><LI><a href="#[b4]">&gt;&gt;</a>&nbsp;&nbsp;&nbsp;delay_ms
<LI><a href="#[b7]">&gt;&gt;</a>&nbsp;&nbsp;&nbsp;send_preamble
<LI><a href="#[b8]">&gt;&gt;</a>&nbsp;&nbsp;&nbsp;man_send_bits
<LI><a href="#[b9]">&gt;&gt;</a>&nbsp;&nbsp;&nbsp;man_recv_bits
</UL>
<BR>[Called By]<UL><LI><a href="#[de]">&gt;&gt;</a>&nbsp;&nbsp;&nbsp;Handle_CalStep2
</UL>

<P><STRONG><a name="[a]"></a>DebugMon_Handler</STRONG> (Thumb, 2 bytes, Stack size 0 bytes, stm32f10x_it.o(i.DebugMon_Handler))
<BR>[Address Reference Count : 1]<UL><LI> startup_stm32f10x_hd.o(RESET)
</UL>
<P><STRONG><a name="[35]"></a>EXTI15_10_IRQHandler</STRONG> (Thumb, 212 bytes, Stack size 8 bytes, stm32f10x_it.o(i.EXTI15_10_IRQHandler))
<BR><BR>[Stack]<UL><LI>Max Depth = 24<LI>Call Chain = EXTI15_10_IRQHandler &rArr; Osc_SetEnabled &rArr; Motor_FastStop_M1_FromIsr
</UL>
<BR>[Calls]<UL><LI><a href="#[cc]">&gt;&gt;</a>&nbsp;&nbsp;&nbsp;Osc_SetEnabled
<LI><a href="#[ca]">&gt;&gt;</a>&nbsp;&nbsp;&nbsp;EXTI_GetITStatus
<LI><a href="#[cb]">&gt;&gt;</a>&nbsp;&nbsp;&nbsp;EXTI_ClearITPendingBit
</UL>
<BR>[Address Reference Count : 1]<UL><LI> startup_stm32f10x_hd.o(RESET)
</UL>
<P><STRONG><a name="[14]"></a>EXTI1_IRQHandler</STRONG> (Thumb, 44 bytes, Stack size 8 bytes, stm32f10x_it.o(i.EXTI1_IRQHandler))
<BR><BR>[Stack]<UL><LI>Max Depth = 28<LI>Call Chain = EXTI1_IRQHandler &rArr; Osc_OnGpi1Edge_FromIsr &rArr; Motor_Set_Target
</UL>
<BR>[Calls]<UL><LI><a href="#[cd]">&gt;&gt;</a>&nbsp;&nbsp;&nbsp;Osc_OnGpi1Edge_FromIsr
<LI><a href="#[ca]">&gt;&gt;</a>&nbsp;&nbsp;&nbsp;EXTI_GetITStatus
<LI><a href="#[cb]">&gt;&gt;</a>&nbsp;&nbsp;&nbsp;EXTI_ClearITPendingBit
</UL>
<BR>[Address Reference Count : 1]<UL><LI> startup_stm32f10x_hd.o(RESET)
</UL>
<P><STRONG><a name="[16]"></a>EXTI3_IRQHandler</STRONG> (Thumb, 54 bytes, Stack size 8 bytes, stm32f10x_it.o(i.EXTI3_IRQHandler))
<BR><BR>[Stack]<UL><LI>Max Depth = 8<LI>Call Chain = EXTI3_IRQHandler
</UL>
<BR>[Calls]<UL><LI><a href="#[ca]">&gt;&gt;</a>&nbsp;&nbsp;&nbsp;EXTI_GetITStatus
<LI><a href="#[cb]">&gt;&gt;</a>&nbsp;&nbsp;&nbsp;EXTI_ClearITPendingBit
</UL>
<BR>[Address Reference Count : 1]<UL><LI> startup_stm32f10x_hd.o(RESET)
</UL>
<P><STRONG><a name="[17]"></a>EXTI4_IRQHandler</STRONG> (Thumb, 54 bytes, Stack size 8 bytes, stm32f10x_it.o(i.EXTI4_IRQHandler))
<BR><BR>[Stack]<UL><LI>Max Depth = 8<LI>Call Chain = EXTI4_IRQHandler
</UL>
<BR>[Calls]<UL><LI><a href="#[ca]">&gt;&gt;</a>&nbsp;&nbsp;&nbsp;EXTI_GetITStatus
<LI><a href="#[cb]">&gt;&gt;</a>&nbsp;&nbsp;&nbsp;EXTI_ClearITPendingBit
</UL>
<BR>[Address Reference Count : 1]<UL><LI> startup_stm32f10x_hd.o(RESET)
</UL>
<P><STRONG><a name="[24]"></a>EXTI9_5_IRQHandler</STRONG> (Thumb, 136 bytes, Stack size 8 bytes, stm32f10x_it.o(i.EXTI9_5_IRQHandler))
<BR><BR>[Stack]<UL><LI>Max Depth = 8<LI>Call Chain = EXTI9_5_IRQHandler
</UL>
<BR>[Calls]<UL><LI><a href="#[ca]">&gt;&gt;</a>&nbsp;&nbsp;&nbsp;EXTI_GetITStatus
<LI><a href="#[cb]">&gt;&gt;</a>&nbsp;&nbsp;&nbsp;EXTI_ClearITPendingBit
</UL>
<BR>[Address Reference Count : 1]<UL><LI> startup_stm32f10x_hd.o(RESET)
</UL>
<P><STRONG><a name="[cb]"></a>EXTI_ClearITPendingBit</STRONG> (Thumb, 6 bytes, Stack size 0 bytes, stm32f10x_exti.o(i.EXTI_ClearITPendingBit))
<BR><BR>[Called By]<UL><LI><a href="#[24]">&gt;&gt;</a>&nbsp;&nbsp;&nbsp;EXTI9_5_IRQHandler
<LI><a href="#[17]">&gt;&gt;</a>&nbsp;&nbsp;&nbsp;EXTI4_IRQHandler
<LI><a href="#[16]">&gt;&gt;</a>&nbsp;&nbsp;&nbsp;EXTI3_IRQHandler
<LI><a href="#[14]">&gt;&gt;</a>&nbsp;&nbsp;&nbsp;EXTI1_IRQHandler
<LI><a href="#[35]">&gt;&gt;</a>&nbsp;&nbsp;&nbsp;EXTI15_10_IRQHandler
</UL>

<P><STRONG><a name="[ca]"></a>EXTI_GetITStatus</STRONG> (Thumb, 34 bytes, Stack size 0 bytes, stm32f10x_exti.o(i.EXTI_GetITStatus))
<BR><BR>[Called By]<UL><LI><a href="#[24]">&gt;&gt;</a>&nbsp;&nbsp;&nbsp;EXTI9_5_IRQHandler
<LI><a href="#[17]">&gt;&gt;</a>&nbsp;&nbsp;&nbsp;EXTI4_IRQHandler
<LI><a href="#[16]">&gt;&gt;</a>&nbsp;&nbsp;&nbsp;EXTI3_IRQHandler
<LI><a href="#[14]">&gt;&gt;</a>&nbsp;&nbsp;&nbsp;EXTI1_IRQHandler
<LI><a href="#[35]">&gt;&gt;</a>&nbsp;&nbsp;&nbsp;EXTI15_10_IRQHandler
</UL>

<P><STRONG><a name="[8a]"></a>EXTI_Init</STRONG> (Thumb, 142 bytes, Stack size 0 bytes, stm32f10x_exti.o(i.EXTI_Init))
<BR><BR>[Called By]<UL><LI><a href="#[87]">&gt;&gt;</a>&nbsp;&nbsp;&nbsp;Bsp_EXTI_Init
</UL>

<P><STRONG><a name="[d0]"></a>FB_ClrPixel</STRONG> (Thumb, 56 bytes, Stack size 8 bytes, app_oled.o(i.FB_ClrPixel))
<BR><BR>[Stack]<UL><LI>Max Depth = 8<LI>Call Chain = FB_ClrPixel
</UL>
<BR>[Called By]<UL><LI><a href="#[bc]">&gt;&gt;</a>&nbsp;&nbsp;&nbsp;FB_FillRect
<LI><a href="#[cf]">&gt;&gt;</a>&nbsp;&nbsp;&nbsp;FB_DrawChar8x16
</UL>

<P><STRONG><a name="[cf]"></a>FB_DrawChar8x16</STRONG> (Thumb, 102 bytes, Stack size 32 bytes, app_oled.o(i.FB_DrawChar8x16))
<BR><BR>[Stack]<UL><LI>Max Depth = 40<LI>Call Chain = FB_DrawChar8x16 &rArr; FB_SetPixel
</UL>
<BR>[Calls]<UL><LI><a href="#[c6]">&gt;&gt;</a>&nbsp;&nbsp;&nbsp;FB_SetPixel
<LI><a href="#[d0]">&gt;&gt;</a>&nbsp;&nbsp;&nbsp;FB_ClrPixel
</UL>
<BR>[Called By]<UL><LI><a href="#[11e]">&gt;&gt;</a>&nbsp;&nbsp;&nbsp;UI_Render_Overlay_Status
<LI><a href="#[11c]">&gt;&gt;</a>&nbsp;&nbsp;&nbsp;UI_Render_Home
<LI><a href="#[be]">&gt;&gt;</a>&nbsp;&nbsp;&nbsp;FB_DrawStr8x16
</UL>

<P><STRONG><a name="[bf]"></a>FB_DrawRect</STRONG> (Thumb, 132 bytes, Stack size 36 bytes, app_oled.o(i.FB_DrawRect))
<BR><BR>[Stack]<UL><LI>Max Depth = 44<LI>Call Chain = FB_DrawRect &rArr; FB_SetPixel
</UL>
<BR>[Calls]<UL><LI><a href="#[c6]">&gt;&gt;</a>&nbsp;&nbsp;&nbsp;FB_SetPixel
</UL>
<BR>[Called By]<UL><LI><a href="#[c5]">&gt;&gt;</a>&nbsp;&nbsp;&nbsp;Draw_Outer_Frame
<LI><a href="#[c3]">&gt;&gt;</a>&nbsp;&nbsp;&nbsp;Draw_Motor_FullScreen
<LI><a href="#[ba]">&gt;&gt;</a>&nbsp;&nbsp;&nbsp;Draw_Home_Card
</UL>

<P><STRONG><a name="[be]"></a>FB_DrawStr8x16</STRONG> (Thumb, 36 bytes, Stack size 16 bytes, app_oled.o(i.FB_DrawStr8x16))
<BR><BR>[Stack]<UL><LI>Max Depth = 56<LI>Call Chain = FB_DrawStr8x16 &rArr; FB_DrawChar8x16 &rArr; FB_SetPixel
</UL>
<BR>[Calls]<UL><LI><a href="#[cf]">&gt;&gt;</a>&nbsp;&nbsp;&nbsp;FB_DrawChar8x16
</UL>
<BR>[Called By]<UL><LI><a href="#[df]">&gt;&gt;</a>&nbsp;&nbsp;&nbsp;UI_Render_Cal_Step2_OK
<LI><a href="#[68]">&gt;&gt;</a>&nbsp;&nbsp;&nbsp;UI_BlinkValue_Speed
<LI><a href="#[69]">&gt;&gt;</a>&nbsp;&nbsp;&nbsp;UI_BlinkValue_Cur
<LI><a href="#[c7]">&gt;&gt;</a>&nbsp;&nbsp;&nbsp;FB_DrawStr_Center
<LI><a href="#[c3]">&gt;&gt;</a>&nbsp;&nbsp;&nbsp;Draw_Motor_FullScreen
<LI><a href="#[ba]">&gt;&gt;</a>&nbsp;&nbsp;&nbsp;Draw_Home_Card
</UL>

<P><STRONG><a name="[bc]"></a>FB_FillRect</STRONG> (Thumb, 76 bytes, Stack size 32 bytes, app_oled.o(i.FB_FillRect))
<BR><BR>[Stack]<UL><LI>Max Depth = 40<LI>Call Chain = FB_FillRect &rArr; FB_SetPixel
</UL>
<BR>[Calls]<UL><LI><a href="#[c6]">&gt;&gt;</a>&nbsp;&nbsp;&nbsp;FB_SetPixel
<LI><a href="#[d0]">&gt;&gt;</a>&nbsp;&nbsp;&nbsp;FB_ClrPixel
</UL>
<BR>[Called By]<UL><LI><a href="#[68]">&gt;&gt;</a>&nbsp;&nbsp;&nbsp;UI_BlinkValue_Speed
<LI><a href="#[69]">&gt;&gt;</a>&nbsp;&nbsp;&nbsp;UI_BlinkValue_Cur
<LI><a href="#[c0]">&gt;&gt;</a>&nbsp;&nbsp;&nbsp;Draw_Home_Circle
<LI><a href="#[ba]">&gt;&gt;</a>&nbsp;&nbsp;&nbsp;Draw_Home_Card
</UL>

<P><STRONG><a name="[c6]"></a>FB_SetPixel</STRONG> (Thumb, 58 bytes, Stack size 8 bytes, app_oled.o(i.FB_SetPixel))
<BR><BR>[Stack]<UL><LI>Max Depth = 8<LI>Call Chain = FB_SetPixel
</UL>
<BR>[Called By]<UL><LI><a href="#[bc]">&gt;&gt;</a>&nbsp;&nbsp;&nbsp;FB_FillRect
<LI><a href="#[bf]">&gt;&gt;</a>&nbsp;&nbsp;&nbsp;FB_DrawRect
<LI><a href="#[cf]">&gt;&gt;</a>&nbsp;&nbsp;&nbsp;FB_DrawChar8x16
<LI><a href="#[c2]">&gt;&gt;</a>&nbsp;&nbsp;&nbsp;FB_FillCircle
<LI><a href="#[c1]">&gt;&gt;</a>&nbsp;&nbsp;&nbsp;FB_DrawCircleRing
<LI><a href="#[c3]">&gt;&gt;</a>&nbsp;&nbsp;&nbsp;Draw_Motor_FullScreen
</UL>

<P><STRONG><a name="[d1]"></a>FLASH_ErasePage</STRONG> (Thumb, 72 bytes, Stack size 12 bytes, stm32f10x_flash.o(i.FLASH_ErasePage))
<BR><BR>[Stack]<UL><LI>Max Depth = 16<LI>Call Chain = FLASH_ErasePage &rArr; FLASH_WaitForLastOperation
</UL>
<BR>[Calls]<UL><LI><a href="#[d2]">&gt;&gt;</a>&nbsp;&nbsp;&nbsp;FLASH_WaitForLastOperation
</UL>
<BR>[Called By]<UL><LI><a href="#[d7]">&gt;&gt;</a>&nbsp;&nbsp;&nbsp;Flash_Save_Config
</UL>

<P><STRONG><a name="[d4]"></a>FLASH_GetBank1Status</STRONG> (Thumb, 48 bytes, Stack size 0 bytes, stm32f10x_flash.o(i.FLASH_GetBank1Status))
<BR><BR>[Called By]<UL><LI><a href="#[d2]">&gt;&gt;</a>&nbsp;&nbsp;&nbsp;FLASH_WaitForLastOperation
</UL>

<P><STRONG><a name="[d9]"></a>FLASH_Lock</STRONG> (Thumb, 14 bytes, Stack size 0 bytes, stm32f10x_flash.o(i.FLASH_Lock))
<BR><BR>[Called By]<UL><LI><a href="#[d7]">&gt;&gt;</a>&nbsp;&nbsp;&nbsp;Flash_Save_Config
</UL>

<P><STRONG><a name="[7c]"></a>FLASH_PrefetchBufferCmd</STRONG> (Thumb, 22 bytes, Stack size 0 bytes, stm32f10x_flash.o(i.FLASH_PrefetchBufferCmd))
<BR><BR>[Called By]<UL><LI><a href="#[78]">&gt;&gt;</a>&nbsp;&nbsp;&nbsp;Bsp_Clock_Init
</UL>

<P><STRONG><a name="[d3]"></a>FLASH_ProgramWord</STRONG> (Thumb, 102 bytes, Stack size 20 bytes, stm32f10x_flash.o(i.FLASH_ProgramWord))
<BR><BR>[Stack]<UL><LI>Max Depth = 24<LI>Call Chain = FLASH_ProgramWord &rArr; FLASH_WaitForLastOperation
</UL>
<BR>[Calls]<UL><LI><a href="#[d2]">&gt;&gt;</a>&nbsp;&nbsp;&nbsp;FLASH_WaitForLastOperation
</UL>
<BR>[Called By]<UL><LI><a href="#[d7]">&gt;&gt;</a>&nbsp;&nbsp;&nbsp;Flash_Save_Config
</UL>

<P><STRONG><a name="[7d]"></a>FLASH_SetLatency</STRONG> (Thumb, 18 bytes, Stack size 0 bytes, stm32f10x_flash.o(i.FLASH_SetLatency))
<BR><BR>[Called By]<UL><LI><a href="#[78]">&gt;&gt;</a>&nbsp;&nbsp;&nbsp;Bsp_Clock_Init
</UL>

<P><STRONG><a name="[d8]"></a>FLASH_Unlock</STRONG> (Thumb, 12 bytes, Stack size 0 bytes, stm32f10x_flash.o(i.FLASH_Unlock))
<BR><BR>[Called By]<UL><LI><a href="#[d7]">&gt;&gt;</a>&nbsp;&nbsp;&nbsp;Flash_Save_Config
</UL>

<P><STRONG><a name="[d2]"></a>FLASH_WaitForLastOperation</STRONG> (Thumb, 38 bytes, Stack size 4 bytes, stm32f10x_flash.o(i.FLASH_WaitForLastOperation))
<BR><BR>[Stack]<UL><LI>Max Depth = 4<LI>Call Chain = FLASH_WaitForLastOperation
</UL>
<BR>[Calls]<UL><LI><a href="#[d4]">&gt;&gt;</a>&nbsp;&nbsp;&nbsp;FLASH_GetBank1Status
</UL>
<BR>[Called By]<UL><LI><a href="#[d3]">&gt;&gt;</a>&nbsp;&nbsp;&nbsp;FLASH_ProgramWord
<LI><a href="#[d1]">&gt;&gt;</a>&nbsp;&nbsp;&nbsp;FLASH_ErasePage
</UL>

<P><STRONG><a name="[d5]"></a>Flash_Load_Config</STRONG> (Thumb, 82 bytes, Stack size 16 bytes, app_flash.o(i.Flash_Load_Config))
<BR><BR>[Stack]<UL><LI>Max Depth = 28<LI>Call Chain = Flash_Load_Config &rArr; CRC32_Calc
</UL>
<BR>[Calls]<UL><LI><a href="#[d6]">&gt;&gt;</a>&nbsp;&nbsp;&nbsp;CRC32_Calc
</UL>
<BR>[Called By]<UL><LI><a href="#[57]">&gt;&gt;</a>&nbsp;&nbsp;&nbsp;main
</UL>

<P><STRONG><a name="[d7]"></a>Flash_Save_Config</STRONG> (Thumb, 132 bytes, Stack size 32 bytes, app_flash.o(i.Flash_Save_Config))
<BR><BR>[Stack]<UL><LI>Max Depth = 56<LI>Call Chain = Flash_Save_Config &rArr; FLASH_ProgramWord &rArr; FLASH_WaitForLastOperation
</UL>
<BR>[Calls]<UL><LI><a href="#[d8]">&gt;&gt;</a>&nbsp;&nbsp;&nbsp;FLASH_Unlock
<LI><a href="#[d3]">&gt;&gt;</a>&nbsp;&nbsp;&nbsp;FLASH_ProgramWord
<LI><a href="#[d9]">&gt;&gt;</a>&nbsp;&nbsp;&nbsp;FLASH_Lock
<LI><a href="#[d1]">&gt;&gt;</a>&nbsp;&nbsp;&nbsp;FLASH_ErasePage
<LI><a href="#[d6]">&gt;&gt;</a>&nbsp;&nbsp;&nbsp;CRC32_Calc
</UL>
<BR>[Called By]<UL><LI><a href="#[e2]">&gt;&gt;</a>&nbsp;&nbsp;&nbsp;Save_Draft
</UL>

<P><STRONG><a name="[89]"></a>GPIO_EXTILineConfig</STRONG> (Thumb, 60 bytes, Stack size 12 bytes, stm32f10x_gpio.o(i.GPIO_EXTILineConfig))
<BR><BR>[Stack]<UL><LI>Max Depth = 12<LI>Call Chain = GPIO_EXTILineConfig
</UL>
<BR>[Called By]<UL><LI><a href="#[87]">&gt;&gt;</a>&nbsp;&nbsp;&nbsp;Bsp_EXTI_Init
</UL>

<P><STRONG><a name="[6d]"></a>GPIO_Init</STRONG> (Thumb, 278 bytes, Stack size 24 bytes, stm32f10x_gpio.o(i.GPIO_Init))
<BR><BR>[Stack]<UL><LI>Max Depth = 24<LI>Call Chain = GPIO_Init
</UL>
<BR>[Called By]<UL><LI><a href="#[f5]">&gt;&gt;</a>&nbsp;&nbsp;&nbsp;pa9_set_tx
<LI><a href="#[12a]">&gt;&gt;</a>&nbsp;&nbsp;&nbsp;pa9_set_rx
<LI><a href="#[9a]">&gt;&gt;</a>&nbsp;&nbsp;&nbsp;Bsp_USART3_Init
<LI><a href="#[99]">&gt;&gt;</a>&nbsp;&nbsp;&nbsp;Bsp_USART2_Init
<LI><a href="#[98]">&gt;&gt;</a>&nbsp;&nbsp;&nbsp;Bsp_USART1_Init
<LI><a href="#[95]">&gt;&gt;</a>&nbsp;&nbsp;&nbsp;Bsp_TIM3_PWM_Init
<LI><a href="#[97]">&gt;&gt;</a>&nbsp;&nbsp;&nbsp;Bsp_TIM2_Encoder_Init
<LI><a href="#[90]">&gt;&gt;</a>&nbsp;&nbsp;&nbsp;Bsp_I2C1_Init
<LI><a href="#[8e]">&gt;&gt;</a>&nbsp;&nbsp;&nbsp;Bsp_GPIO_Init
<LI><a href="#[6b]">&gt;&gt;</a>&nbsp;&nbsp;&nbsp;Bsp_ADC1_Init
<LI><a href="#[8f]">&gt;&gt;</a>&nbsp;&nbsp;&nbsp;LED_Init
</UL>

<P><STRONG><a name="[86]"></a>GPIO_PinRemapConfig</STRONG> (Thumb, 138 bytes, Stack size 20 bytes, stm32f10x_gpio.o(i.GPIO_PinRemapConfig))
<BR><BR>[Stack]<UL><LI>Max Depth = 20<LI>Call Chain = GPIO_PinRemapConfig
</UL>
<BR>[Called By]<UL><LI><a href="#[78]">&gt;&gt;</a>&nbsp;&nbsp;&nbsp;Bsp_Clock_Init
</UL>

<P><STRONG><a name="[5]"></a>HardFault_Handler</STRONG> (Thumb, 4 bytes, Stack size 0 bytes, stm32f10x_it.o(i.HardFault_Handler))
<BR>[Address Reference Count : 1]<UL><LI> startup_stm32f10x_hd.o(RESET)
</UL>
<P><STRONG><a name="[f2]"></a>I2C_CheckEvent</STRONG> (Thumb, 42 bytes, Stack size 16 bytes, stm32f10x_i2c.o(i.I2C_CheckEvent))
<BR><BR>[Stack]<UL><LI>Max Depth = 16<LI>Call Chain = I2C_CheckEvent
</UL>
<BR>[Called By]<UL><LI><a href="#[f1]">&gt;&gt;</a>&nbsp;&nbsp;&nbsp;I2C_WaitEvent
</UL>

<P><STRONG><a name="[93]"></a>I2C_Cmd</STRONG> (Thumb, 24 bytes, Stack size 0 bytes, stm32f10x_i2c.o(i.I2C_Cmd))
<BR><BR>[Called By]<UL><LI><a href="#[90]">&gt;&gt;</a>&nbsp;&nbsp;&nbsp;Bsp_I2C1_Init
</UL>

<P><STRONG><a name="[100]"></a>I2C_GenerateSTART</STRONG> (Thumb, 24 bytes, Stack size 0 bytes, stm32f10x_i2c.o(i.I2C_GenerateSTART))
<BR><BR>[Called By]<UL><LI><a href="#[fd]">&gt;&gt;</a>&nbsp;&nbsp;&nbsp;OLED_WritePage
<LI><a href="#[ff]">&gt;&gt;</a>&nbsp;&nbsp;&nbsp;OLED_WriteCmd
</UL>

<P><STRONG><a name="[103]"></a>I2C_GenerateSTOP</STRONG> (Thumb, 24 bytes, Stack size 0 bytes, stm32f10x_i2c.o(i.I2C_GenerateSTOP))
<BR><BR>[Called By]<UL><LI><a href="#[fd]">&gt;&gt;</a>&nbsp;&nbsp;&nbsp;OLED_WritePage
<LI><a href="#[ff]">&gt;&gt;</a>&nbsp;&nbsp;&nbsp;OLED_WriteCmd
</UL>

<P><STRONG><a name="[f0]"></a>I2C_GetFlagStatus</STRONG> (Thumb, 58 bytes, Stack size 12 bytes, stm32f10x_i2c.o(i.I2C_GetFlagStatus))
<BR><BR>[Stack]<UL><LI>Max Depth = 12<LI>Call Chain = I2C_GetFlagStatus
</UL>
<BR>[Called By]<UL><LI><a href="#[ef]">&gt;&gt;</a>&nbsp;&nbsp;&nbsp;I2C_WaitBusy
</UL>

<P><STRONG><a name="[92]"></a>I2C_Init</STRONG> (Thumb, 222 bytes, Stack size 48 bytes, stm32f10x_i2c.o(i.I2C_Init))
<BR><BR>[Stack]<UL><LI>Max Depth = 60<LI>Call Chain = I2C_Init &rArr; RCC_GetClocksFreq
</UL>
<BR>[Calls]<UL><LI><a href="#[ee]">&gt;&gt;</a>&nbsp;&nbsp;&nbsp;RCC_GetClocksFreq
</UL>
<BR>[Called By]<UL><LI><a href="#[90]">&gt;&gt;</a>&nbsp;&nbsp;&nbsp;Bsp_I2C1_Init
</UL>

<P><STRONG><a name="[101]"></a>I2C_Send7bitAddress</STRONG> (Thumb, 18 bytes, Stack size 0 bytes, stm32f10x_i2c.o(i.I2C_Send7bitAddress))
<BR><BR>[Called By]<UL><LI><a href="#[fd]">&gt;&gt;</a>&nbsp;&nbsp;&nbsp;OLED_WritePage
<LI><a href="#[ff]">&gt;&gt;</a>&nbsp;&nbsp;&nbsp;OLED_WriteCmd
</UL>

<P><STRONG><a name="[102]"></a>I2C_SendData</STRONG> (Thumb, 4 bytes, Stack size 0 bytes, stm32f10x_i2c.o(i.I2C_SendData))
<BR><BR>[Called By]<UL><LI><a href="#[fd]">&gt;&gt;</a>&nbsp;&nbsp;&nbsp;OLED_WritePage
<LI><a href="#[ff]">&gt;&gt;</a>&nbsp;&nbsp;&nbsp;OLED_WriteCmd
</UL>

<P><STRONG><a name="[8f]"></a>LED_Init</STRONG> (Thumb, 46 bytes, Stack size 8 bytes, led.o(i.LED_Init))
<BR><BR>[Stack]<UL><LI>Max Depth = 32<LI>Call Chain = LED_Init &rArr; GPIO_Init
</UL>
<BR>[Calls]<UL><LI><a href="#[6c]">&gt;&gt;</a>&nbsp;&nbsp;&nbsp;RCC_APB2PeriphClockCmd
<LI><a href="#[6d]">&gt;&gt;</a>&nbsp;&nbsp;&nbsp;GPIO_Init
</UL>
<BR>[Called By]<UL><LI><a href="#[8e]">&gt;&gt;</a>&nbsp;&nbsp;&nbsp;Bsp_GPIO_Init
</UL>

<P><STRONG><a name="[6]"></a>MemManage_Handler</STRONG> (Thumb, 4 bytes, Stack size 0 bytes, stm32f10x_it.o(i.MemManage_Handler))
<BR>[Address Reference Count : 1]<UL><LI> startup_stm32f10x_hd.o(RESET)
</UL>
<P><STRONG><a name="[f3]"></a>Motor_FastStop_M1_FromIsr</STRONG> (Thumb, 18 bytes, Stack size 8 bytes, app_motor.o(i.Motor_FastStop_M1_FromIsr))
<BR><BR>[Stack]<UL><LI>Max Depth = 8<LI>Call Chain = Motor_FastStop_M1_FromIsr
</UL>
<BR>[Calls]<UL><LI><a href="#[9e]">&gt;&gt;</a>&nbsp;&nbsp;&nbsp;TIM_SetCompare1
</UL>
<BR>[Called By]<UL><LI><a href="#[cc]">&gt;&gt;</a>&nbsp;&nbsp;&nbsp;Osc_SetEnabled
<LI><a href="#[cd]">&gt;&gt;</a>&nbsp;&nbsp;&nbsp;Osc_OnGpi1Edge_FromIsr
<LI><a href="#[104]">&gt;&gt;</a>&nbsp;&nbsp;&nbsp;Osc_Update
</UL>

<P><STRONG><a name="[f4]"></a>Motor_Init_From_Config</STRONG> (Thumb, 82 bytes, Stack size 8 bytes, app_motor.o(i.Motor_Init_From_Config))
<BR><BR>[Stack]<UL><LI>Max Depth = 128<LI>Call Chain = Motor_Init_From_Config &rArr; tmc_init_one &rArr; TMC_Write_IRUN &rArr; tmc_read_reg &rArr; pa9_set_tx &rArr; GPIO_Init
</UL>
<BR>[Calls]<UL><LI><a href="#[f6]">&gt;&gt;</a>&nbsp;&nbsp;&nbsp;tmc_init_one
<LI><a href="#[f5]">&gt;&gt;</a>&nbsp;&nbsp;&nbsp;pa9_set_tx
<LI><a href="#[9f]">&gt;&gt;</a>&nbsp;&nbsp;&nbsp;TIM_SetCompare2
<LI><a href="#[9e]">&gt;&gt;</a>&nbsp;&nbsp;&nbsp;TIM_SetCompare1
<LI><a href="#[9d]">&gt;&gt;</a>&nbsp;&nbsp;&nbsp;TIM_SetAutoreload
</UL>
<BR>[Called By]<UL><LI><a href="#[57]">&gt;&gt;</a>&nbsp;&nbsp;&nbsp;main
</UL>

<P><STRONG><a name="[f7]"></a>Motor_Jog_Eval</STRONG> (Thumb, 216 bytes, Stack size 8 bytes, app_motor.o(i.Motor_Jog_Eval))
<BR><BR>[Stack]<UL><LI>Max Depth = 28<LI>Call Chain = Motor_Jog_Eval &rArr; Osc_Start_With_Dir &rArr; Motor_Set_Target
</UL>
<BR>[Calls]<UL><LI><a href="#[f8]">&gt;&gt;</a>&nbsp;&nbsp;&nbsp;Osc_Start_With_Dir
<LI><a href="#[f9]">&gt;&gt;</a>&nbsp;&nbsp;&nbsp;Motor_Set_Target
</UL>
<BR>[Called By]<UL><LI><a href="#[57]">&gt;&gt;</a>&nbsp;&nbsp;&nbsp;main
</UL>

<P><STRONG><a name="[fa]"></a>Motor_Ramp_Update</STRONG> (Thumb, 320 bytes, Stack size 32 bytes, app_motor.o(i.Motor_Ramp_Update))
<BR><BR>[Stack]<UL><LI>Max Depth = 56<LI>Call Chain = Motor_Ramp_Update &rArr; Bsp_Motor_Start
</UL>
<BR>[Calls]<UL><LI><a href="#[a0]">&gt;&gt;</a>&nbsp;&nbsp;&nbsp;Bsp_Motor_Stop
<LI><a href="#[9c]">&gt;&gt;</a>&nbsp;&nbsp;&nbsp;Bsp_Motor_Start
</UL>
<BR>[Called By]<UL><LI><a href="#[57]">&gt;&gt;</a>&nbsp;&nbsp;&nbsp;main
</UL>

<P><STRONG><a name="[f9]"></a>Motor_Set_Target</STRONG> (Thumb, 50 bytes, Stack size 12 bytes, app_motor.o(i.Motor_Set_Target))
<BR><BR>[Stack]<UL><LI>Max Depth = 12<LI>Call Chain = Motor_Set_Target
</UL>
<BR>[Called By]<UL><LI><a href="#[f8]">&gt;&gt;</a>&nbsp;&nbsp;&nbsp;Osc_Start_With_Dir
<LI><a href="#[cd]">&gt;&gt;</a>&nbsp;&nbsp;&nbsp;Osc_OnGpi1Edge_FromIsr
<LI><a href="#[104]">&gt;&gt;</a>&nbsp;&nbsp;&nbsp;Osc_Update
<LI><a href="#[f7]">&gt;&gt;</a>&nbsp;&nbsp;&nbsp;Motor_Jog_Eval
</UL>

<P><STRONG><a name="[4]"></a>NMI_Handler</STRONG> (Thumb, 2 bytes, Stack size 0 bytes, stm32f10x_it.o(i.NMI_Handler))
<BR>[Address Reference Count : 1]<UL><LI> startup_stm32f10x_hd.o(RESET)
</UL>
<P><STRONG><a name="[8b]"></a>NVIC_Init</STRONG> (Thumb, 100 bytes, Stack size 16 bytes, misc.o(i.NVIC_Init))
<BR><BR>[Stack]<UL><LI>Max Depth = 16<LI>Call Chain = NVIC_Init
</UL>
<BR>[Called By]<UL><LI><a href="#[9a]">&gt;&gt;</a>&nbsp;&nbsp;&nbsp;Bsp_USART3_Init
<LI><a href="#[99]">&gt;&gt;</a>&nbsp;&nbsp;&nbsp;Bsp_USART2_Init
<LI><a href="#[98]">&gt;&gt;</a>&nbsp;&nbsp;&nbsp;Bsp_USART1_Init
<LI><a href="#[9b]">&gt;&gt;</a>&nbsp;&nbsp;&nbsp;Bsp_TIM4_Tick_Init
<LI><a href="#[87]">&gt;&gt;</a>&nbsp;&nbsp;&nbsp;Bsp_EXTI_Init
</UL>

<P><STRONG><a name="[88]"></a>NVIC_PriorityGroupConfig</STRONG> (Thumb, 10 bytes, Stack size 0 bytes, misc.o(i.NVIC_PriorityGroupConfig))
<BR><BR>[Called By]<UL><LI><a href="#[87]">&gt;&gt;</a>&nbsp;&nbsp;&nbsp;Bsp_EXTI_Init
</UL>

<P><STRONG><a name="[c4]"></a>OLED_Clear</STRONG> (Thumb, 28 bytes, Stack size 8 bytes, app_oled.o(i.OLED_Clear))
<BR><BR>[Stack]<UL><LI>Max Depth = 72 + Unknown Stack Size
<LI>Call Chain = OLED_Clear &rArr; OLED_Flush &rArr; OLED_SetCursor &rArr; OLED_WriteCmd &rArr; I2C_WaitEvent &rArr; I2C_CheckEvent
</UL>
<BR>[Calls]<UL><LI><a href="#[c9]">&gt;&gt;</a>&nbsp;&nbsp;&nbsp;OLED_Flush
<LI><a href="#[fb]">&gt;&gt;</a>&nbsp;&nbsp;&nbsp;__aeabi_memclr
<LI><a href="#[5d]">&gt;&gt;</a>&nbsp;&nbsp;&nbsp;__aeabi_memset
</UL>
<BR>[Called By]<UL><LI><a href="#[eb]">&gt;&gt;</a>&nbsp;&nbsp;&nbsp;UI_Render_Scan_Fail
<LI><a href="#[e9]">&gt;&gt;</a>&nbsp;&nbsp;&nbsp;UI_Render_Scan
<LI><a href="#[11f]">&gt;&gt;</a>&nbsp;&nbsp;&nbsp;UI_Render_Print_Running
<LI><a href="#[e7]">&gt;&gt;</a>&nbsp;&nbsp;&nbsp;UI_Render_Print_Done
<LI><a href="#[11c]">&gt;&gt;</a>&nbsp;&nbsp;&nbsp;UI_Render_Home
<LI><a href="#[df]">&gt;&gt;</a>&nbsp;&nbsp;&nbsp;UI_Render_Cal_Step2_OK
<LI><a href="#[e0]">&gt;&gt;</a>&nbsp;&nbsp;&nbsp;UI_Render_Cal_Step2_Fail
<LI><a href="#[db]">&gt;&gt;</a>&nbsp;&nbsp;&nbsp;UI_Render_Cal_Step1_OK
<LI><a href="#[dc]">&gt;&gt;</a>&nbsp;&nbsp;&nbsp;UI_Render_Cal_Comm_Fail
<LI><a href="#[fe]">&gt;&gt;</a>&nbsp;&nbsp;&nbsp;OLED_Init
<LI><a href="#[c3]">&gt;&gt;</a>&nbsp;&nbsp;&nbsp;Draw_Motor_FullScreen
</UL>

<P><STRONG><a name="[c9]"></a>OLED_Flush</STRONG> (Thumb, 52 bytes, Stack size 8 bytes, app_oled.o(i.OLED_Flush))
<BR><BR>[Stack]<UL><LI>Max Depth = 64<LI>Call Chain = OLED_Flush &rArr; OLED_SetCursor &rArr; OLED_WriteCmd &rArr; I2C_WaitEvent &rArr; I2C_CheckEvent
</UL>
<BR>[Calls]<UL><LI><a href="#[fd]">&gt;&gt;</a>&nbsp;&nbsp;&nbsp;OLED_WritePage
<LI><a href="#[fc]">&gt;&gt;</a>&nbsp;&nbsp;&nbsp;OLED_SetCursor
</UL>
<BR>[Called By]<UL><LI><a href="#[eb]">&gt;&gt;</a>&nbsp;&nbsp;&nbsp;UI_Render_Scan_Fail
<LI><a href="#[e9]">&gt;&gt;</a>&nbsp;&nbsp;&nbsp;UI_Render_Scan
<LI><a href="#[11f]">&gt;&gt;</a>&nbsp;&nbsp;&nbsp;UI_Render_Print_Running
<LI><a href="#[e7]">&gt;&gt;</a>&nbsp;&nbsp;&nbsp;UI_Render_Print_Done
<LI><a href="#[11e]">&gt;&gt;</a>&nbsp;&nbsp;&nbsp;UI_Render_Overlay_Status
<LI><a href="#[11c]">&gt;&gt;</a>&nbsp;&nbsp;&nbsp;UI_Render_Home
<LI><a href="#[df]">&gt;&gt;</a>&nbsp;&nbsp;&nbsp;UI_Render_Cal_Step2_OK
<LI><a href="#[e0]">&gt;&gt;</a>&nbsp;&nbsp;&nbsp;UI_Render_Cal_Step2_Fail
<LI><a href="#[db]">&gt;&gt;</a>&nbsp;&nbsp;&nbsp;UI_Render_Cal_Step1_OK
<LI><a href="#[dc]">&gt;&gt;</a>&nbsp;&nbsp;&nbsp;UI_Render_Cal_Comm_Fail
<LI><a href="#[68]">&gt;&gt;</a>&nbsp;&nbsp;&nbsp;UI_BlinkValue_Speed
<LI><a href="#[69]">&gt;&gt;</a>&nbsp;&nbsp;&nbsp;UI_BlinkValue_Cur
<LI><a href="#[c4]">&gt;&gt;</a>&nbsp;&nbsp;&nbsp;OLED_Clear
<LI><a href="#[c3]">&gt;&gt;</a>&nbsp;&nbsp;&nbsp;Draw_Motor_FullScreen
</UL>

<P><STRONG><a name="[fe]"></a>OLED_Init</STRONG> (Thumb, 28 bytes, Stack size 8 bytes, app_oled.o(i.OLED_Init))
<BR><BR>[Stack]<UL><LI>Max Depth = 80 + Unknown Stack Size
<LI>Call Chain = OLED_Init &rArr; OLED_Clear &rArr; OLED_Flush &rArr; OLED_SetCursor &rArr; OLED_WriteCmd &rArr; I2C_WaitEvent &rArr; I2C_CheckEvent
</UL>
<BR>[Calls]<UL><LI><a href="#[c4]">&gt;&gt;</a>&nbsp;&nbsp;&nbsp;OLED_Clear
<LI><a href="#[ff]">&gt;&gt;</a>&nbsp;&nbsp;&nbsp;OLED_WriteCmd
</UL>
<BR>[Called By]<UL><LI><a href="#[57]">&gt;&gt;</a>&nbsp;&nbsp;&nbsp;main
</UL>

<P><STRONG><a name="[c8]"></a>OLED_MarkDirty</STRONG> (Thumb, 14 bytes, Stack size 8 bytes, app_oled.o(i.OLED_MarkDirty))
<BR><BR>[Stack]<UL><LI>Max Depth = 8 + Unknown Stack Size
<LI>Call Chain = OLED_MarkDirty
</UL>
<BR>[Calls]<UL><LI><a href="#[5d]">&gt;&gt;</a>&nbsp;&nbsp;&nbsp;__aeabi_memset
</UL>
<BR>[Called By]<UL><LI><a href="#[eb]">&gt;&gt;</a>&nbsp;&nbsp;&nbsp;UI_Render_Scan_Fail
<LI><a href="#[e9]">&gt;&gt;</a>&nbsp;&nbsp;&nbsp;UI_Render_Scan
<LI><a href="#[11f]">&gt;&gt;</a>&nbsp;&nbsp;&nbsp;UI_Render_Print_Running
<LI><a href="#[e7]">&gt;&gt;</a>&nbsp;&nbsp;&nbsp;UI_Render_Print_Done
<LI><a href="#[11e]">&gt;&gt;</a>&nbsp;&nbsp;&nbsp;UI_Render_Overlay_Status
<LI><a href="#[11c]">&gt;&gt;</a>&nbsp;&nbsp;&nbsp;UI_Render_Home
<LI><a href="#[df]">&gt;&gt;</a>&nbsp;&nbsp;&nbsp;UI_Render_Cal_Step2_OK
<LI><a href="#[e0]">&gt;&gt;</a>&nbsp;&nbsp;&nbsp;UI_Render_Cal_Step2_Fail
<LI><a href="#[db]">&gt;&gt;</a>&nbsp;&nbsp;&nbsp;UI_Render_Cal_Step1_OK
<LI><a href="#[dc]">&gt;&gt;</a>&nbsp;&nbsp;&nbsp;UI_Render_Cal_Comm_Fail
<LI><a href="#[c3]">&gt;&gt;</a>&nbsp;&nbsp;&nbsp;Draw_Motor_FullScreen
</UL>

<P><STRONG><a name="[125]"></a>Osc_Init</STRONG> (Thumb, 16 bytes, Stack size 0 bytes, app_osc.o(i.Osc_Init))
<BR><BR>[Called By]<UL><LI><a href="#[57]">&gt;&gt;</a>&nbsp;&nbsp;&nbsp;main
</UL>

<P><STRONG><a name="[cd]"></a>Osc_OnGpi1Edge_FromIsr</STRONG> (Thumb, 70 bytes, Stack size 8 bytes, app_osc.o(i.Osc_OnGpi1Edge_FromIsr))
<BR><BR>[Stack]<UL><LI>Max Depth = 20<LI>Call Chain = Osc_OnGpi1Edge_FromIsr &rArr; Motor_Set_Target
</UL>
<BR>[Calls]<UL><LI><a href="#[f9]">&gt;&gt;</a>&nbsp;&nbsp;&nbsp;Motor_Set_Target
<LI><a href="#[f3]">&gt;&gt;</a>&nbsp;&nbsp;&nbsp;Motor_FastStop_M1_FromIsr
</UL>
<BR>[Called By]<UL><LI><a href="#[14]">&gt;&gt;</a>&nbsp;&nbsp;&nbsp;EXTI1_IRQHandler
<LI><a href="#[104]">&gt;&gt;</a>&nbsp;&nbsp;&nbsp;Osc_Update
</UL>

<P><STRONG><a name="[cc]"></a>Osc_SetEnabled</STRONG> (Thumb, 38 bytes, Stack size 8 bytes, app_osc.o(i.Osc_SetEnabled))
<BR><BR>[Stack]<UL><LI>Max Depth = 16<LI>Call Chain = Osc_SetEnabled &rArr; Motor_FastStop_M1_FromIsr
</UL>
<BR>[Calls]<UL><LI><a href="#[f3]">&gt;&gt;</a>&nbsp;&nbsp;&nbsp;Motor_FastStop_M1_FromIsr
</UL>
<BR>[Called By]<UL><LI><a href="#[35]">&gt;&gt;</a>&nbsp;&nbsp;&nbsp;EXTI15_10_IRQHandler
</UL>

<P><STRONG><a name="[f8]"></a>Osc_Start_With_Dir</STRONG> (Thumb, 72 bytes, Stack size 8 bytes, app_osc.o(i.Osc_Start_With_Dir))
<BR><BR>[Stack]<UL><LI>Max Depth = 20<LI>Call Chain = Osc_Start_With_Dir &rArr; Motor_Set_Target
</UL>
<BR>[Calls]<UL><LI><a href="#[f9]">&gt;&gt;</a>&nbsp;&nbsp;&nbsp;Motor_Set_Target
</UL>
<BR>[Called By]<UL><LI><a href="#[f7]">&gt;&gt;</a>&nbsp;&nbsp;&nbsp;Motor_Jog_Eval
</UL>

<P><STRONG><a name="[104]"></a>Osc_Update</STRONG> (Thumb, 130 bytes, Stack size 16 bytes, app_osc.o(i.Osc_Update))
<BR><BR>[Stack]<UL><LI>Max Depth = 36<LI>Call Chain = Osc_Update &rArr; Osc_OnGpi1Edge_FromIsr &rArr; Motor_Set_Target
</UL>
<BR>[Calls]<UL><LI><a href="#[f9]">&gt;&gt;</a>&nbsp;&nbsp;&nbsp;Motor_Set_Target
<LI><a href="#[f3]">&gt;&gt;</a>&nbsp;&nbsp;&nbsp;Motor_FastStop_M1_FromIsr
<LI><a href="#[cd]">&gt;&gt;</a>&nbsp;&nbsp;&nbsp;Osc_OnGpi1Edge_FromIsr
</UL>
<BR>[Called By]<UL><LI><a href="#[57]">&gt;&gt;</a>&nbsp;&nbsp;&nbsp;main
</UL>

<P><STRONG><a name="[b]"></a>PendSV_Handler</STRONG> (Thumb, 2 bytes, Stack size 0 bytes, stm32f10x_it.o(i.PendSV_Handler))
<BR>[Address Reference Count : 1]<UL><LI> startup_stm32f10x_hd.o(RESET)
</UL>
<P><STRONG><a name="[e6]"></a>Print_Run</STRONG> (Thumb, 32 bytes, Stack size 8 bytes, app_print.o(i.Print_Run))
<BR><BR>[Stack]<UL><LI>Max Depth = 24<LI>Call Chain = Print_Run &rArr; usart3_send_str &rArr; usart3_send
</UL>
<BR>[Calls]<UL><LI><a href="#[b4]">&gt;&gt;</a>&nbsp;&nbsp;&nbsp;delay_ms
<LI><a href="#[105]">&gt;&gt;</a>&nbsp;&nbsp;&nbsp;usart3_send_str
</UL>
<BR>[Called By]<UL><LI><a href="#[e5]">&gt;&gt;</a>&nbsp;&nbsp;&nbsp;Handle_PrintRun
</UL>

<P><STRONG><a name="[81]"></a>RCC_ADCCLKConfig</STRONG> (Thumb, 18 bytes, Stack size 0 bytes, stm32f10x_rcc.o(i.RCC_ADCCLKConfig))
<BR><BR>[Called By]<UL><LI><a href="#[78]">&gt;&gt;</a>&nbsp;&nbsp;&nbsp;Bsp_Clock_Init
</UL>

<P><STRONG><a name="[91]"></a>RCC_APB1PeriphClockCmd</STRONG> (Thumb, 26 bytes, Stack size 0 bytes, stm32f10x_rcc.o(i.RCC_APB1PeriphClockCmd))
<BR><BR>[Called By]<UL><LI><a href="#[9a]">&gt;&gt;</a>&nbsp;&nbsp;&nbsp;Bsp_USART3_Init
<LI><a href="#[99]">&gt;&gt;</a>&nbsp;&nbsp;&nbsp;Bsp_USART2_Init
<LI><a href="#[9b]">&gt;&gt;</a>&nbsp;&nbsp;&nbsp;Bsp_TIM4_Tick_Init
<LI><a href="#[95]">&gt;&gt;</a>&nbsp;&nbsp;&nbsp;Bsp_TIM3_PWM_Init
<LI><a href="#[97]">&gt;&gt;</a>&nbsp;&nbsp;&nbsp;Bsp_TIM2_Encoder_Init
<LI><a href="#[90]">&gt;&gt;</a>&nbsp;&nbsp;&nbsp;Bsp_I2C1_Init
</UL>

<P><STRONG><a name="[6c]"></a>RCC_APB2PeriphClockCmd</STRONG> (Thumb, 26 bytes, Stack size 0 bytes, stm32f10x_rcc.o(i.RCC_APB2PeriphClockCmd))
<BR><BR>[Called By]<UL><LI><a href="#[9a]">&gt;&gt;</a>&nbsp;&nbsp;&nbsp;Bsp_USART3_Init
<LI><a href="#[99]">&gt;&gt;</a>&nbsp;&nbsp;&nbsp;Bsp_USART2_Init
<LI><a href="#[98]">&gt;&gt;</a>&nbsp;&nbsp;&nbsp;Bsp_USART1_Init
<LI><a href="#[95]">&gt;&gt;</a>&nbsp;&nbsp;&nbsp;Bsp_TIM3_PWM_Init
<LI><a href="#[97]">&gt;&gt;</a>&nbsp;&nbsp;&nbsp;Bsp_TIM2_Encoder_Init
<LI><a href="#[96]">&gt;&gt;</a>&nbsp;&nbsp;&nbsp;Bsp_TIM1_StepCounter_Init
<LI><a href="#[90]">&gt;&gt;</a>&nbsp;&nbsp;&nbsp;Bsp_I2C1_Init
[...]
<LI><a href="#[115]">&gt;&gt;</a>&nbsp;&nbsp;&nbsp;TMC_Write_CHOPCONF
<LI><a href="#[12c]">&gt;&gt;</a>&nbsp;&nbsp;&nbsp;tmc_write_tpwmthrs
<LI><a href="#[b4]">&gt;&gt;</a>&nbsp;&nbsp;&nbsp;delay_ms
<LI><a href="#[106]">&gt;&gt;</a>&nbsp;&nbsp;&nbsp;TMC_Write_IRUN
</UL>
<BR>[Called By]<UL><LI><a href="#[f4]">&gt;&gt;</a>&nbsp;&nbsp;&nbsp;Motor_Init_From_Config
</UL>

<P><STRONG><a name="[117]"></a>tmc_read_reg</STRONG> (Thumb, 234 bytes, Stack size 40 bytes, app_motor.o(i.tmc_read_reg))
<BR><BR>[Stack]<UL><LI>Max Depth = 72<LI>Call Chain = tmc_read_reg &rArr; pa9_set_tx &rArr; GPIO_Init
</UL>
<BR>[Calls]<UL><LI><a href="#[130]">&gt;&gt;</a>&nbsp;&nbsp;&nbsp;tmc_wait_tc
<LI><a href="#[12f]">&gt;&gt;</a>&nbsp;&nbsp;&nbsp;tmc_send_byte
<LI><a href="#[12d]">&gt;&gt;</a>&nbsp;&nbsp;&nbsp;tmc_crc8
<LI><a href="#[12e]">&gt;&gt;</a>&nbsp;&nbsp;&nbsp;tmc_clear_rx
<LI><a href="#[f5]">&gt;&gt;</a>&nbsp;&nbsp;&nbsp;pa9_set_tx
<LI><a href="#[12a]">&gt;&gt;</a>&nbsp;&nbsp;&nbsp;pa9_set_rx
<LI><a href="#[b4]">&gt;&gt;</a>&nbsp;&nbsp;&nbsp;delay_ms
</UL>
<BR>[Called By]<UL><LI><a href="#[118]">&gt;&gt;</a>&nbsp;&nbsp;&nbsp;TMC_Write_GCONF
<LI><a href="#[115]">&gt;&gt;</a>&nbsp;&nbsp;&nbsp;TMC_Write_CHOPCONF
<LI><a href="#[12c]">&gt;&gt;</a>&nbsp;&nbsp;&nbsp;tmc_write_tpwmthrs
<LI><a href="#[106]">&gt;&gt;</a>&nbsp;&nbsp;&nbsp;TMC_Write_IRUN
</UL>

<P><STRONG><a name="[12f]"></a>tmc_send_byte</STRONG> (Thumb, 36 bytes, Stack size 8 bytes, app_motor.o(i.tmc_send_byte))
<BR><BR>[Stack]<UL><LI>Max Depth = 16<LI>Call Chain = tmc_send_byte &rArr; USART_ClearITPendingBit
</UL>
<BR>[Calls]<UL><LI><a href="#[132]">&gt;&gt;</a>&nbsp;&nbsp;&nbsp;USART_GetFlagStatus
<LI><a href="#[131]">&gt;&gt;</a>&nbsp;&nbsp;&nbsp;USART_ClearITPendingBit
</UL>
<BR>[Called By]<UL><LI><a href="#[116]">&gt;&gt;</a>&nbsp;&nbsp;&nbsp;tmc_write_reg
<LI><a href="#[117]">&gt;&gt;</a>&nbsp;&nbsp;&nbsp;tmc_read_reg
</UL>

<P><STRONG><a name="[130]"></a>tmc_wait_tc</STRONG> (Thumb, 18 bytes, Stack size 8 bytes, app_motor.o(i.tmc_wait_tc))
<BR><BR>[Stack]<UL><LI>Max Depth = 8<LI>Call Chain = tmc_wait_tc
</UL>
<BR>[Calls]<UL><LI><a href="#[132]">&gt;&gt;</a>&nbsp;&nbsp;&nbsp;USART_GetFlagStatus
</UL>
<BR>[Called By]<UL><LI><a href="#[116]">&gt;&gt;</a>&nbsp;&nbsp;&nbsp;tmc_write_reg
<LI><a href="#[117]">&gt;&gt;</a>&nbsp;&nbsp;&nbsp;tmc_read_reg
</UL>

<P><STRONG><a name="[116]"></a>tmc_write_reg</STRONG> (Thumb, 102 bytes, Stack size 32 bytes, app_motor.o(i.tmc_write_reg))
<BR><BR>[Stack]<UL><LI>Max Depth = 48<LI>Call Chain = tmc_write_reg &rArr; tmc_send_byte &rArr; USART_ClearITPendingBit
</UL>
<BR>[Calls]<UL><LI><a href="#[130]">&gt;&gt;</a>&nbsp;&nbsp;&nbsp;tmc_wait_tc
<LI><a href="#[12f]">&gt;&gt;</a>&nbsp;&nbsp;&nbsp;tmc_send_byte
<LI><a href="#[12d]">&gt;&gt;</a>&nbsp;&nbsp;&nbsp;tmc_crc8
<LI><a href="#[12e]">&gt;&gt;</a>&nbsp;&nbsp;&nbsp;tmc_clear_rx
<LI><a href="#[b4]">&gt;&gt;</a>&nbsp;&nbsp;&nbsp;delay_ms
</UL>
<BR>[Called By]<UL><LI><a href="#[118]">&gt;&gt;</a>&nbsp;&nbsp;&nbsp;TMC_Write_GCONF
<LI><a href="#[115]">&gt;&gt;</a>&nbsp;&nbsp;&nbsp;TMC_Write_CHOPCONF
<LI><a href="#[12c]">&gt;&gt;</a>&nbsp;&nbsp;&nbsp;tmc_write_tpwmthrs
<LI><a href="#[106]">&gt;&gt;</a>&nbsp;&nbsp;&nbsp;TMC_Write_IRUN
</UL>

<P><STRONG><a name="[12c]"></a>tmc_write_tpwmthrs</STRONG> (Thumb, 92 bytes, Stack size 24 bytes, app_motor.o(i.tmc_write_tpwmthrs))
<BR><BR>[Stack]<UL><LI>Max Depth = 96<LI>Call Chain = tmc_write_tpwmthrs &rArr; tmc_read_reg &rArr; pa9_set_tx &rArr; GPIO_Init
</UL>
<BR>[Calls]<UL><LI><a href="#[116]">&gt;&gt;</a>&nbsp;&nbsp;&nbsp;tmc_write_reg
<LI><a href="#[117]">&gt;&gt;</a>&nbsp;&nbsp;&nbsp;tmc_read_reg
<LI><a href="#[b4]">&gt;&gt;</a>&nbsp;&nbsp;&nbsp;delay_ms
</UL>
<BR>[Called By]<UL><LI><a href="#[f6]">&gt;&gt;</a>&nbsp;&nbsp;&nbsp;tmc_init_one
</UL>

<P><STRONG><a name="[ba]"></a>Draw_Home_Card</STRONG> (Thumb, 310 bytes, Stack size 72 bytes, app_oled.o(i.Draw_Home_Card))
<BR><BR>[Stack]<UL><LI>Max Depth = 128<LI>Call Chain = Draw_Home_Card &rArr; FB_DrawStr8x16 &rArr; FB_DrawChar8x16 &rArr; FB_SetPixel
</UL>
<BR>[Calls]<UL><LI><a href="#[be]">&gt;&gt;</a>&nbsp;&nbsp;&nbsp;FB_DrawStr8x16
<LI><a href="#[bc]">&gt;&gt;</a>&nbsp;&nbsp;&nbsp;FB_FillRect
<LI><a href="#[bf]">&gt;&gt;</a>&nbsp;&nbsp;&nbsp;FB_DrawRect
<LI><a href="#[bd]">&gt;&gt;</a>&nbsp;&nbsp;&nbsp;uint_to_str
<LI><a href="#[bb]">&gt;&gt;</a>&nbsp;&nbsp;&nbsp;Irun_To_mA10
</UL>
<BR>[Called By]<UL><LI><a href="#[11c]">&gt;&gt;</a>&nbsp;&nbsp;&nbsp;UI_Render_Home
</UL>

<P><STRONG><a name="[c0]"></a>Draw_Home_Circle</STRONG> (Thumb, 62 bytes, Stack size 24 bytes, app_oled.o(i.Draw_Home_Circle))
<BR><BR>[Stack]<UL><LI>Max Depth = 68<LI>Call Chain = Draw_Home_Circle &rArr; FB_DrawCircleRing &rArr; FB_SetPixel
</UL>
<BR>[Calls]<UL><LI><a href="#[bc]">&gt;&gt;</a>&nbsp;&nbsp;&nbsp;FB_FillRect
<LI><a href="#[c2]">&gt;&gt;</a>&nbsp;&nbsp;&nbsp;FB_FillCircle
<LI><a href="#[c1]">&gt;&gt;</a>&nbsp;&nbsp;&nbsp;FB_DrawCircleRing
</UL>
<BR>[Called By]<UL><LI><a href="#[11e]">&gt;&gt;</a>&nbsp;&nbsp;&nbsp;UI_Render_Overlay_Status
<LI><a href="#[11c]">&gt;&gt;</a>&nbsp;&nbsp;&nbsp;UI_Render_Home
</UL>

<P><STRONG><a name="[c3]"></a>Draw_Motor_FullScreen</STRONG> (Thumb, 278 bytes, Stack size 56 bytes, app_oled.o(i.Draw_Motor_FullScreen))
<BR><BR>[Stack]<UL><LI>Max Depth = 136 + Unknown Stack Size
<LI>Call Chain = Draw_Motor_FullScreen &rArr; FB_DrawStr_Center &rArr; FB_DrawStr8x16 &rArr; FB_DrawChar8x16 &rArr; FB_SetPixel
</UL>
<BR>[Calls]<UL><LI><a href="#[c8]">&gt;&gt;</a>&nbsp;&nbsp;&nbsp;OLED_MarkDirty
<LI><a href="#[c9]">&gt;&gt;</a>&nbsp;&nbsp;&nbsp;OLED_Flush
<LI><a href="#[c4]">&gt;&gt;</a>&nbsp;&nbsp;&nbsp;OLED_Clear
<LI><a href="#[be]">&gt;&gt;</a>&nbsp;&nbsp;&nbsp;FB_DrawStr8x16
<LI><a href="#[c6]">&gt;&gt;</a>&nbsp;&nbsp;&nbsp;FB_SetPixel
<LI><a href="#[bf]">&gt;&gt;</a>&nbsp;&nbsp;&nbsp;FB_DrawRect
<LI><a href="#[bd]">&gt;&gt;</a>&nbsp;&nbsp;&nbsp;uint_to_str
<LI><a href="#[bb]">&gt;&gt;</a>&nbsp;&nbsp;&nbsp;Irun_To_mA10
<LI><a href="#[c7]">&gt;&gt;</a>&nbsp;&nbsp;&nbsp;FB_DrawStr_Center
<LI><a href="#[c5]">&gt;&gt;</a>&nbsp;&nbsp;&nbsp;Draw_Outer_Frame
</UL>
<BR>[Called By]<UL><LI><a href="#[120]">&gt;&gt;</a>&nbsp;&nbsp;&nbsp;UI_Render_SpeedEdit
<LI><a href="#[11d]">&gt;&gt;</a>&nbsp;&nbsp;&nbsp;UI_Render_MotorMenu
<LI><a href="#[11b]">&gt;&gt;</a>&nbsp;&nbsp;&nbsp;UI_Render_CurEdit
</UL>

<P><STRONG><a name="[c5]"></a>Draw_Outer_Frame</STRONG> (Thumb, 20 bytes, Stack size 8 bytes, app_oled.o(i.Draw_Outer_Frame))
<BR><BR>[Stack]<UL><LI>Max Depth = 52<LI>Call Chain = Draw_Outer_Frame &rArr; FB_DrawRect &rArr; FB_SetPixel
</UL>
<BR>[Calls]<UL><LI><a href="#[bf]">&gt;&gt;</a>&nbsp;&nbsp;&nbsp;FB_DrawRect
</UL>
<BR>[Called By]<UL><LI><a href="#[eb]">&gt;&gt;</a>&nbsp;&nbsp;&nbsp;UI_Render_Scan_Fail
<LI><a href="#[e9]">&gt;&gt;</a>&nbsp;&nbsp;&nbsp;UI_Render_Scan
<LI><a href="#[11f]">&gt;&gt;</a>&nbsp;&nbsp;&nbsp;UI_Render_Print_Running
<LI><a href="#[e7]">&gt;&gt;</a>&nbsp;&nbsp;&nbsp;UI_Render_Print_Done
<LI><a href="#[df]">&gt;&gt;</a>&nbsp;&nbsp;&nbsp;UI_Render_Cal_Step2_OK
<LI><a href="#[e0]">&gt;&gt;</a>&nbsp;&nbsp;&nbsp;UI_Render_Cal_Step2_Fail
<LI><a href="#[db]">&gt;&gt;</a>&nbsp;&nbsp;&nbsp;UI_Render_Cal_Step1_OK
<LI><a href="#[dc]">&gt;&gt;</a>&nbsp;&nbsp;&nbsp;UI_Render_Cal_Comm_Fail
<LI><a href="#[c3]">&gt;&gt;</a>&nbsp;&nbsp;&nbsp;Draw_Motor_FullScreen
</UL>

<P><STRONG><a name="[c1]"></a>FB_DrawCircleRing</STRONG> (Thumb, 500 bytes, Stack size 36 bytes, app_oled.o(i.FB_DrawCircleRing))
<BR><BR>[Stack]<UL><LI>Max Depth = 44<LI>Call Chain = FB_DrawCircleRing &rArr; FB_SetPixel
</UL>
<BR>[Calls]<UL><LI><a href="#[c6]">&gt;&gt;</a>&nbsp;&nbsp;&nbsp;FB_SetPixel
</UL>
<BR>[Called By]<UL><LI><a href="#[c0]">&gt;&gt;</a>&nbsp;&nbsp;&nbsp;Draw_Home_Circle
</UL>

<P><STRONG><a name="[c7]"></a>FB_DrawStr_Center</STRONG> (Thumb, 70 bytes, Stack size 24 bytes, app_oled.o(i.FB_DrawStr_Center))
<BR><BR>[Stack]<UL><LI>Max Depth = 80<LI>Call Chain = FB_DrawStr_Center &rArr; FB_DrawStr8x16 &rArr; FB_DrawChar8x16 &rArr; FB_SetPixel
</UL>
<BR>[Calls]<UL><LI><a href="#[be]">&gt;&gt;</a>&nbsp;&nbsp;&nbsp;FB_DrawStr8x16
</UL>
<BR>[Called By]<UL><LI><a href="#[eb]">&gt;&gt;</a>&nbsp;&nbsp;&nbsp;UI_Render_Scan_Fail
<LI><a href="#[e9]">&gt;&gt;</a>&nbsp;&nbsp;&nbsp;UI_Render_Scan
<LI><a href="#[11f]">&gt;&gt;</a>&nbsp;&nbsp;&nbsp;UI_Render_Print_Running
<LI><a href="#[e7]">&gt;&gt;</a>&nbsp;&nbsp;&nbsp;UI_Render_Print_Done
<LI><a href="#[e0]">&gt;&gt;</a>&nbsp;&nbsp;&nbsp;UI_Render_Cal_Step2_Fail
<LI><a href="#[db]">&gt;&gt;</a>&nbsp;&nbsp;&nbsp;UI_Render_Cal_Step1_OK
<LI><a href="#[dc]">&gt;&gt;</a>&nbsp;&nbsp;&nbsp;UI_Render_Cal_Comm_Fail
<LI><a href="#[c3]">&gt;&gt;</a>&nbsp;&nbsp;&nbsp;Draw_Motor_FullScreen
</UL>

<P><STRONG><a name="[c2]"></a>FB_FillCircle</STRONG> (Thumb, 208 bytes, Stack size 32 bytes, app_oled.o(i.FB_FillCircle))
<BR><BR>[Stack]<UL><LI>Max Depth = 40<LI>Call Chain = FB_FillCircle &rArr; FB_SetPixel
</UL>
<BR>[Calls]<UL><LI><a href="#[c6]">&gt;&gt;</a>&nbsp;&nbsp;&nbsp;FB_SetPixel
</UL>
<BR>[Called By]<UL><LI><a href="#[c0]">&gt;&gt;</a>&nbsp;&nbsp;&nbsp;Draw_Home_Circle
</UL>

<P><STRONG><a name="[ef]"></a>I2C_WaitBusy</STRONG> (Thumb, 30 bytes, Stack size 8 bytes, app_oled.o(i.I2C_WaitBusy))
<BR><BR>[Stack]<UL><LI>Max Depth = 20<LI>Call Chain = I2C_WaitBusy &rArr; I2C_GetFlagStatus
</UL>
<BR>[Calls]<UL><LI><a href="#[f0]">&gt;&gt;</a>&nbsp;&nbsp;&nbsp;I2C_GetFlagStatus
</UL>
<BR>[Called By]<UL><LI><a href="#[fd]">&gt;&gt;</a>&nbsp;&nbsp;&nbsp;OLED_WritePage
<LI><a href="#[ff]">&gt;&gt;</a>&nbsp;&nbsp;&nbsp;OLED_WriteCmd
</UL>

<P><STRONG><a name="[f1]"></a>I2C_WaitEvent</STRONG> (Thumb, 30 bytes, Stack size 16 bytes, app_oled.o(i.I2C_WaitEvent))
<BR><BR>[Stack]<UL><LI>Max Depth = 32<LI>Call Chain = I2C_WaitEvent &rArr; I2C_CheckEvent
</UL>
<BR>[Calls]<UL><LI><a href="#[f2]">&gt;&gt;</a>&nbsp;&nbsp;&nbsp;I2C_CheckEvent
</UL>
<BR>[Called By]<UL><LI><a href="#[fd]">&gt;&gt;</a>&nbsp;&nbsp;&nbsp;OLED_WritePage
<LI><a href="#[ff]">&gt;&gt;</a>&nbsp;&nbsp;&nbsp;OLED_WriteCmd
</UL>

<P><STRONG><a name="[bb]"></a>Irun_To_mA10</STRONG> (Thumb, 22 bytes, Stack size 0 bytes, app_oled.o(i.Irun_To_mA10))
<BR><BR>[Called By]<UL><LI><a href="#[69]">&gt;&gt;</a>&nbsp;&nbsp;&nbsp;UI_BlinkValue_Cur
<LI><a href="#[c3]">&gt;&gt;</a>&nbsp;&nbsp;&nbsp;Draw_Motor_FullScreen
<LI><a href="#[ba]">&gt;&gt;</a>&nbsp;&nbsp;&nbsp;Draw_Home_Card
</UL>

<P><STRONG><a name="[fc]"></a>OLED_SetCursor</STRONG> (Thumb, 38 bytes, Stack size 16 bytes, app_oled.o(i.OLED_SetCursor))
<BR><BR>[Stack]<UL><LI>Max Depth = 56<LI>Call Chain = OLED_SetCursor &rArr; OLED_WriteCmd &rArr; I2C_WaitEvent &rArr; I2C_CheckEvent
</UL>
<BR>[Calls]<UL><LI><a href="#[ff]">&gt;&gt;</a>&nbsp;&nbsp;&nbsp;OLED_WriteCmd
</UL>
<BR>[Called By]<UL><LI><a href="#[c9]">&gt;&gt;</a>&nbsp;&nbsp;&nbsp;OLED_Flush
</UL>

<P><STRONG><a name="[ff]"></a>OLED_WriteCmd</STRONG> (Thumb, 80 bytes, Stack size 8 bytes, app_oled.o(i.OLED_WriteCmd))
<BR><BR>[Stack]<UL><LI>Max Depth = 40<LI>Call Chain = OLED_WriteCmd &rArr; I2C_WaitEvent &rArr; I2C_CheckEvent
</UL>
<BR>[Calls]<UL><LI><a href="#[102]">&gt;&gt;</a>&nbsp;&nbsp;&nbsp;I2C_SendData
<LI><a href="#[101]">&gt;&gt;</a>&nbsp;&nbsp;&nbsp;I2C_Send7bitAddress
<LI><a href="#[103]">&gt;&gt;</a>&nbsp;&nbsp;&nbsp;I2C_GenerateSTOP
<LI><a href="#[100]">&gt;&gt;</a>&nbsp;&nbsp;&nbsp;I2C_GenerateSTART
<LI><a href="#[f1]">&gt;&gt;</a>&nbsp;&nbsp;&nbsp;I2C_WaitEvent
<LI><a href="#[ef]">&gt;&gt;</a>&nbsp;&nbsp;&nbsp;I2C_WaitBusy
</UL>
<BR>[Called By]<UL><LI><a href="#[fe]">&gt;&gt;</a>&nbsp;&nbsp;&nbsp;OLED_Init
<LI><a href="#[fc]">&gt;&gt;</a>&nbsp;&nbsp;&nbsp;OLED_SetCursor
</UL>

<P><STRONG><a name="[fd]"></a>OLED_WritePage</STRONG> (Thumb, 94 bytes, Stack size 16 bytes, app_oled.o(i.OLED_WritePage))
<BR><BR>[Stack]<UL><LI>Max Depth = 48<LI>Call Chain = OLED_WritePage &rArr; I2C_WaitEvent &rArr; I2C_CheckEvent
</UL>
<BR>[Calls]<UL><LI><a href="#[102]">&gt;&gt;</a>&nbsp;&nbsp;&nbsp;I2C_SendData
<LI><a href="#[101]">&gt;&gt;</a>&nbsp;&nbsp;&nbsp;I2C_Send7bitAddress
<LI><a href="#[103]">&gt;&gt;</a>&nbsp;&nbsp;&nbsp;I2C_GenerateSTOP
<LI><a href="#[100]">&gt;&gt;</a>&nbsp;&nbsp;&nbsp;I2C_GenerateSTART
<LI><a href="#[f1]">&gt;&gt;</a>&nbsp;&nbsp;&nbsp;I2C_WaitEvent
<LI><a href="#[ef]">&gt;&gt;</a>&nbsp;&nbsp;&nbsp;I2C_WaitBusy
</UL>
<BR>[Called By]<UL><LI><a href="#[c9]">&gt;&gt;</a>&nbsp;&nbsp;&nbsp;OLED_Flush
</UL>

<P><STRONG><a name="[bd]"></a>uint_to_str</STRONG> (Thumb, 84 bytes, Stack size 28 bytes, app_oled.o(i.uint_to_str))
<BR><BR>[Stack]<UL><LI>Max Depth = 28<LI>Call Chain = uint_to_str
</UL>
<BR>[Called By]<UL><LI><a href="#[df]">&gt;&gt;</a>&nbsp;&nbsp;&nbsp;UI_Render_Cal_Step2_OK
<LI><a href="#[68]">&gt;&gt;</a>&nbsp;&nbsp;&nbsp;UI_BlinkValue_Speed
<LI><a href="#[69]">&gt;&gt;</a>&nbsp;&nbsp;&nbsp;UI_BlinkValue_Cur
<LI><a href="#[c3]">&gt;&gt;</a>&nbsp;&nbsp;&nbsp;Draw_Motor_FullScreen
<LI><a href="#[ba]">&gt;&gt;</a>&nbsp;&nbsp;&nbsp;Draw_Home_Card
</UL>

<P><STRONG><a name="[128]"></a>man_recv_bit</STRONG> (Thumb, 24 bytes, Stack size 8 bytes, app_calib.o(i.man_recv_bit))
<BR><BR>[Stack]<UL><LI>Max Depth = 8<LI>Call Chain = man_recv_bit
</UL>
<BR>[Calls]<UL><LI><a href="#[b4]">&gt;&gt;</a>&nbsp;&nbsp;&nbsp;delay_ms
</UL>
<BR>[Called By]<UL><LI><a href="#[b9]">&gt;&gt;</a>&nbsp;&nbsp;&nbsp;man_recv_bits
</UL>

<P><STRONG><a name="[b9]"></a>man_recv_bits</STRONG> (Thumb, 30 bytes, Stack size 16 bytes, app_calib.o(i.man_recv_bits))
<BR><BR>[Stack]<UL><LI>Max Depth = 24<LI>Call Chain = man_recv_bits &rArr; man_recv_bit
</UL>
<BR>[Calls]<UL><LI><a href="#[128]">&gt;&gt;</a>&nbsp;&nbsp;&nbsp;man_recv_bit
</UL>
<BR>[Called By]<UL><LI><a href="#[b6]">&gt;&gt;</a>&nbsp;&nbsp;&nbsp;Calib_Step2
</UL>

<P><STRONG><a name="[129]"></a>man_send_bit</STRONG> (Thumb, 58 bytes, Stack size 8 bytes, app_calib.o(i.man_send_bit))
<BR><BR>[Stack]<UL><LI>Max Depth = 8<LI>Call Chain = man_send_bit
</UL>
<BR>[Calls]<UL><LI><a href="#[b4]">&gt;&gt;</a>&nbsp;&nbsp;&nbsp;delay_ms
</UL>
<BR>[Called By]<UL><LI><a href="#[b5]">&gt;&gt;</a>&nbsp;&nbsp;&nbsp;write_bank2
<LI><a href="#[b7]">&gt;&gt;</a>&nbsp;&nbsp;&nbsp;send_preamble
<LI><a href="#[b8]">&gt;&gt;</a>&nbsp;&nbsp;&nbsp;man_send_bits
</UL>

<P><STRONG><a name="[b8]"></a>man_send_bits</STRONG> (Thumb, 34 bytes, Stack size 16 bytes, app_calib.o(i.man_send_bits))
<BR><BR>[Stack]<UL><LI>Max Depth = 24<LI>Call Chain = man_send_bits &rArr; man_send_bit
</UL>
<BR>[Calls]<UL><LI><a href="#[129]">&gt;&gt;</a>&nbsp;&nbsp;&nbsp;man_send_bit
</UL>
<BR>[Called By]<UL><LI><a href="#[b6]">&gt;&gt;</a>&nbsp;&nbsp;&nbsp;Calib_Step2
<LI><a href="#[b5]">&gt;&gt;</a>&nbsp;&nbsp;&nbsp;write_bank2
</UL>

<P><STRONG><a name="[b7]"></a>send_preamble</STRONG> (Thumb, 22 bytes, Stack size 8 bytes, app_calib.o(i.send_preamble))
<BR><BR>[Stack]<UL><LI>Max Depth = 16<LI>Call Chain = send_preamble &rArr; man_send_bit
</UL>
<BR>[Calls]<UL><LI><a href="#[129]">&gt;&gt;</a>&nbsp;&nbsp;&nbsp;man_send_bit
</UL>
<BR>[Called By]<UL><LI><a href="#[b6]">&gt;&gt;</a>&nbsp;&nbsp;&nbsp;Calib_Step2
<LI><a href="#[b5]">&gt;&gt;</a>&nbsp;&nbsp;&nbsp;write_bank2
</UL>

<P><STRONG><a name="[b5]"></a>write_bank2</STRONG> (Thumb, 114 bytes, Stack size 24 bytes, app_calib.o(i.write_bank2))
<BR><BR>[Stack]<UL><LI>Max Depth = 48<LI>Call Chain = write_bank2 &rArr; man_send_bits &rArr; man_send_bit
</UL>
<BR>[Calls]<UL><LI><a href="#[b4]">&gt;&gt;</a>&nbsp;&nbsp;&nbsp;delay_ms
<LI><a href="#[b7]">&gt;&gt;</a>&nbsp;&nbsp;&nbsp;send_preamble
<LI><a href="#[b8]">&gt;&gt;</a>&nbsp;&nbsp;&nbsp;man_send_bits
<LI><a href="#[129]">&gt;&gt;</a>&nbsp;&nbsp;&nbsp;man_send_bit
</UL>
<BR>[Called By]<UL><LI><a href="#[b3]">&gt;&gt;</a>&nbsp;&nbsp;&nbsp;Calib_Step1
</UL>

<P><STRONG><a name="[107]"></a>scan_buf_reset</STRONG> (Thumb, 22 bytes, Stack size 0 bytes, app_scan.o(i.scan_buf_reset))
<BR><BR>[Called By]<UL><LI><a href="#[ec]">&gt;&gt;</a>&nbsp;&nbsp;&nbsp;Scan_Start
<LI><a href="#[109]">&gt;&gt;</a>&nbsp;&nbsp;&nbsp;scan_probe
</UL>

<P><STRONG><a name="[109]"></a>scan_probe</STRONG> (Thumb, 64 bytes, Stack size 16 bytes, app_scan.o(i.scan_probe))
<BR><BR>[Stack]<UL><LI>Max Depth = 108<LI>Call Chain = scan_probe &rArr; usart2_set_baud &rArr; USART_Init &rArr; RCC_GetClocksFreq
</UL>
<BR>[Calls]<UL><LI><a href="#[b4]">&gt;&gt;</a>&nbsp;&nbsp;&nbsp;delay_ms
<LI><a href="#[12b]">&gt;&gt;</a>&nbsp;&nbsp;&nbsp;usart2_set_baud
<LI><a href="#[108]">&gt;&gt;</a>&nbsp;&nbsp;&nbsp;usart2_send_n
<LI><a href="#[107]">&gt;&gt;</a>&nbsp;&nbsp;&nbsp;scan_buf_reset
</UL>
<BR>[Called By]<UL><LI><a href="#[ec]">&gt;&gt;</a>&nbsp;&nbsp;&nbsp;Scan_Start
</UL>

<P><STRONG><a name="[133]"></a>usart2_send</STRONG> (Thumb, 28 bytes, Stack size 8 bytes, app_scan.o(i.usart2_send))
<BR><BR>[Stack]<UL><LI>Max Depth = 8<LI>Call Chain = usart2_send
</UL>
<BR>[Calls]<UL><LI><a href="#[132]">&gt;&gt;</a>&nbsp;&nbsp;&nbsp;USART_GetFlagStatus
<LI><a href="#[134]">&gt;&gt;</a>&nbsp;&nbsp;&nbsp;USART_SendData
</UL>
<BR>[Called By]<UL><LI><a href="#[108]">&gt;&gt;</a>&nbsp;&nbsp;&nbsp;usart2_send_n
</UL>

<P><STRONG><a name="[108]"></a>usart2_send_n</STRONG> (Thumb, 40 bytes, Stack size 16 bytes, app_scan.o(i.usart2_send_n))
<BR><BR>[Stack]<UL><LI>Max Depth = 24<LI>Call Chain = usart2_send_n &rArr; usart2_send
</UL>
<BR>[Calls]<UL><LI><a href="#[132]">&gt;&gt;</a>&nbsp;&nbsp;&nbsp;USART_GetFlagStatus
<LI><a href="#[133]">&gt;&gt;</a>&nbsp;&nbsp;&nbsp;usart2_send
</UL>
<BR>[Called By]<UL><LI><a href="#[ec]">&gt;&gt;</a>&nbsp;&nbsp;&nbsp;Scan_Start
<LI><a href="#[109]">&gt;&gt;</a>&nbsp;&nbsp;&nbsp;scan_probe
</UL>

<P><STRONG><a name="[12b]"></a>usart2_set_baud</STRONG> (Thumb, 56 bytes, Stack size 24 bytes, app_scan.o(i.usart2_set_baud))
<BR><BR>[Stack]<UL><LI>Max Depth = 92<LI>Call Chain = usart2_set_baud &rArr; USART_Init &rArr; RCC_GetClocksFreq
</UL>
<BR>[Calls]<UL><LI><a href="#[b0]">&gt;&gt;</a>&nbsp;&nbsp;&nbsp;USART_Init
<LI><a href="#[b2]">&gt;&gt;</a>&nbsp;&nbsp;&nbsp;USART_Cmd
</UL>
<BR>[Called By]<UL><LI><a href="#[109]">&gt;&gt;</a>&nbsp;&nbsp;&nbsp;scan_probe
</UL>

<P><STRONG><a name="[135]"></a>usart3_send</STRONG> (Thumb, 28 bytes, Stack size 8 bytes, app_print.o(i.usart3_send))
<BR><BR>[Stack]<UL><LI>Max Depth = 8<LI>Call Chain = usart3_send
</UL>
<BR>[Calls]<UL><LI><a href="#[132]">&gt;&gt;</a>&nbsp;&nbsp;&nbsp;USART_GetFlagStatus
<LI><a href="#[134]">&gt;&gt;</a>&nbsp;&nbsp;&nbsp;USART_SendData
</UL>
<BR>[Called By]<UL><LI><a href="#[105]">&gt;&gt;</a>&nbsp;&nbsp;&nbsp;usart3_send_str
</UL>

<P><STRONG><a name="[105]"></a>usart3_send_str</STRONG> (Thumb, 22 bytes, Stack size 8 bytes, app_print.o(i.usart3_send_str))
<BR><BR>[Stack]<UL><LI>Max Depth = 16<LI>Call Chain = usart3_send_str &rArr; usart3_send
</UL>
<BR>[Calls]<UL><LI><a href="#[135]">&gt;&gt;</a>&nbsp;&nbsp;&nbsp;usart3_send
</UL>
<BR>[Called By]<UL><LI><a href="#[e6]">&gt;&gt;</a>&nbsp;&nbsp;&nbsp;Print_Run
</UL>

<P><STRONG><a name="[10d]"></a>TI1_Config</STRONG> (Thumb, 108 bytes, Stack size 20 bytes, stm32f10x_tim.o(i.TI1_Config))
<BR><BR>[Stack]<UL><LI>Max Depth = 20<LI>Call Chain = TI1_Config
</UL>
<BR>[Called By]<UL><LI><a href="#[a8]">&gt;&gt;</a>&nbsp;&nbsp;&nbsp;TIM_ICInit
</UL>

<P><STRONG><a name="[10f]"></a>TI2_Config</STRONG> (Thumb, 130 bytes, Stack size 20 bytes, stm32f10x_tim.o(i.TI2_Config))
<BR><BR>[Stack]<UL><LI>Max Depth = 20<LI>Call Chain = TI2_Config
</UL>
<BR>[Called By]<UL><LI><a href="#[a8]">&gt;&gt;</a>&nbsp;&nbsp;&nbsp;TIM_ICInit
</UL>

<P><STRONG><a name="[111]"></a>TI3_Config</STRONG> (Thumb, 122 bytes, Stack size 20 bytes, stm32f10x_tim.o(i.TI3_Config))
<BR><BR>[Stack]<UL><LI>Max Depth = 20<LI>Call Chain = TI3_Config
</UL>
<BR>[Called By]<UL><LI><a href="#[a8]">&gt;&gt;</a>&nbsp;&nbsp;&nbsp;TIM_ICInit
</UL>

<P><STRONG><a name="[113]"></a>TI4_Config</STRONG> (Thumb, 130 bytes, Stack size 20 bytes, stm32f10x_tim.o(i.TI4_Config))
<BR><BR>[Stack]<UL><LI>Max Depth = 20<LI>Call Chain = TI4_Config
</UL>
<BR>[Called By]<UL><LI><a href="#[a8]">&gt;&gt;</a>&nbsp;&nbsp;&nbsp;TIM_ICInit
</UL>
<P>
<H3>
Undefined Global Symbols
</H3><HR></body></html>
