<html>
<body>
<pre>
<h1>礦ision Build Log</h1>
<h2>Tool Versions:</h2>
IDE-Version: μVision V5.26.2.0
Copyright (C) 2018 ARM Ltd and ARM Germany GmbH. All rights reserved.
License Information: Zhang Tao Zhang Tao, Zhang Tao, LIC=WHYH9-41GD7-KPKZY-I1BGQ-47UGR-6FRXD
 
Tool Versions:
Toolchain:       MDK-ARM Plus  Version: 5.26.2.0
Toolchain Path:  C:\Keil_v5\ARM\ARMCC\Bin
C Compiler:      Armcc.exe V5.06 update 6 (build 750)
Assembler:       Armasm.exe V5.06 update 6 (build 750)
Linker/Locator:  ArmLink.exe V5.06 update 6 (build 750)
Library Manager: ArmAr.exe V5.06 update 6 (build 750)
Hex Converter:   FromElf.exe V5.06 update 6 (build 750)
CPU DLL:         SARMCM3.DLL V5.26.2.0
Dialog DLL:      DCM.DLL V1.17.2.0
Target DLL:      UL2CM3.DLL V1.161.6.0
Dialog DLL:      TCM.DLL V1.36.1.0
 
<h2>Project:</h2>
E:\Agent\Github_local\Tools\全自动工装\工装控制\USER\LED.uvprojx
Project File Date:  06/11/2026

<h2>Output:</h2>
*** Using Compiler 'V5.06 update 6 (build 750)', folder: 'C:\Keil_v5\ARM\ARMCC\Bin'
Build target 'LED'
compiling main.c...
main.c(447): warning:  #177-D: function "TMC_Diag_Show"  was declared but never referenced
  static void TMC_Diag_Show(void)
main.c: 1 warning, 0 errors
compiling app_oled.c...
..\HARDWARE\APP\app_oled.c(504): warning:  #177-D: function "fmt_amp"  was declared but never referenced
  static void fmt_amp(char *buf, uint8_t irun)
..\HARDWARE\APP\app_oled.c(642): warning:  #177-D: function "Draw_M_Card"  was declared but never referenced
  static void Draw_M_Card(uint8_t motor, uint8_t is_focused)
..\HARDWARE\APP\app_oled.c(677): warning:  #177-D: function "Draw_Right_Buttons"  was declared but never referenced
  static void Draw_Right_Buttons(HomeFocus focus)
..\HARDWARE\APP\app_oled.c(708): warning:  #177-D: function "Draw_Status_Bar"  was declared but never referenced
  static void Draw_Status_Bar(void)
..\HARDWARE\APP\app_oled.c(720): warning:  #177-D: function "Draw_Temp"  was declared but never referenced
  static void Draw_Temp(void)
..\HARDWARE\APP\app_oled.c: 5 warnings, 0 errors
linking...
Program Size: Code=18888 RO-data=3636 RW-data=180 ZI-data=2916  
FromELF: creating hex file...
"..\OBJ\LED.axf" - 0 Error(s), 6 Warning(s).

<h2>Software Packages used:</h2>

Package Vendor: Keil
                http://www.keil.com/pack/Keil.STM32F1xx_DFP.2.0.0.pack
                Keil.STM32F1xx_DFP.2.0.0
                STMicroelectronics STM32F1 Series Device Support, Drivers and Examples

<h2>Collection of Component include folders:</h2>
  .\RTE\_LED
  C:\Keil_v5\ARM\PACK\Keil\STM32F1xx_DFP\2.0.0\Device\Include

<h2>Collection of Component Files used:</h2>
Build Time Elapsed:  00:00:04
</pre>
</body>
</html>
